Archive member included because of file (symbol)

c:/program files (x86)/atmel/atmel toolchain/avr8 gcc/native/3.4.1056/avr8-gnu-toolchain/bin/../lib/gcc/avr/4.8.1/../../../../avr/lib/avrxmega7\libm.a(addsf3.o)
                              fft_memory.o (__subsf3)
c:/program files (x86)/atmel/atmel toolchain/avr8 gcc/native/3.4.1056/avr8-gnu-toolchain/bin/../lib/gcc/avr/4.8.1/../../../../avr/lib/avrxmega7\libm.a(addsf3x.o)
                              c:/program files (x86)/atmel/atmel toolchain/avr8 gcc/native/3.4.1056/avr8-gnu-toolchain/bin/../lib/gcc/avr/4.8.1/../../../../avr/lib/avrxmega7\libm.a(addsf3.o) (__addsf3x)
c:/program files (x86)/atmel/atmel toolchain/avr8 gcc/native/3.4.1056/avr8-gnu-toolchain/bin/../lib/gcc/avr/4.8.1/../../../../avr/lib/avrxmega7\libm.a(fixsfsi.o)
                              mainTask.o (__fixsfsi)
c:/program files (x86)/atmel/atmel toolchain/avr8 gcc/native/3.4.1056/avr8-gnu-toolchain/bin/../lib/gcc/avr/4.8.1/../../../../avr/lib/avrxmega7\libm.a(fixunssfsi.o)
                              c:/program files (x86)/atmel/atmel toolchain/avr8 gcc/native/3.4.1056/avr8-gnu-toolchain/bin/../lib/gcc/avr/4.8.1/../../../../avr/lib/avrxmega7\libm.a(fixsfsi.o) (__fixunssfsi)
c:/program files (x86)/atmel/atmel toolchain/avr8 gcc/native/3.4.1056/avr8-gnu-toolchain/bin/../lib/gcc/avr/4.8.1/../../../../avr/lib/avrxmega7\libm.a(floatsisf.o)
                              fft_memory.o (__floatsisf)
c:/program files (x86)/atmel/atmel toolchain/avr8 gcc/native/3.4.1056/avr8-gnu-toolchain/bin/../lib/gcc/avr/4.8.1/../../../../avr/lib/avrxmega7\libm.a(fp_inf.o)
                              c:/program files (x86)/atmel/atmel toolchain/avr8 gcc/native/3.4.1056/avr8-gnu-toolchain/bin/../lib/gcc/avr/4.8.1/../../../../avr/lib/avrxmega7\libm.a(addsf3x.o) (__fp_inf)
c:/program files (x86)/atmel/atmel toolchain/avr8 gcc/native/3.4.1056/avr8-gnu-toolchain/bin/../lib/gcc/avr/4.8.1/../../../../avr/lib/avrxmega7\libm.a(fp_nan.o)
                              c:/program files (x86)/atmel/atmel toolchain/avr8 gcc/native/3.4.1056/avr8-gnu-toolchain/bin/../lib/gcc/avr/4.8.1/../../../../avr/lib/avrxmega7\libm.a(addsf3x.o) (__fp_nan)
c:/program files (x86)/atmel/atmel toolchain/avr8 gcc/native/3.4.1056/avr8-gnu-toolchain/bin/../lib/gcc/avr/4.8.1/../../../../avr/lib/avrxmega7\libm.a(fp_pscA.o)
                              c:/program files (x86)/atmel/atmel toolchain/avr8 gcc/native/3.4.1056/avr8-gnu-toolchain/bin/../lib/gcc/avr/4.8.1/../../../../avr/lib/avrxmega7\libm.a(addsf3x.o) (__fp_pscA)
c:/program files (x86)/atmel/atmel toolchain/avr8 gcc/native/3.4.1056/avr8-gnu-toolchain/bin/../lib/gcc/avr/4.8.1/../../../../avr/lib/avrxmega7\libm.a(fp_pscB.o)
                              c:/program files (x86)/atmel/atmel toolchain/avr8 gcc/native/3.4.1056/avr8-gnu-toolchain/bin/../lib/gcc/avr/4.8.1/../../../../avr/lib/avrxmega7\libm.a(addsf3x.o) (__fp_pscB)
c:/program files (x86)/atmel/atmel toolchain/avr8 gcc/native/3.4.1056/avr8-gnu-toolchain/bin/../lib/gcc/avr/4.8.1/../../../../avr/lib/avrxmega7\libm.a(fp_round.o)
                              c:/program files (x86)/atmel/atmel toolchain/avr8 gcc/native/3.4.1056/avr8-gnu-toolchain/bin/../lib/gcc/avr/4.8.1/../../../../avr/lib/avrxmega7\libm.a(addsf3.o) (__fp_round)
c:/program files (x86)/atmel/atmel toolchain/avr8 gcc/native/3.4.1056/avr8-gnu-toolchain/bin/../lib/gcc/avr/4.8.1/../../../../avr/lib/avrxmega7\libm.a(fp_split3.o)
                              c:/program files (x86)/atmel/atmel toolchain/avr8 gcc/native/3.4.1056/avr8-gnu-toolchain/bin/../lib/gcc/avr/4.8.1/../../../../avr/lib/avrxmega7\libm.a(addsf3x.o) (__fp_split3)
c:/program files (x86)/atmel/atmel toolchain/avr8 gcc/native/3.4.1056/avr8-gnu-toolchain/bin/../lib/gcc/avr/4.8.1/../../../../avr/lib/avrxmega7\libm.a(fp_zero.o)
                              c:/program files (x86)/atmel/atmel toolchain/avr8 gcc/native/3.4.1056/avr8-gnu-toolchain/bin/../lib/gcc/avr/4.8.1/../../../../avr/lib/avrxmega7\libm.a(addsf3x.o) (__fp_zero)
c:/program files (x86)/atmel/atmel toolchain/avr8 gcc/native/3.4.1056/avr8-gnu-toolchain/bin/../lib/gcc/avr/4.8.1/../../../../avr/lib/avrxmega7\libm.a(log.o)
                              mainTask.o (log)
c:/program files (x86)/atmel/atmel toolchain/avr8 gcc/native/3.4.1056/avr8-gnu-toolchain/bin/../lib/gcc/avr/4.8.1/../../../../avr/lib/avrxmega7\libm.a(mulsf3.o)
                              fft_memory.o (__mulsf3)
c:/program files (x86)/atmel/atmel toolchain/avr8 gcc/native/3.4.1056/avr8-gnu-toolchain/bin/../lib/gcc/avr/4.8.1/../../../../avr/lib/avrxmega7\libm.a(mulsf3x.o)
                              c:/program files (x86)/atmel/atmel toolchain/avr8 gcc/native/3.4.1056/avr8-gnu-toolchain/bin/../lib/gcc/avr/4.8.1/../../../../avr/lib/avrxmega7\libm.a(log.o) (__mulsf3x)
c:/program files (x86)/atmel/atmel toolchain/avr8 gcc/native/3.4.1056/avr8-gnu-toolchain/bin/../lib/gcc/avr/4.8.1/../../../../avr/lib/avrxmega7\libm.a(fp_mpack.o)
[...]
Memory Configuration

Name             Origin             Length             Attributes
text             0x00000000         0x00100000         xr
data             0x00802000         0x0000ffa0         rw !x
eeprom           0x00810000         0x00010000         rw !x
fuse             0x00820000         0x00000400         rw !x
lock             0x00830000         0x00000400         rw !x
signature        0x00840000         0x00000400         rw !x
user_signatures  0x00850000         0x00000400         rw !x
*default*        0x00000000         0xffffffff

Linker script and memory map

LOAD c:/program files (x86)/atmel/atmel toolchain/avr8 gcc/native/3.4.1056/avr8-gnu-toolchain/bin/../lib/gcc/avr/4.8.1/../../../../avr/lib/avrxmega7/crtx128a4u.o
LOAD cspTask.o
LOAD csp_interface.o
LOAD fft_memory.o
LOAD FreeRTOS/Port/heap_1.o
LOAD FreeRTOS/Port/port.o
LOAD FreeRTOS/Source/croutine.o
LOAD FreeRTOS/Source/event_groups.o
LOAD FreeRTOS/Source/list.o
LOAD FreeRTOS/Source/queue.o
LOAD FreeRTOS/Source/tasks.o
LOAD FreeRTOS/Source/timers.o
LOAD libscp/src/arch/freertos/csp_clock.o
LOAD libscp/src/arch/freertos/csp_malloc.o
LOAD libscp/src/arch/freertos/csp_queue.o
LOAD libscp/src/arch/freertos/csp_semaphore.o
LOAD libscp/src/arch/freertos/csp_system.o
LOAD libscp/src/arch/freertos/csp_thread.o
LOAD libscp/src/arch/freertos/csp_time.o
LOAD libscp/src/crypto/csp_hmac.o
LOAD libscp/src/crypto/csp_sha1.o
LOAD libscp/src/crypto/csp_xtea.o
LOAD libscp/src/csp_buffer.o
LOAD libscp/src/csp_conn.o
LOAD libscp/src/csp_crc32.o
LOAD libscp/src/csp_debug.o
LOAD libscp/src/csp_endian.o
LOAD libscp/src/csp_io.o
LOAD libscp/src/csp_port.o
LOAD libscp/src/csp_route.o
LOAD libscp/src/csp_services.o
LOAD libscp/src/csp_service_handler.o
LOAD libscp/src/csp_sfp.o
LOAD libscp/src/interfaces/csp_if_can.o
LOAD libscp/src/interfaces/csp_if_i2c.o
LOAD libscp/src/interfaces/csp_if_kiss.o
LOAD libscp/src/interfaces/csp_if_lo.o
LOAD libscp/src/transport/csp_rdp.o
LOAD libscp/src/transport/csp_udp.o
LOAD main.o
LOAD mainTask.o
LOAD MyDrivers/ADT7420.o
LOAD MyDrivers/clksys_driver.o
LOAD MyDrivers/pmic_driver.o
LOAD MyDrivers/port_driver.o
LOAD MyDrivers/TC_driver.o
LOAD MyDrivers/twi_master_driver.o
LOAD MyDrivers/twi_slave_driver.o
LOAD MyDrivers/usart_driver_RTOS.o
LOAD spi_memory_23lcxx.o
LOAD src/ASF/common/services/sleepmgr/xmega/sleepmgr.o
LOAD src/ASF/common/services/spi/xmega_spi/spi_master.o
LOAD src/ASF/xmega/drivers/adc/adc.o
LOAD src/ASF/xmega/drivers/adc/xmega_aau/adc_aau.o
LOAD src/ASF/xmega/drivers/spi/spi.o
LOAD system.o
LOAD src/ASF/common/services/clock/xmega/sysclk.o
LOAD src/ASF/common/services/ioport/xmega/ioport_compat.o
LOAD src/ASF/xmega/drivers/nvm/nvm.o
LOAD src/ASF/xmega/drivers/nvm/nvm_asm.o
LOAD src/ASF/xmega/drivers/cpu/ccp.o
START GROUP
LOAD c:/program files (x86)/atmel/atmel toolchain/avr8 gcc/native/3.4.1056/avr8-gnu-toolchain/bin/../lib/gcc/avr/4.8.1/../../../../avr/lib/avrxmega7\libm.a
LOAD c:/program files (x86)/atmel/atmel toolchain/avr8 gcc/native/3.4.1056/avr8-gnu-toolchain/bin/../lib/gcc/avr/4.8.1/../../../../avr/lib/avrxmega7\libprintf_flt.a
END GROUP
START GROUP
LOAD c:/program files (x86)/atmel/atmel toolchain/avr8 gcc/native/3.4.1056/avr8-gnu-toolchain/bin/../lib/gcc/avr/4.8.1/avrxmega7\libgcc.a
LOAD c:/program files (x86)/atmel/atmel toolchain/avr8 gcc/native/3.4.1056/avr8-gnu-toolchain/bin/../lib/gcc/avr/4.8.1/../../../../avr/lib/avrxmega7\libm.a
LOAD c:/program files (x86)/atmel/atmel toolchain/avr8 gcc/native/3.4.1056/avr8-gnu-toolchain/bin/../lib/gcc/avr/4.8.1/../../../../avr/lib/avrxmega7\libc.a
END GROUP

.hash
 *(.hash)

.dynsym
 *(.dynsym)

.dynstr
 *(.dynstr)

.gnu.version
 *(.gnu.version)

.gnu.version_d
 *(.gnu.version_d)

.gnu.version_r
 *(.gnu.version_r)

.rel.init
 *(.rel.init)

.rela.init
 *(.rela.init)

.rel.text
 *(.rel.text)
 *(.rel.text.*)
 *(.rel.gnu.linkonce.t*)

.rela.text
 *(.rela.text)
 *(.rela.text.*)
 *(.rela.gnu.linkonce.t*)

.rel.fini
 *(.rel.fini)

.rela.fini
 *(.rela.fini)

.rel.rodata
 *(.rel.rodata)
 *(.rel.rodata.*)
 *(.rel.gnu.linkonce.r*)

.rela.rodata
 *(.rela.rodata)
 *(.rela.rodata.*)
 *(.rela.gnu.linkonce.r*)

.rel.data
 *(.rel.data)
 *(.rel.data.*)
 *(.rel.gnu.linkonce.d*)

.rela.data
 *(.rela.data)
 *(.rela.data.*)
 *(.rela.gnu.linkonce.d*)

.rel.ctors
 *(.rel.ctors)

.rela.ctors
 *(.rela.ctors)

.rel.dtors
 *(.rel.dtors)

.rela.dtors
 *(.rela.dtors)

.rel.got
 *(.rel.got)

.rela.got
 *(.rela.got)

.rel.bss
 *(.rel.bss)

.rela.bss
 *(.rela.bss)

.rel.plt
 *(.rel.plt)

.rela.plt
 *(.rela.plt)

.text           0x00000000     0x84f6
 *(.vectors)
 .vectors       0x00000000      0x1fc c:/program files (x86)/atmel/atmel toolchain/avr8 gcc/native/3.4.1056/avr8-gnu-toolchain/bin/../lib/gcc/avr/4.8.1/../../../../avr/lib/avrxmega7/crtx128a4u.o
                0x00000000                __vector_default
                0x00000000                __vectors
 *(.vectors)
 *(.progmem.gcc*)
 .progmem.gcc_sw_table.cspTask
                0x000001fc       0x10 cspTask.o
 .progmem.gcc_sw_table.prvTimerTask
                0x0000020c       0x14 FreeRTOS/Source/timers.o
 .progmem.gcc_sw_table.csp_service_handler
                0x00000220        0xe libscp/src/csp_service_handler.o
 .progmem.gcc_fplib
                0x0000022e       0x5a c:/program files (x86)/atmel/atmel toolchain/avr8 gcc/native/3.4.1056/avr8-gnu-toolchain/bin/../lib/gcc/avr/4.8.1/../../../../avr/lib/avrxmega7\libm.a(log.o)
                0x00000288                . = ALIGN (0x2)
                0x00000288                __trampolines_start = .
 *(.trampolines)
 .trampolines   0x00000288        0x0 linker stubs
 *(.trampolines*)
                0x00000288                __trampolines_end = .
 *(.progmem*)
 .progmem.data.bitrev
                0x00000288      0x400 fft_memory.o
                0x00000288                bitrev
 .progmem.data.sincos
                0x00000688      0x808 fft_memory.o
                0x00000688                sincos
 .progmem.data.crc_tab
                0x00000e90      0x400 libscp/src/csp_crc32.o
 .progmem.data  0x00001290        0x8 c:/program files (x86)/atmel/atmel toolchain/avr8 gcc/native/3.4.1056/avr8-gnu-toolchain/bin/../lib/gcc/avr/4.8.1/../../../../avr/lib/avrxmega7\libprintf_flt.a(vfprintf_flt.o)
 .progmem.data  0x00001298       0xfa c:/program files (x86)/atmel/atmel toolchain/avr8 gcc/native/3.4.1056/avr8-gnu-toolchain/bin/../lib/gcc/avr/4.8.1/../../../../avr/lib/avrxmega7\libc.a(ftoa_engine.o)
                0x00001392                . = ALIGN (0x2)
 *(.jumptables)
 *(.jumptables*)
 *(.lowtext)
 *(.lowtext*)
                0x00001392                __ctors_start = .
 *(.ctors)
                0x00001392                __ctors_end = .
                0x00001392                __dtors_start = .
 *(.dtors)
                0x00001392                __dtors_end = .
 SORT(*)(.ctors)
 SORT(*)(.dtors)
 *(.init0)
 .init0         0x00001392        0x0 c:/program files (x86)/atmel/atmel toolchain/avr8 gcc/native/3.4.1056/avr8-gnu-toolchain/bin/../lib/gcc/avr/4.8.1/../../../../avr/lib/avrxmega7/crtx128a4u.o
                0x00001392                __init
 *(.init0)
 *(.init1)
 *(.init1)
 *(.init2)
 .init2         0x00001392       0x18 c:/program files (x86)/atmel/atmel toolchain/avr8 gcc/native/3.4.1056/avr8-gnu-toolchain/bin/../lib/gcc/avr/4.8.1/../../../../avr/lib/avrxmega7/crtx128a4u.o
 *(.init2)
 *(.init3)
 *(.init3)
 *(.init4)
 .init4         0x000013aa       0x1c c:/program files (x86)/atmel/atmel toolchain/avr8 gcc/native/3.4.1056/avr8-gnu-toolchain/bin/../lib/gcc/avr/4.8.1/avrxmega7\libgcc.a(_copy_data.o)
                0x000013aa                __do_copy_data
 .init4         0x000013c6       0x10 c:/program files (x86)/atmel/atmel toolchain/avr8 gcc/native/3.4.1056/avr8-gnu-toolchain/bin/../lib/gcc/avr/4.8.1/avrxmega7\libgcc.a(_clear_bss.o)
                0x000013c6                __do_clear_bss
 *(.init4)
 *(.init5)
 *(.init5)
 *(.init6)
 *(.init6)
 *(.init7)
 *(.init7)
 *(.init8)
 *(.init8)
 *(.init9)
 .init9         0x000013d6        0x8 c:/program files (x86)/atmel/atmel toolchain/avr8 gcc/native/3.4.1056/avr8-gnu-toolchain/bin/../lib/gcc/avr/4.8.1/../../../../avr/lib/avrxmega7/crtx128a4u.o
 *(.init9)
 *(.text)
 .text          0x000013de        0x4 c:/program files (x86)/atmel/atmel toolchain/avr8 gcc/native/3.4.1056/avr8-gnu-toolchain/bin/../lib/gcc/avr/4.8.1/../../../../avr/lib/avrxmega7/crtx128a4u.o
                0x000013de                __vector_38
                0x000013de                __vector_104
                0x000013de                __vector_22
                0x000013de                __vector_63
                0x000013de                __vector_28
                0x000013de                __vector_67
                0x000013de                __vector_1
                0x000013de                __vector_119
                0x000013de                __vector_32
                0x000013de                __vector_75
                0x000013de                __vector_91
                0x000013de                __vector_34
                0x000013de                __vector_62
                0x000013de                __vector_102
                0x000013de                __vector_24
                0x000013de                __vector_12
                0x000013de                __vector_55
                0x000013de                __vector_69
                0x000013de                __vector_81
                0x000013de                __vector_90
                0x000013de                __bad_interrupt
                0x000013de                __vector_122
                0x000013de                __vector_114
                0x000013de                __vector_6
                0x000013de                __vector_110
                0x000013de                __vector_31
                0x000013de                __vector_92
                0x000013de                __vector_35
                0x000013de                __vector_78
                0x000013de                __vector_117
                0x000013de                __vector_39
                0x000013de                __vector_107
                0x000013de                __vector_3
                0x000013de                __vector_105
                0x000013de                __vector_98
                0x000013de                __vector_23
                0x000013de                __vector_68
                0x000013de                __vector_30
                0x000013de                __vector_93
                0x000013de                __vector_61
                0x000013de                __vector_11
                0x000013de                __vector_54
                0x000013de                __vector_99
                0x000013de                __vector_17
                0x000013de                __vector_19
                0x000013de                __vector_56
                0x000013de                __vector_7
                0x000013de                __vector_125
                0x000013de                __vector_49
                0x000013de                __vector_123
                0x000013de                __vector_41
                0x000013de                __vector_86
                0x000013de                __vector_100
                0x000013de                __vector_101
                0x000013de                __vector_64
                0x000013de                __vector_109
                0x000013de                __vector_43
                0x000013de                __vector_27
                0x000013de                __vector_5
                0x000013de                __vector_113
                0x000013de                __vector_33
                0x000013de                __vector_76
                0x000013de                __vector_115
                0x000013de                __vector_47
                0x000013de                __vector_52
                0x000013de                __vector_37
                0x000013de                __vector_95
                0x000013de                __vector_103
                0x000013de                __vector_96
                0x000013de                __vector_108
                0x000013de                __vector_4
                0x000013de                __vector_44
                0x000013de                __vector_82
                0x000013de                __vector_106
                0x000013de                __vector_118
                0x000013de                __vector_51
                0x000013de                __vector_9
                0x000013de                __vector_2
                0x000013de                __vector_21
                0x000013de                __vector_15
                0x000013de                __vector_66
                0x000013de                __vector_36
                0x000013de                __vector_79
                0x000013de                __vector_70
                0x000013de                __vector_83
                0x000013de                __vector_29
                0x000013de                __vector_60
                0x000013de                __vector_121
                0x000013de                __vector_40
                0x000013de                __vector_85
                0x000013de                __vector_94
                0x000013de                __vector_126
                0x000013de                __vector_8
                0x000013de                __vector_48
                0x000013de                __vector_124
                0x000013de                __vector_116
                0x000013de                __vector_112
                0x000013de                __vector_111
                0x000013de                __vector_80
                0x000013de                __vector_84
                0x000013de                __vector_57
                0x000013de                __vector_53
                0x000013de                __vector_10
                0x000013de                __vector_50
                0x000013de                __vector_16
                0x000013de                __vector_18
                0x000013de                __vector_97
                0x000013de                __vector_42
                0x000013de                __vector_87
                0x000013de                __vector_65
                0x000013de                __vector_120
                0x000013e2                . = ALIGN (0x2)
 *(.text.*)
 .text.cspTask  0x000013e2      0x1a2 cspTask.o
                0x000013e2                cspTask
 .text.TWI_CSP_SlaveProcessData
                0x00001584       0x78 csp_interface.o
                0x00001584                TWI_CSP_SlaveProcessData
 .text.i2c_init
                0x000015fc       0x46 csp_interface.o
                0x000015fc                i2c_init
 .text.i2c_send
                0x00001642       0x24 csp_interface.o
                0x00001642                i2c_send
 .text.clock_get_time
                0x00001666        0x2 csp_interface.o
                0x00001666                clock_get_time
 .text.clock_set_time
                0x00001668        0x2 csp_interface.o
                0x00001668                clock_set_time
 .text.__vector_46
                0x0000166a       0x6a csp_interface.o
                0x0000166a                __vector_46
 .text.__vector_45
                0x000016d4       0x6a csp_interface.o
                0x000016d4                __vector_45
 .text.decimate_and_store
                0x0000173e      0x128 fft_memory.o
                0x0000173e                decimate_and_store
 .text.FFT_calculate
                0x00001866      0x41c fft_memory.o
                0x00001866                FFT_calculate
 .text.pvPortMalloc
                0x00001c82       0x4a FreeRTOS/Port/heap_1.o
                0x00001c82                pvPortMalloc
 .text.vPortFree
                0x00001ccc        0x2 FreeRTOS/Port/heap_1.o
                0x00001ccc                vPortFree
 .text.pxPortInitialiseStack
                0x00001cce       0xdc FreeRTOS/Port/port.o
                0x00001cce                pxPortInitialiseStack
 .text.xPortStartScheduler
                0x00001daa       0x84 FreeRTOS/Port/port.o
                0x00001daa                xPortStartScheduler
 .text.vPortYield
                0x00001e2e       0xb2 FreeRTOS/Port/port.o
                0x00001e2e                vPortYield
 .text.__vector_14
                0x00001ee0       0xb4 FreeRTOS/Port/port.o
                0x00001ee0                __vector_14
 .text.vListInitialise
                0x00001f94       0x1c FreeRTOS/Source/list.o
                0x00001f94                vListInitialise
 .text.vListInitialiseItem
                0x00001fb0        0x8 FreeRTOS/Source/list.o
                0x00001fb0                vListInitialiseItem
 .text.vListInsertEnd
                0x00001fb8       0x42 FreeRTOS/Source/list.o
                0x00001fb8                vListInsertEnd
 .text.vListInsert
                0x00001ffa       0x62 FreeRTOS/Source/list.o
                0x00001ffa                vListInsert
 .text.uxListRemove
                0x0000205c       0x4c FreeRTOS/Source/list.o
                0x0000205c                uxListRemove
 .text.prvCopyDataToQueue
                0x000020a8       0xc4 FreeRTOS/Source/queue.o
 .text.prvCopyDataFromQueue
                0x0000216c       0x34 FreeRTOS/Source/queue.o
 .text.prvUnlockQueue
                0x000021a0       0x92 FreeRTOS/Source/queue.o
 .text.xQueueGenericReset
                0x00002232       0x72 FreeRTOS/Source/queue.o
                0x00002232                xQueueGenericReset
 .text.xQueueGenericCreate
                0x000022a4       0x5e FreeRTOS/Source/queue.o
                0x000022a4                xQueueGenericCreate
 .text.xQueueGenericSend
                0x00002302      0x11c FreeRTOS/Source/queue.o
                0x00002302                xQueueGenericSend
 .text.xQueueCreateMutex
                0x0000241e       0x58 FreeRTOS/Source/queue.o
                0x0000241e                xQueueCreateMutex
 .text.xQueueGenericSendFromISR
                0x00002476       0x64 FreeRTOS/Source/queue.o
                0x00002476                xQueueGenericSendFromISR
 .text.xQueueGenericReceive
                0x000024da      0x15e FreeRTOS/Source/queue.o
                0x000024da                xQueueGenericReceive
 .text.xQueueReceiveFromISR
                0x00002638       0x62 FreeRTOS/Source/queue.o
                0x00002638                xQueueReceiveFromISR
 .text.uxQueueMessagesWaiting
                0x0000269a       0x10 FreeRTOS/Source/queue.o
                0x0000269a                uxQueueMessagesWaiting
 .text.vQueueAddToRegistry
                0x000026aa       0x4e FreeRTOS/Source/queue.o
                0x000026aa                vQueueAddToRegistry
 .text.vQueueWaitForMessageRestricted
                0x000026f8       0x36 FreeRTOS/Source/queue.o
                0x000026f8                vQueueWaitForMessageRestricted
 .text.prvListTaskWithinSingleList
                0x0000272e      0x164 FreeRTOS/Source/tasks.o
 .text.prvResetNextTaskUnblockTime
                0x00002892       0x3e FreeRTOS/Source/tasks.o
 .text.prvAddCurrentTaskToDelayedList
                0x000028d0       0x6a FreeRTOS/Source/tasks.o
 .text.xTaskGenericCreate
                0x0000293a      0x226 FreeRTOS/Source/tasks.o
                0x0000293a                xTaskGenericCreate
 .text.vTaskDelete
                0x00002b60       0x84 FreeRTOS/Source/tasks.o
                0x00002b60                vTaskDelete
 .text.vTaskStartScheduler
                0x00002be4       0x58 FreeRTOS/Source/tasks.o
                0x00002be4                vTaskStartScheduler
 .text.vTaskSuspendAll
                0x00002c3c        0xc FreeRTOS/Source/tasks.o
                0x00002c3c                vTaskSuspendAll
 .text.xTaskGetTickCount
                0x00002c48       0x14 FreeRTOS/Source/tasks.o
                0x00002c48                xTaskGetTickCount
 .text.uxTaskGetNumberOfTasks
                0x00002c5c        0x6 FreeRTOS/Source/tasks.o
                0x00002c5c                uxTaskGetNumberOfTasks
 .text.xTaskIncrementTick
                0x00002c62      0x140 FreeRTOS/Source/tasks.o
                0x00002c62                xTaskIncrementTick
 .text.xTaskResumeAll
                0x00002da2       0xfe FreeRTOS/Source/tasks.o
                0x00002da2                xTaskResumeAll
 .text.vTaskDelay
                0x00002ea0       0x38 FreeRTOS/Source/tasks.o
                0x00002ea0                vTaskDelay
 .text.prvIdleTask
                0x00002ed8       0x72 FreeRTOS/Source/tasks.o
 .text.uxTaskGetSystemState
                0x00002f4a      0x144 FreeRTOS/Source/tasks.o
                0x00002f4a                uxTaskGetSystemState
 .text.vTaskSwitchContext
                0x0000308e       0xbc FreeRTOS/Source/tasks.o
                0x0000308e                vTaskSwitchContext
 .text.vTaskPlaceOnEventList
                0x0000314a       0x56 FreeRTOS/Source/tasks.o
                0x0000314a                vTaskPlaceOnEventList
 .text.vTaskPlaceOnEventListRestricted
                0x000031a0       0x38 FreeRTOS/Source/tasks.o
                0x000031a0                vTaskPlaceOnEventListRestricted
 .text.xTaskRemoveFromEventList
                0x000031d8       0x90 FreeRTOS/Source/tasks.o
                0x000031d8                xTaskRemoveFromEventList
 .text.vTaskSetTimeOutState
                0x00003268       0x16 FreeRTOS/Source/tasks.o
                0x00003268                vTaskSetTimeOutState
 .text.xTaskCheckForTimeOut
                0x0000327e       0x70 FreeRTOS/Source/tasks.o
                0x0000327e                xTaskCheckForTimeOut
 .text.vTaskMissedYield
                0x000032ee        0x8 FreeRTOS/Source/tasks.o
                0x000032ee                vTaskMissedYield
 .text.xTaskGetSchedulerState
                0x000032f6       0x1c FreeRTOS/Source/tasks.o
                0x000032f6                xTaskGetSchedulerState
 .text.vTaskPriorityInherit
                0x00003312       0xbc FreeRTOS/Source/tasks.o
                0x00003312                vTaskPriorityInherit
 .text.xTaskPriorityDisinherit
                0x000033ce       0x7e FreeRTOS/Source/tasks.o
                0x000033ce                xTaskPriorityDisinherit
 .text.vTaskList
                0x0000344c      0x200 FreeRTOS/Source/tasks.o
                0x0000344c                vTaskList
 .text.pvTaskIncrementMutexHeldCount
                0x0000364c       0x24 FreeRTOS/Source/tasks.o
                0x0000364c                pvTaskIncrementMutexHeldCount
 .text.prvInsertTimerInActiveList
                0x00003670       0x5e FreeRTOS/Source/timers.o
 .text.prvCheckForValidListAndQueue
                0x000036ce       0x5e FreeRTOS/Source/timers.o
 .text.xTimerCreateTimerTask
                0x0000372c       0x50 FreeRTOS/Source/timers.o
                0x0000372c                xTimerCreateTimerTask
 .text.xTimerGenericCommand
                0x0000377c       0x8a FreeRTOS/Source/timers.o
                0x0000377c                xTimerGenericCommand
 .text.prvSampleTimeNow
                0x00003806       0xdc FreeRTOS/Source/timers.o
 .text.prvTimerTask
                0x000038e2      0x19c FreeRTOS/Source/timers.o
 .text.csp_malloc
                0x00003a7e        0x6 libscp/src/arch/freertos/csp_malloc.o
                0x00003a7e                csp_malloc
 .text.csp_free
                0x00003a84        0x6 libscp/src/arch/freertos/csp_malloc.o
                0x00003a84                csp_free
 .text.csp_queue_create
                0x00003a8a        0x8 libscp/src/arch/freertos/csp_queue.o
                0x00003a8a                csp_queue_create
 .text.csp_queue_enqueue
                0x00003a92       0x26 libscp/src/arch/freertos/csp_queue.o
                0x00003a92                csp_queue_enqueue
 .text.csp_queue_enqueue_isr
                0x00003ab8        0xa libscp/src/arch/freertos/csp_queue.o
                0x00003ab8                csp_queue_enqueue_isr
 .text.csp_queue_dequeue
                0x00003ac2       0x26 libscp/src/arch/freertos/csp_queue.o
                0x00003ac2                csp_queue_dequeue
 .text.csp_queue_size
                0x00003ae8        0x8 libscp/src/arch/freertos/csp_queue.o
                0x00003ae8                csp_queue_size
 .text.csp_mutex_create
                0x00003af0       0x24 libscp/src/arch/freertos/csp_semaphore.o
                0x00003af0                csp_mutex_create
 .text.csp_bin_sem_create
                0x00003b14       0x30 libscp/src/arch/freertos/csp_semaphore.o
                0x00003b14                csp_bin_sem_create
 .text.csp_bin_sem_wait
                0x00003b44       0x34 libscp/src/arch/freertos/csp_semaphore.o
                0x00003b44                csp_bin_sem_wait
 .text.csp_bin_sem_post
                0x00003b78       0x24 libscp/src/arch/freertos/csp_semaphore.o
                0x00003b78                csp_bin_sem_post
 .text.csp_sys_tasklist
                0x00003b9c        0x8 libscp/src/arch/freertos/csp_system.o
                0x00003b9c                csp_sys_tasklist
 .text.csp_sys_tasklist_size
                0x00003ba4        0xc libscp/src/arch/freertos/csp_system.o
                0x00003ba4                csp_sys_tasklist_size
 .text.csp_sys_memfree
                0x00003bb0       0xae libscp/src/arch/freertos/csp_system.o
                0x00003bb0                csp_sys_memfree
 .text.csp_sys_reboot
                0x00003c5e       0x24 libscp/src/arch/freertos/csp_system.o
                0x00003c5e                csp_sys_reboot
 .text.csp_thread_create
                0x00003c82       0x3e libscp/src/arch/freertos/csp_thread.o
                0x00003c82                csp_thread_create
 .text.csp_get_ms
                0x00003cc0       0x10 libscp/src/arch/freertos/csp_time.o
                0x00003cc0                csp_get_ms
 .text.csp_get_s
                0x00003cd0       0x2a libscp/src/arch/freertos/csp_time.o
                0x00003cd0                csp_get_s
 .text.csp_buffer_init
                0x00003cfa      0x114 libscp/src/csp_buffer.o
                0x00003cfa                csp_buffer_init
 .text.csp_buffer_get
                0x00003e0e       0x74 libscp/src/csp_buffer.o
                0x00003e0e                csp_buffer_get
 .text.csp_buffer_free_isr
                0x00003e82       0x70 libscp/src/csp_buffer.o
                0x00003e82                csp_buffer_free_isr
 .text.csp_buffer_free
                0x00003ef2       0x6e libscp/src/csp_buffer.o
                0x00003ef2                csp_buffer_free
 .text.csp_buffer_remaining
                0x00003f60        0xc libscp/src/csp_buffer.o
                0x00003f60                csp_buffer_remaining
 .text.csp_conn_enqueue_packet
                0x00003f6c       0x4c libscp/src/csp_conn.o
                0x00003f6c                csp_conn_enqueue_packet
 .text.csp_conn_init
                0x00003fb8       0x94 libscp/src/csp_conn.o
                0x00003fb8                csp_conn_init
 .text.csp_conn_find
                0x0000404c       0x6c libscp/src/csp_conn.o
                0x0000404c                csp_conn_find
 .text.csp_conn_flush_rx_queue
                0x000040b8       0x48 libscp/src/csp_conn.o
                0x000040b8                csp_conn_flush_rx_queue
 .text.csp_conn_allocate
                0x00004100       0xcc libscp/src/csp_conn.o
                0x00004100                csp_conn_allocate
 .text.csp_conn_new
                0x000041cc       0x5c libscp/src/csp_conn.o
                0x000041cc                csp_conn_new
 .text.csp_close
                0x00004228       0x4a libscp/src/csp_conn.o
                0x00004228                csp_close
 .text.csp_conn_dport
                0x00004272       0x1a libscp/src/csp_conn.o
                0x00004272                csp_conn_dport
 .text.csp_crc32_memory
                0x0000428c       0xa4 libscp/src/csp_crc32.o
                0x0000428c                csp_crc32_memory
 .text.csp_crc32_append
                0x00004330       0x42 libscp/src/csp_crc32.o
                0x00004330                csp_crc32_append
 .text.csp_crc32_verify
                0x00004372       0x92 libscp/src/csp_crc32.o
                0x00004372                csp_crc32_verify
 .text.csp_hton32
                0x00004404       0x6a libscp/src/csp_endian.o
                0x00004404                csp_hton32
 .text.csp_ntoh32
                0x0000446e       0x6a libscp/src/csp_endian.o
                0x0000446e                csp_ntoh32
 .text.csp_get_hostname
                0x000044d8        0xa libscp/src/csp_io.o
                0x000044d8                csp_get_hostname
 .text.csp_get_model
                0x000044e2        0xa libscp/src/csp_io.o
                0x000044e2                csp_get_model
 .text.csp_init
                0x000044ec       0x20 libscp/src/csp_io.o
                0x000044ec                csp_init
 .text.csp_socket
                0x0000450c       0x8c libscp/src/csp_io.o
                0x0000450c                csp_socket
 .text.csp_accept
                0x00004598       0x4a libscp/src/csp_io.o
                0x00004598                csp_accept
 .text.csp_read
                0x000045e2       0x50 libscp/src/csp_io.o
                0x000045e2                csp_read
 .text.csp_send_direct
                0x00004632      0x154 libscp/src/csp_io.o
                0x00004632                csp_send_direct
 .text.csp_send
                0x00004786       0x54 libscp/src/csp_io.o
                0x00004786                csp_send
 .text.csp_sendto
                0x000047da       0xe2 libscp/src/csp_io.o
                0x000047da                csp_sendto
 .text.csp_port_get_socket
                0x000048bc       0x4e libscp/src/csp_port.o
                0x000048bc                csp_port_get_socket
 .text.csp_port_init
                0x0000490a       0x14 libscp/src/csp_port.o
                0x0000490a                csp_port_init
 .text.csp_listen
                0x0000491e       0x36 libscp/src/csp_port.o
                0x0000491e                csp_listen
 .text.csp_bind
                0x00004954       0x4e libscp/src/csp_port.o
                0x00004954                csp_bind
 .text.csp_route_security_check
                0x000049a2       0x8a libscp/src/csp_route.o
 .text.csp_route_next_packet
                0x00004a2c       0x24 libscp/src/csp_route.o
                0x00004a2c                csp_route_next_packet
 .text.csp_route_start_task
                0x00004a50       0x44 libscp/src/csp_route.o
                0x00004a50                csp_route_start_task
 .text.csp_route_get_if_by_name
                0x00004a94       0x3e libscp/src/csp_route.o
                0x00004a94                csp_route_get_if_by_name
 .text.csp_route_add_if
                0x00004ad2       0x52 libscp/src/csp_route.o
                0x00004ad2                csp_route_add_if
 .text.csp_route_set
                0x00004b24       0x4c libscp/src/csp_route.o
                0x00004b24                csp_route_set
 .text.csp_route_table_init
                0x00004b70       0x54 libscp/src/csp_route.o
                0x00004b70                csp_route_table_init
 .text.csp_route_if
                0x00004bc4       0x34 libscp/src/csp_route.o
                0x00004bc4                csp_route_if
 .text.csp_task_router
                0x00004bf8      0x272 libscp/src/csp_route.o
                0x00004bf8                csp_task_router
 .text.csp_route_enqueue
                0x00004e6a       0x2a libscp/src/csp_route.o
                0x00004e6a                csp_route_enqueue
 .text.csp_new_packet
                0x00004e94       0xe4 libscp/src/csp_route.o
                0x00004e94                csp_new_packet
 .text.csp_route_get_nexthop_mac
                0x00004f78        0x8 libscp/src/csp_route.o
                0x00004f78                csp_route_get_nexthop_mac
 .text.csp_cmp_handler
                0x00004f80      0x2c8 libscp/src/csp_service_handler.o
                0x00004f80                csp_cmp_handler
 .text.csp_service_handler
                0x00005248      0x17a libscp/src/csp_service_handler.o
                0x00005248                csp_service_handler
 .text.csp_i2c_tx
                0x000053c2       0x9a libscp/src/interfaces/csp_if_i2c.o
                0x000053c2                csp_i2c_tx
 .text.csp_i2c_rx
                0x0000545c       0x78 libscp/src/interfaces/csp_if_i2c.o
                0x0000545c                csp_i2c_rx
 .text.csp_i2c_init
                0x000054d4       0x58 libscp/src/interfaces/csp_if_i2c.o
                0x000054d4                csp_i2c_init
 .text.csp_lo_tx
                0x0000552c       0x12 libscp/src/interfaces/csp_if_lo.o
                0x0000552c                csp_lo_tx
 .text.csp_udp_new_packet
                0x0000553e       0x66 libscp/src/transport/csp_udp.o
                0x0000553e                csp_udp_new_packet
 .text.main     0x000055a4       0x92 main.o
                0x000055a4                main
 .text.processAll
                0x00005636      0x10a mainTask.o
                0x00005636                processAll
 .text.sendSignal
                0x00005740      0x1f8 mainTask.o
                0x00005740                sendSignal
 .text.sendFFT  0x00005938      0x298 mainTask.o
                0x00005938                sendFFT
 .text.sendFreeHeapSpace
                0x00005bd0      0x140 mainTask.o
                0x00005bd0                sendFreeHeapSpace
 .text.houseKeeping
                0x00005d10      0x206 mainTask.o
                0x00005d10                houseKeeping
 .text.echoBack
                0x00005f16       0x78 mainTask.o
                0x00005f16                echoBack
 .text.mainTask
                0x00005f8e       0x84 mainTask.o
                0x00005f8e                mainTask
 .text.ADT_init
                0x00006012       0x30 MyDrivers/ADT7420.o
                0x00006012                ADT_init
 .text.ADT_get_temperature
                0x00006042       0x38 MyDrivers/ADT7420.o
                0x00006042                ADT_get_temperature
 .text.__vector_13
                0x0000607a       0x68 MyDrivers/ADT7420.o
                0x0000607a                __vector_13
 .text.CCPWrite
                0x000060e2       0x2a MyDrivers/clksys_driver.o
                0x000060e2                CCPWrite
 .text.CLKSYS_XOSC_Config
                0x0000610c       0x16 MyDrivers/clksys_driver.o
                0x0000610c                CLKSYS_XOSC_Config
 .text.CLKSYS_Disable
                0x00006122       0x14 MyDrivers/clksys_driver.o
                0x00006122                CLKSYS_Disable
 .text.CLKSYS_Main_ClockSource_Select
                0x00006136       0x24 MyDrivers/clksys_driver.o
                0x00006136                CLKSYS_Main_ClockSource_Select
 .text.TC0_ConfigClockSource
                0x0000615a        0xc MyDrivers/TC_driver.o
                0x0000615a                TC0_ConfigClockSource
 .text.TC1_ConfigClockSource
                0x00006166        0xc MyDrivers/TC_driver.o
                0x00006166                TC1_ConfigClockSource
 .text.TC0_SetOverflowIntLevel
                0x00006172        0xc MyDrivers/TC_driver.o
                0x00006172                TC0_SetOverflowIntLevel
 .text.TC1_SetOverflowIntLevel
                0x0000617e        0xc MyDrivers/TC_driver.o
                0x0000617e                TC1_SetOverflowIntLevel
 .text.TWI_MasterInit
                0x0000618a       0x22 MyDrivers/twi_master_driver.o
                0x0000618a                TWI_MasterInit
 .text.TWI_MasterWriteRead
                0x000061ac       0xb6 MyDrivers/twi_master_driver.o
                0x000061ac                TWI_MasterWriteRead
 .text.TWI_MasterWrite
                0x00006262        0xa MyDrivers/twi_master_driver.o
                0x00006262                TWI_MasterWrite
 .text.TWI_MasterArbitrationLostBusErrorHandler
                0x0000626c       0x30 MyDrivers/twi_master_driver.o
                0x0000626c                TWI_MasterArbitrationLostBusErrorHandler
 .text.TWI_MasterWriteHandler
                0x0000629c       0x80 MyDrivers/twi_master_driver.o
                0x0000629c                TWI_MasterWriteHandler
 .text.TWI_MasterReadHandler
                0x0000631c       0x7e MyDrivers/twi_master_driver.o
                0x0000631c                TWI_MasterReadHandler
 .text.TWI_MasterInterruptHandler
                0x0000639a       0x32 MyDrivers/twi_master_driver.o
                0x0000639a                TWI_MasterInterruptHandler
 .text.TWI_SlaveInitializeDriver
                0x000063cc       0x22 MyDrivers/twi_slave_driver.o
                0x000063cc                TWI_SlaveInitializeDriver
 .text.TWI_SlaveInitializeModule
                0x000063ee       0x16 MyDrivers/twi_slave_driver.o
                0x000063ee                TWI_SlaveInitializeModule
 .text.TWI_SlaveTransactionFinished
                0x00006404       0x1a MyDrivers/twi_slave_driver.o
                0x00006404                TWI_SlaveTransactionFinished
 .text.TWI_SlaveAddressMatchHandler
                0x0000641e       0x5a MyDrivers/twi_slave_driver.o
                0x0000641e                TWI_SlaveAddressMatchHandler
 .text.TWI_SlaveStopHandler
                0x00006478       0x1e MyDrivers/twi_slave_driver.o
                0x00006478                TWI_SlaveStopHandler
 .text.TWI_SlaveReadHandler
                0x00006496       0x74 MyDrivers/twi_slave_driver.o
                0x00006496                TWI_SlaveReadHandler
 .text.TWI_SlaveWriteHandler
                0x0000650a       0x6e MyDrivers/twi_slave_driver.o
                0x0000650a                TWI_SlaveWriteHandler
 .text.TWI_SlaveDataHandler
                0x00006578       0x14 MyDrivers/twi_slave_driver.o
                0x00006578                TWI_SlaveDataHandler
 .text.TWI_SlaveInterruptHandler
                0x0000658c       0x66 MyDrivers/twi_slave_driver.o
                0x0000658c                TWI_SlaveInterruptHandler
 .text.__vector_25
                0x000065f2       0xb0 MyDrivers/usart_driver_RTOS.o
                0x000065f2                __vector_25
 .text.__vector_88
                0x000066a2       0xb0 MyDrivers/usart_driver_RTOS.o
                0x000066a2                __vector_88
 .text.__vector_58
                0x00006752       0xb0 MyDrivers/usart_driver_RTOS.o
                0x00006752                __vector_58
 .text.__vector_26
                0x00006802       0xc6 MyDrivers/usart_driver_RTOS.o
                0x00006802                __vector_26
 .text.__vector_89
                0x000068c8       0xc6 MyDrivers/usart_driver_RTOS.o
                0x000068c8                __vector_89
 .text.__vector_59
                0x0000698e       0xc6 MyDrivers/usart_driver_RTOS.o
                0x0000698e                __vector_59
 .text.spi_mem_init
                0x00006a54       0x74 spi_memory_23lcxx.o
                0x00006a54                spi_mem_init
 .text.spi_mem_write_word
                0x00006ac8       0x3e spi_memory_23lcxx.o
                0x00006ac8                spi_mem_write_word
 .text.spi_mem_write_complex
                0x00006b06       0x8e spi_memory_23lcxx.o
                0x00006b06                spi_mem_write_complex
 .text.spi_mem_read_word
                0x00006b94       0x64 spi_memory_23lcxx.o
                0x00006b94                spi_mem_read_word
 .text.spi_mem_read_complex
                0x00006bf8       0x90 spi_memory_23lcxx.o
                0x00006bf8                spi_mem_read_complex
 .text.spi_master_init
                0x00006c88       0x2e src/ASF/common/services/spi/xmega_spi/spi_master.o
                0x00006c88                spi_master_init
 .text.spi_master_setup_device
                0x00006cb6       0x3e src/ASF/common/services/spi/xmega_spi/spi_master.o
                0x00006cb6                spi_master_setup_device
 .text.spi_write_packet
                0x00006cf4       0x1e src/ASF/common/services/spi/xmega_spi/spi_master.o
                0x00006cf4                spi_write_packet
 .text.spi_read_packet
                0x00006d12       0x26 src/ASF/common/services/spi/xmega_spi/spi_master.o
                0x00006d12                spi_read_packet
 .text.spi_select_device
                0x00006d38       0x2c src/ASF/common/services/spi/xmega_spi/spi_master.o
                0x00006d38                spi_select_device
 .text.spi_deselect_device
                0x00006d64       0x2c src/ASF/common/services/spi/xmega_spi/spi_master.o
                0x00006d64                spi_deselect_device
 .text.__vector_71
                0x00006d90       0x7a src/ASF/xmega/drivers/adc/xmega_aau/adc_aau.o
                0x00006d90                __vector_71
 .text.__vector_72
                0x00006e0a       0x7a src/ASF/xmega/drivers/adc/xmega_aau/adc_aau.o
                0x00006e0a                __vector_72
 .text.__vector_73
                0x00006e84       0x7a src/ASF/xmega/drivers/adc/xmega_aau/adc_aau.o
                0x00006e84                __vector_73
 .text.__vector_74
                0x00006efe       0x7a src/ASF/xmega/drivers/adc/xmega_aau/adc_aau.o
                0x00006efe                __vector_74
 .text.spi_xmega_set_baud_div
                0x00006f78       0x8e src/ASF/xmega/drivers/spi/spi.o
                0x00006f78                spi_xmega_set_baud_div
 .text.__vector_20
                0x00007006       0xfe system.o
                0x00007006                __vector_20
 .text.enable_xtal
                0x00007104       0x30 system.o
                0x00007104                enable_xtal
 .text.adc_init
                0x00007134       0x42 system.o
                0x00007134                adc_init
 .text.boardInit
                0x00007176       0xb2 system.o
                0x00007176                boardInit
 .text.adca_read_ch0
                0x00007228       0x2c system.o
                0x00007228                adca_read_ch0
 .text.__vector_77
                0x00007254      0x140 system.o
                0x00007254                __vector_77
 .text.sysclk_init
                0x00007394       0x4e src/ASF/common/services/clock/xmega/sysclk.o
                0x00007394                sysclk_init
 .text.sysclk_enable_module
                0x000073e2       0x18 src/ASF/common/services/clock/xmega/sysclk.o
                0x000073e2                sysclk_enable_module
 .text.ioport_configure_port_pin
                0x000073fa       0x50 src/ASF/common/services/ioport/xmega/ioport_compat.o
                0x000073fa                ioport_configure_port_pin
 .text.ccp_write_io
                0x0000744a        0xc src/ASF/xmega/drivers/cpu/ccp.o
                0x0000744a                ccp_write_io
 .text.avr-libc.fplib
                0x00007456        0xa c:/program files (x86)/atmel/atmel toolchain/avr8 gcc/native/3.4.1056/avr8-gnu-toolchain/bin/../lib/gcc/avr/4.8.1/../../../../avr/lib/avrxmega7\libm.a(addsf3.o)
                0x00007456                __subsf3
                0x00007458                __addsf3
 .text.avr-libc.fplib
                0x00007460       0xc0 c:/program files (x86)/atmel/atmel toolchain/avr8 gcc/native/3.4.1056/avr8-gnu-toolchain/bin/../lib/gcc/avr/4.8.1/../../../../avr/lib/avrxmega7\libm.a(addsf3x.o)
                0x0000747a                __addsf3x
 .text.avr-libc.fplib
                0x00007520        0xa c:/program files (x86)/atmel/atmel toolchain/avr8 gcc/native/3.4.1056/avr8-gnu-toolchain/bin/../lib/gcc/avr/4.8.1/../../../../avr/lib/avrxmega7\libm.a(fixsfsi.o)
                0x00007520                __fixsfsi
 .text.avr-libc.fplib
                0x0000752a       0x58 c:/program files (x86)/atmel/atmel toolchain/avr8 gcc/native/3.4.1056/avr8-gnu-toolchain/bin/../lib/gcc/avr/4.8.1/../../../../avr/lib/avrxmega7\libm.a(fixunssfsi.o)
                0x0000752a                __fixunssfsi
 .text.avr-libc.fplib
                0x00007582       0x7a c:/program files (x86)/atmel/atmel toolchain/avr8 gcc/native/3.4.1056/avr8-gnu-toolchain/bin/../lib/gcc/avr/4.8.1/../../../../avr/lib/avrxmega7\libm.a(floatsisf.o)
                0x00007582                __floatunsisf
                0x00007586                __floatsisf
 .text.avr-libc.fplib
                0x000075fc        0xc c:/program files (x86)/atmel/atmel toolchain/avr8 gcc/native/3.4.1056/avr8-gnu-toolchain/bin/../lib/gcc/avr/4.8.1/../../../../avr/lib/avrxmega7\libm.a(fp_inf.o)
                0x000075fc                __fp_inf
 .text.avr-libc.fplib
                0x00007608        0x6 c:/program files (x86)/atmel/atmel toolchain/avr8 gcc/native/3.4.1056/avr8-gnu-toolchain/bin/../lib/gcc/avr/4.8.1/../../../../avr/lib/avrxmega7\libm.a(fp_nan.o)
                0x00007608                __fp_nan
 .text.avr-libc.fplib
                0x0000760e        0xe c:/program files (x86)/atmel/atmel toolchain/avr8 gcc/native/3.4.1056/avr8-gnu-toolchain/bin/../lib/gcc/avr/4.8.1/../../../../avr/lib/avrxmega7\libm.a(fp_pscA.o)
                0x0000760e                __fp_pscA
 .text.avr-libc.fplib
                0x0000761c        0xe c:/program files (x86)/atmel/atmel toolchain/avr8 gcc/native/3.4.1056/avr8-gnu-toolchain/bin/../lib/gcc/avr/4.8.1/../../../../avr/lib/avrxmega7\libm.a(fp_pscB.o)
                0x0000761c                __fp_pscB
 .text.avr-libc.fplib
                0x0000762a       0x22 c:/program files (x86)/atmel/atmel toolchain/avr8 gcc/native/3.4.1056/avr8-gnu-toolchain/bin/../lib/gcc/avr/4.8.1/../../../../avr/lib/avrxmega7\libm.a(fp_round.o)
                0x0000762a                __fp_round
 .text.avr-libc.fplib
                0x0000764c       0x44 c:/program files (x86)/atmel/atmel toolchain/avr8 gcc/native/3.4.1056/avr8-gnu-toolchain/bin/../lib/gcc/avr/4.8.1/../../../../avr/lib/avrxmega7\libm.a(fp_split3.o)
                0x0000764c                __fp_split3
                0x0000765c                __fp_splitA
 .text.avr-libc.fplib
                0x00007690        0xe c:/program files (x86)/atmel/atmel toolchain/avr8 gcc/native/3.4.1056/avr8-gnu-toolchain/bin/../lib/gcc/avr/4.8.1/../../../../avr/lib/avrxmega7\libm.a(fp_zero.o)
                0x00007690                __fp_zero
                0x00007692                __fp_szero
 .text.avr-libc.fplib
                0x0000769e       0x8a c:/program files (x86)/atmel/atmel toolchain/avr8 gcc/native/3.4.1056/avr8-gnu-toolchain/bin/../lib/gcc/avr/4.8.1/../../../../avr/lib/avrxmega7\libm.a(log.o)
                0x000076a8                log
 .text.avr-libc.fplib
                0x00007728        0x4 c:/program files (x86)/atmel/atmel toolchain/avr8 gcc/native/3.4.1056/avr8-gnu-toolchain/bin/../lib/gcc/avr/4.8.1/../../../../avr/lib/avrxmega7\libm.a(mulsf3.o)
                0x00007728                __mulsf3
 .text.avr-libc.fplib
                0x0000772c       0xc2 c:/program files (x86)/atmel/atmel toolchain/avr8 gcc/native/3.4.1056/avr8-gnu-toolchain/bin/../lib/gcc/avr/4.8.1/../../../../avr/lib/avrxmega7\libm.a(mulsf3x.o)
                0x00007740                __mulsf3x
                0x00007744                __mulsf3_pse
 .text.avr-libc.fplib
                0x000077ee       0x1c c:/program files (x86)/atmel/atmel toolchain/avr8 gcc/native/3.4.1056/avr8-gnu-toolchain/bin/../lib/gcc/avr/4.8.1/../../../../avr/lib/avrxmega7\libm.a(fp_mpack.o)
                0x000077ee                __fp_mpack
                0x000077f2                __fp_mpack_finite
 .text.avr-libc.fplib
                0x0000780a       0x4a c:/program files (x86)/atmel/atmel toolchain/avr8 gcc/native/3.4.1056/avr8-gnu-toolchain/bin/../lib/gcc/avr/4.8.1/../../../../avr/lib/avrxmega7\libm.a(fp_powser.o)
                0x0000780a                __fp_powser
 .text.avr-libc
                0x00007854      0x702 c:/program files (x86)/atmel/atmel toolchain/avr8 gcc/native/3.4.1056/avr8-gnu-toolchain/bin/../lib/gcc/avr/4.8.1/../../../../avr/lib/avrxmega7\libprintf_flt.a(vfprintf_flt.o)
                0x00007854                vfprintf
 .text.libgcc.div
                0x00007f56       0x26 c:/program files (x86)/atmel/atmel toolchain/avr8 gcc/native/3.4.1056/avr8-gnu-toolchain/bin/../lib/gcc/avr/4.8.1/avrxmega7\libgcc.a(_divmodhi4.o)
                0x00007f56                _div
                0x00007f56                __divmodhi4
 .text.libgcc.div
                0x00007f7c       0x44 c:/program files (x86)/atmel/atmel toolchain/avr8 gcc/native/3.4.1056/avr8-gnu-toolchain/bin/../lib/gcc/avr/4.8.1/avrxmega7\libgcc.a(_udivmodsi4.o)
                0x00007f7c                __udivmodsi4
 .text.libgcc   0x00007fc0        0xc c:/program files (x86)/atmel/atmel toolchain/avr8 gcc/native/3.4.1056/avr8-gnu-toolchain/bin/../lib/gcc/avr/4.8.1/avrxmega7\libgcc.a(_tablejump.o)
                0x00007fc0                __tablejump2__
                0x00007fc4                __tablejump__
 .text.libgcc.mul
                0x00007fcc       0x1e c:/program files (x86)/atmel/atmel toolchain/avr8 gcc/native/3.4.1056/avr8-gnu-toolchain/bin/../lib/gcc/avr/4.8.1/avrxmega7\libgcc.a(_umulhisi3.o)
                0x00007fcc                __umulhisi3
 .text.libgcc.mul
                0x00007fea        0xc c:/program files (x86)/atmel/atmel toolchain/avr8 gcc/native/3.4.1056/avr8-gnu-toolchain/bin/../lib/gcc/avr/4.8.1/avrxmega7\libgcc.a(_usmulhisi3.o)
                0x00007fea                __usmulhisi3
                0x00007fec                __usmulhisi3_tail
 .text.libgcc.mul
                0x00007ff6       0x14 c:/program files (x86)/atmel/atmel toolchain/avr8 gcc/native/3.4.1056/avr8-gnu-toolchain/bin/../lib/gcc/avr/4.8.1/avrxmega7\libgcc.a(_muluhisi3.o)
                0x00007ff6                __muluhisi3
 .text.libgcc.div
                0x0000800a       0x28 c:/program files (x86)/atmel/atmel toolchain/avr8 gcc/native/3.4.1056/avr8-gnu-toolchain/bin/../lib/gcc/avr/4.8.1/avrxmega7\libgcc.a(_udivmodhi4.o)
                0x0000800a                __udivmodhi4
 .text.avr-libc
                0x00008032       0xae c:/program files (x86)/atmel/atmel toolchain/avr8 gcc/native/3.4.1056/avr8-gnu-toolchain/bin/../lib/gcc/avr/4.8.1/../../../../avr/lib/avrxmega7\libc.a(rand.o)
                0x000080c2                rand_r
                0x000080c4                rand
                0x000080ca                srand
 .text.avr-libc
                0x000080e0      0x1b0 c:/program files (x86)/atmel/atmel toolchain/avr8 gcc/native/3.4.1056/avr8-gnu-toolchain/bin/../lib/gcc/avr/4.8.1/../../../../avr/lib/avrxmega7\libc.a(ftoa_engine.o)
                0x000080e0                __ftoa_engine
 .text.avr-libc
                0x00008290       0x16 c:/program files (x86)/atmel/atmel toolchain/avr8 gcc/native/3.4.1056/avr8-gnu-toolchain/bin/../lib/gcc/avr/4.8.1/../../../../avr/lib/avrxmega7\libc.a(strnlen_P.o)
                0x00008290                strnlen_P
 .text.avr-libc
                0x000082a6       0x1a c:/program files (x86)/atmel/atmel toolchain/avr8 gcc/native/3.4.1056/avr8-gnu-toolchain/bin/../lib/gcc/avr/4.8.1/../../../../avr/lib/avrxmega7\libc.a(memcmp.o)
                0x000082a6                memcmp
 .text.avr-libc
                0x000082c0       0x12 c:/program files (x86)/atmel/atmel toolchain/avr8 gcc/native/3.4.1056/avr8-gnu-toolchain/bin/../lib/gcc/avr/4.8.1/../../../../avr/lib/avrxmega7\libc.a(memcpy.o)
                0x000082c0                memcpy
 .text.avr-libc
                0x000082d2        0xe c:/program files (x86)/atmel/atmel toolchain/avr8 gcc/native/3.4.1056/avr8-gnu-toolchain/bin/../lib/gcc/avr/4.8.1/../../../../avr/lib/avrxmega7\libc.a(memset.o)
                0x000082d2                memset
 .text.avr-libc
                0x000082e0        0xe c:/program files (x86)/atmel/atmel toolchain/avr8 gcc/native/3.4.1056/avr8-gnu-toolchain/bin/../lib/gcc/avr/4.8.1/../../../../avr/lib/avrxmega7\libc.a(strcpy.o)
                0x000082e0                strcpy
 .text.avr-libc
                0x000082ee       0x1c c:/program files (x86)/atmel/atmel toolchain/avr8 gcc/native/3.4.1056/avr8-gnu-toolchain/bin/../lib/gcc/avr/4.8.1/../../../../avr/lib/avrxmega7\libc.a(strncmp.o)
                0x000082ee                strncmp
 .text.avr-libc
                0x0000830a       0x1e c:/program files (x86)/atmel/atmel toolchain/avr8 gcc/native/3.4.1056/avr8-gnu-toolchain/bin/../lib/gcc/avr/4.8.1/../../../../avr/lib/avrxmega7\libc.a(strncpy.o)
                0x0000830a                strncpy
 .text.avr-libc
                0x00008328       0x16 c:/program files (x86)/atmel/atmel toolchain/avr8 gcc/native/3.4.1056/avr8-gnu-toolchain/bin/../lib/gcc/avr/4.8.1/../../../../avr/lib/avrxmega7\libc.a(strnlen.o)
                0x00008328                strnlen
 .text.avr-libc
                0x0000833e       0x64 c:/program files (x86)/atmel/atmel toolchain/avr8 gcc/native/3.4.1056/avr8-gnu-toolchain/bin/../lib/gcc/avr/4.8.1/../../../../avr/lib/avrxmega7\libc.a(fputc.o)
                0x0000833e                fputc
 .text.avr-libc
                0x000083a2       0x50 c:/program files (x86)/atmel/atmel toolchain/avr8 gcc/native/3.4.1056/avr8-gnu-toolchain/bin/../lib/gcc/avr/4.8.1/../../../../avr/lib/avrxmega7\libc.a(sprintf.o)
                0x000083a2                sprintf
 .text.avr-libc
                0x000083f2       0xbc c:/program files (x86)/atmel/atmel toolchain/avr8 gcc/native/3.4.1056/avr8-gnu-toolchain/bin/../lib/gcc/avr/4.8.1/../../../../avr/lib/avrxmega7\libc.a(ultoa_invert.o)
                0x000083f2                __ultoa_invert
 .text.libgcc.div
                0x000084ae       0x28 c:/program files (x86)/atmel/atmel toolchain/avr8 gcc/native/3.4.1056/avr8-gnu-toolchain/bin/../lib/gcc/avr/4.8.1/avrxmega7\libgcc.a(_divmodsi4.o)
                0x000084ae                __divmodsi4
 .text.libgcc.div
                0x000084d6       0x10 c:/program files (x86)/atmel/atmel toolchain/avr8 gcc/native/3.4.1056/avr8-gnu-toolchain/bin/../lib/gcc/avr/4.8.1/avrxmega7\libgcc.a(_negsi2.o)
                0x000084d6                __negsi2
 .text.libgcc.mul
                0x000084e6        0xc c:/program files (x86)/atmel/atmel toolchain/avr8 gcc/native/3.4.1056/avr8-gnu-toolchain/bin/../lib/gcc/avr/4.8.1/avrxmega7\libgcc.a(_mulshisi3.o)
                0x000084e6                __mulshisi3
                0x000084ea                __mulohisi3
                0x000084f2                . = ALIGN (0x2)
 *(.fini9)
 .fini9         0x000084f2        0x0 c:/program files (x86)/atmel/atmel toolchain/avr8 gcc/native/3.4.1056/avr8-gnu-toolchain/bin/../lib/gcc/avr/4.8.1/avrxmega7\libgcc.a(_exit.o)
                0x000084f2                _exit
                0x000084f2                exit
 *(.fini9)
 *(.fini8)
 *(.fini8)
 *(.fini7)
 *(.fini7)
 *(.fini6)
 *(.fini6)
 *(.fini5)
 *(.fini5)
 *(.fini4)
 *(.fini4)
 *(.fini3)
 *(.fini3)
 *(.fini2)
 *(.fini2)
 *(.fini1)
 *(.fini1)
 *(.fini0)
 .fini0         0x000084f2        0x4 c:/program files (x86)/atmel/atmel toolchain/avr8 gcc/native/3.4.1056/avr8-gnu-toolchain/bin/../lib/gcc/avr/4.8.1/avrxmega7\libgcc.a(_exit.o)
 *(.fini0)
                0x000084f6                _etext = .

.data           0x00802000      0x13a load address 0x000084f6
                0x00802000                PROVIDE (__data_start, .)
 *(.data)
 .data          0x00802000        0x0 c:/program files (x86)/atmel/atmel toolchain/avr8 gcc/native/3.4.1056/avr8-gnu-toolchain/bin/../lib/gcc/avr/4.8.1/../../../../avr/lib/avrxmega7/crtx128a4u.o
 .data          0x00802000        0x0 cspTask.o
 .data          0x00802000        0x0 csp_interface.o
 .data          0x00802000        0x0 fft_memory.o
 .data          0x00802000        0x0 FreeRTOS/Port/heap_1.o
 .data          0x00802000        0x0 FreeRTOS/Port/port.o
 .data          0x00802000        0x0 FreeRTOS/Source/croutine.o
 .data          0x00802000        0x0 FreeRTOS/Source/event_groups.o
 .data          0x00802000        0x0 FreeRTOS/Source/list.o
 .data          0x00802000        0x0 FreeRTOS/Source/queue.o
 .data          0x00802000        0x0 FreeRTOS/Source/tasks.o
 .data          0x00802000        0x0 FreeRTOS/Source/timers.o
 .data          0x00802000        0x0 libscp/src/arch/freertos/csp_clock.o
 .data          0x00802000        0x0 libscp/src/arch/freertos/csp_malloc.o
 .data          0x00802000        0x0 libscp/src/arch/freertos/csp_queue.o
 .data          0x00802000        0x0 libscp/src/arch/freertos/csp_semaphore.o
 .data          0x00802000        0x0 libscp/src/arch/freertos/csp_system.o
 .data          0x00802000        0x0 libscp/src/arch/freertos/csp_thread.o
 .data          0x00802000        0x0 libscp/src/arch/freertos/csp_time.o
 .data          0x00802000        0x0 libscp/src/crypto/csp_hmac.o
 .data          0x00802000        0x0 libscp/src/crypto/csp_sha1.o
 .data          0x00802000        0x0 libscp/src/crypto/csp_xtea.o
 .data          0x00802000        0x0 libscp/src/csp_buffer.o
 .data          0x00802000        0x0 libscp/src/csp_conn.o
 .data          0x00802000        0x0 libscp/src/csp_crc32.o
 .data          0x00802000        0x0 libscp/src/csp_debug.o
 .data          0x00802000        0x0 libscp/src/csp_endian.o
 .data          0x00802000        0x0 libscp/src/csp_io.o
 .data          0x00802000        0x0 libscp/src/csp_port.o
 .data          0x00802000        0x0 libscp/src/csp_route.o
 .data          0x00802000        0x0 libscp/src/csp_services.o
 .data          0x00802000        0x0 libscp/src/csp_service_handler.o
 .data          0x00802000        0x0 libscp/src/csp_sfp.o
 .data          0x00802000        0x0 libscp/src/interfaces/csp_if_can.o
 .data          0x00802000        0x0 libscp/src/interfaces/csp_if_i2c.o
 .data          0x00802000        0x0 libscp/src/interfaces/csp_if_kiss.o
 .data          0x00802000        0x0 libscp/src/interfaces/csp_if_lo.o
 .data          0x00802000        0x0 libscp/src/transport/csp_rdp.o
 .data          0x00802000        0x0 libscp/src/transport/csp_udp.o
 .data          0x00802000        0x0 main.o
 .data          0x00802000        0x0 mainTask.o
 .data          0x00802000        0x0 MyDrivers/ADT7420.o
 .data          0x00802000        0x0 MyDrivers/clksys_driver.o
 .data          0x00802000        0x0 MyDrivers/pmic_driver.o
 .data          0x00802000        0x0 MyDrivers/port_driver.o
 .data          0x00802000        0x0 MyDrivers/TC_driver.o
 .data          0x00802000        0x0 MyDrivers/twi_master_driver.o
 .data          0x00802000        0x0 MyDrivers/twi_slave_driver.o
 .data          0x00802000        0x0 MyDrivers/usart_driver_RTOS.o
 .data          0x00802000        0x0 spi_memory_23lcxx.o
 .data          0x00802000        0x0 src/ASF/common/services/sleepmgr/xmega/sleepmgr.o
 .data          0x00802000        0x0 src/ASF/common/services/spi/xmega_spi/spi_master.o
 .data          0x00802000        0x0 src/ASF/xmega/drivers/adc/adc.o
 .data          0x00802000        0x0 src/ASF/xmega/drivers/adc/xmega_aau/adc_aau.o
 .data          0x00802000        0x0 src/ASF/xmega/drivers/spi/spi.o
 .data          0x00802000        0x0 system.o
 .data          0x00802000        0x0 src/ASF/common/services/clock/xmega/sysclk.o
 .data          0x00802000        0x0 src/ASF/common/services/ioport/xmega/ioport_compat.o
 .data          0x00802000        0x0 src/ASF/xmega/drivers/nvm/nvm.o
 .data          0x00802000        0x0 src/ASF/xmega/drivers/nvm/nvm_asm.o
 .data          0x00802000        0x0 src/ASF/xmega/drivers/cpu/ccp.o
 .data          0x00802000        0x0 c:/program files (x86)/atmel/atmel toolchain/avr8 gcc/native/3.4.1056/avr8-gnu-toolchain/bin/../lib/gcc/avr/4.8.1/../../../../avr/lib/avrxmega7\libm.a(addsf3.o)
 .data          0x00802000        0x0 c:/program files (x86)/atmel/atmel toolchain/avr8 gcc/native/3.4.1056/avr8-gnu-toolchain/bin/../lib/gcc/avr/4.8.1/../../../../avr/lib/avrxmega7\libm.a(addsf3x.o)
 .data          0x00802000        0x0 c:/program files (x86)/atmel/atmel toolchain/avr8 gcc/native/3.4.1056/avr8-gnu-toolchain/bin/../lib/gcc/avr/4.8.1/../../../../avr/lib/avrxmega7\libm.a(fixsfsi.o)
 .data          0x00802000        0x0 c:/program files (x86)/atmel/atmel toolchain/avr8 gcc/native/3.4.1056/avr8-gnu-toolchain/bin/../lib/gcc/avr/4.8.1/../../../../avr/lib/avrxmega7\libm.a(fixunssfsi.o)
 .data          0x00802000        0x0 c:/program files (x86)/atmel/atmel toolchain/avr8 gcc/native/3.4.1056/avr8-gnu-toolchain/bin/../lib/gcc/avr/4.8.1/../../../../avr/lib/avrxmega7\libm.a(floatsisf.o)
 .data          0x00802000        0x0 c:/program files (x86)/atmel/atmel toolchain/avr8 gcc/native/3.4.1056/avr8-gnu-toolchain/bin/../lib/gcc/avr/4.8.1/../../../../avr/lib/avrxmega7\libm.a(fp_inf.o)
 .data          0x00802000        0x0 c:/program files (x86)/atmel/atmel toolchain/avr8 gcc/native/3.4.1056/avr8-gnu-toolchain/bin/../lib/gcc/avr/4.8.1/../../../../avr/lib/avrxmega7\libm.a(fp_nan.o)
 .data          0x00802000        0x0 c:/program files (x86)/atmel/atmel toolchain/avr8 gcc/native/3.4.1056/avr8-gnu-toolchain/bin/../lib/gcc/avr/4.8.1/../../../../avr/lib/avrxmega7\libm.a(fp_pscA.o)
 .data          0x00802000        0x0 c:/program files (x86)/atmel/atmel toolchain/avr8 gcc/native/3.4.1056/avr8-gnu-toolchain/bin/../lib/gcc/avr/4.8.1/../../../../avr/lib/avrxmega7\libm.a(fp_pscB.o)
 .data          0x00802000        0x0 c:/program files (x86)/atmel/atmel toolchain/avr8 gcc/native/3.4.1056/avr8-gnu-toolchain/bin/../lib/gcc/avr/4.8.1/../../../../avr/lib/avrxmega7\libm.a(fp_round.o)
 .data          0x00802000        0x0 c:/program files (x86)/atmel/atmel toolchain/avr8 gcc/native/3.4.1056/avr8-gnu-toolchain/bin/../lib/gcc/avr/4.8.1/../../../../avr/lib/avrxmega7\libm.a(fp_split3.o)
 .data          0x00802000        0x0 c:/program files (x86)/atmel/atmel toolchain/avr8 gcc/native/3.4.1056/avr8-gnu-toolchain/bin/../lib/gcc/avr/4.8.1/../../../../avr/lib/avrxmega7\libm.a(fp_zero.o)
 .data          0x00802000        0x0 c:/program files (x86)/atmel/atmel toolchain/avr8 gcc/native/3.4.1056/avr8-gnu-toolchain/bin/../lib/gcc/avr/4.8.1/../../../../avr/lib/avrxmega7\libm.a(log.o)
 .data          0x00802000        0x0 c:/program files (x86)/atmel/atmel toolchain/avr8 gcc/native/3.4.1056/avr8-gnu-toolchain/bin/../lib/gcc/avr/4.8.1/../../../../avr/lib/avrxmega7\libm.a(mulsf3.o)
 .data          0x00802000        0x0 c:/program files (x86)/atmel/atmel toolchain/avr8 gcc/native/3.4.1056/avr8-gnu-toolchain/bin/../lib/gcc/avr/4.8.1/../../../../avr/lib/avrxmega7\libm.a(mulsf3x.o)
 .data          0x00802000        0x0 c:/program files (x86)/atmel/atmel toolchain/avr8 gcc/native/3.4.1056/avr8-gnu-toolchain/bin/../lib/gcc/avr/4.8.1/../../../../avr/lib/avrxmega7\libm.a(fp_mpack.o)
 .data          0x00802000        0x0 c:/program files (x86)/atmel/atmel toolchain/avr8 gcc/native/3.4.1056/avr8-gnu-toolchain/bin/../lib/gcc/avr/4.8.1/../../../../avr/lib/avrxmega7\libm.a(fp_powser.o)
 .data          0x00802000        0x0 c:/program files (x86)/atmel/atmel toolchain/avr8 gcc/native/3.4.1056/avr8-gnu-toolchain/bin/../lib/gcc/avr/4.8.1/../../../../avr/lib/avrxmega7\libprintf_flt.a(vfprintf_flt.o)
 .data          0x00802000        0x0 c:/program files (x86)/atmel/atmel toolchain/avr8 gcc/native/3.4.1056/avr8-gnu-toolchain/bin/../lib/gcc/avr/4.8.1/avrxmega7\libgcc.a(_divmodhi4.o)
 .data          0x00802000        0x0 c:/program files (x86)/atmel/atmel toolchain/avr8 gcc/native/3.4.1056/avr8-gnu-toolchain/bin/../lib/gcc/avr/4.8.1/avrxmega7\libgcc.a(_udivmodsi4.o)
 .data          0x00802000        0x0 c:/program files (x86)/atmel/atmel toolchain/avr8 gcc/native/3.4.1056/avr8-gnu-toolchain/bin/../lib/gcc/avr/4.8.1/avrxmega7\libgcc.a(_exit.o)
 .data          0x00802000        0x0 c:/program files (x86)/atmel/atmel toolchain/avr8 gcc/native/3.4.1056/avr8-gnu-toolchain/bin/../lib/gcc/avr/4.8.1/avrxmega7\libgcc.a(_tablejump.o)
 .data          0x00802000        0x0 c:/program files (x86)/atmel/atmel toolchain/avr8 gcc/native/3.4.1056/avr8-gnu-toolchain/bin/../lib/gcc/avr/4.8.1/avrxmega7\libgcc.a(_copy_data.o)
 .data          0x00802000        0x0 c:/program files (x86)/atmel/atmel toolchain/avr8 gcc/native/3.4.1056/avr8-gnu-toolchain/bin/../lib/gcc/avr/4.8.1/avrxmega7\libgcc.a(_clear_bss.o)
 .data          0x00802000        0x0 c:/program files (x86)/atmel/atmel toolchain/avr8 gcc/native/3.4.1056/avr8-gnu-toolchain/bin/../lib/gcc/avr/4.8.1/avrxmega7\libgcc.a(_umulhisi3.o)
 .data          0x00802000        0x0 c:/program files (x86)/atmel/atmel toolchain/avr8 gcc/native/3.4.1056/avr8-gnu-toolchain/bin/../lib/gcc/avr/4.8.1/avrxmega7\libgcc.a(_usmulhisi3.o)
 .data          0x00802000        0x0 c:/program files (x86)/atmel/atmel toolchain/avr8 gcc/native/3.4.1056/avr8-gnu-toolchain/bin/../lib/gcc/avr/4.8.1/avrxmega7\libgcc.a(_muluhisi3.o)
 .data          0x00802000        0x0 c:/program files (x86)/atmel/atmel toolchain/avr8 gcc/native/3.4.1056/avr8-gnu-toolchain/bin/../lib/gcc/avr/4.8.1/avrxmega7\libgcc.a(_ashldi3.o)
 .data          0x00802000        0x0 c:/program files (x86)/atmel/atmel toolchain/avr8 gcc/native/3.4.1056/avr8-gnu-toolchain/bin/../lib/gcc/avr/4.8.1/avrxmega7\libgcc.a(_ashrdi3.o)
 .data          0x00802000        0x0 c:/program files (x86)/atmel/atmel toolchain/avr8 gcc/native/3.4.1056/avr8-gnu-toolchain/bin/../lib/gcc/avr/4.8.1/avrxmega7\libgcc.a(_udivmodhi4.o)
 .data          0x00802000        0x4 c:/program files (x86)/atmel/atmel toolchain/avr8 gcc/native/3.4.1056/avr8-gnu-toolchain/bin/../lib/gcc/avr/4.8.1/../../../../avr/lib/avrxmega7\libc.a(rand.o)
 .data          0x00802004        0x0 c:/program files (x86)/atmel/atmel toolchain/avr8 gcc/native/3.4.1056/avr8-gnu-toolchain/bin/../lib/gcc/avr/4.8.1/../../../../avr/lib/avrxmega7\libc.a(ftoa_engine.o)
 .data          0x00802004        0x0 c:/program files (x86)/atmel/atmel toolchain/avr8 gcc/native/3.4.1056/avr8-gnu-toolchain/bin/../lib/gcc/avr/4.8.1/../../../../avr/lib/avrxmega7\libc.a(strnlen_P.o)
 .data          0x00802004        0x0 c:/program files (x86)/atmel/atmel toolchain/avr8 gcc/native/3.4.1056/avr8-gnu-toolchain/bin/../lib/gcc/avr/4.8.1/../../../../avr/lib/avrxmega7\libc.a(memcmp.o)
 .data          0x00802004        0x0 c:/program files (x86)/atmel/atmel toolchain/avr8 gcc/native/3.4.1056/avr8-gnu-toolchain/bin/../lib/gcc/avr/4.8.1/../../../../avr/lib/avrxmega7\libc.a(memcpy.o)
 .data          0x00802004        0x0 c:/program files (x86)/atmel/atmel toolchain/avr8 gcc/native/3.4.1056/avr8-gnu-toolchain/bin/../lib/gcc/avr/4.8.1/../../../../avr/lib/avrxmega7\libc.a(memset.o)
 .data          0x00802004        0x0 c:/program files (x86)/atmel/atmel toolchain/avr8 gcc/native/3.4.1056/avr8-gnu-toolchain/bin/../lib/gcc/avr/4.8.1/../../../../avr/lib/avrxmega7\libc.a(strcpy.o)
 .data          0x00802004        0x0 c:/program files (x86)/atmel/atmel toolchain/avr8 gcc/native/3.4.1056/avr8-gnu-toolchain/bin/../lib/gcc/avr/4.8.1/../../../../avr/lib/avrxmega7\libc.a(strncmp.o)
 .data          0x00802004        0x0 c:/program files (x86)/atmel/atmel toolchain/avr8 gcc/native/3.4.1056/avr8-gnu-toolchain/bin/../lib/gcc/avr/4.8.1/../../../../avr/lib/avrxmega7\libc.a(strncpy.o)
 .data          0x00802004        0x0 c:/program files (x86)/atmel/atmel toolchain/avr8 gcc/native/3.4.1056/avr8-gnu-toolchain/bin/../lib/gcc/avr/4.8.1/../../../../avr/lib/avrxmega7\libc.a(strnlen.o)
 .data          0x00802004        0x0 c:/program files (x86)/atmel/atmel toolchain/avr8 gcc/native/3.4.1056/avr8-gnu-toolchain/bin/../lib/gcc/avr/4.8.1/../../../../avr/lib/avrxmega7\libc.a(itoa.o)
 .data          0x00802004        0x0 c:/program files (x86)/atmel/atmel toolchain/avr8 gcc/native/3.4.1056/avr8-gnu-toolchain/bin/../lib/gcc/avr/4.8.1/../../../../avr/lib/avrxmega7\libc.a(itoa_ncheck.o)
 .data          0x00802004        0x0 c:/program files (x86)/atmel/atmel toolchain/avr8 gcc/native/3.4.1056/avr8-gnu-toolchain/bin/../lib/gcc/avr/4.8.1/../../../../avr/lib/avrxmega7\libc.a(utoa_ncheck.o)
 .data          0x00802004        0x0 c:/program files (x86)/atmel/atmel toolchain/avr8 gcc/native/3.4.1056/avr8-gnu-toolchain/bin/../lib/gcc/avr/4.8.1/../../../../avr/lib/avrxmega7\libc.a(fputc.o)
 .data          0x00802004        0x0 c:/program files (x86)/atmel/atmel toolchain/avr8 gcc/native/3.4.1056/avr8-gnu-toolchain/bin/../lib/gcc/avr/4.8.1/../../../../avr/lib/avrxmega7\libc.a(iob.o)
 .data          0x00802004        0x0 c:/program files (x86)/atmel/atmel toolchain/avr8 gcc/native/3.4.1056/avr8-gnu-toolchain/bin/../lib/gcc/avr/4.8.1/../../../../avr/lib/avrxmega7\libc.a(printf_p.o)
 .data          0x00802004        0x0 c:/program files (x86)/atmel/atmel toolchain/avr8 gcc/native/3.4.1056/avr8-gnu-toolchain/bin/../lib/gcc/avr/4.8.1/../../../../avr/lib/avrxmega7\libc.a(sprintf.o)
 .data          0x00802004        0x0 c:/program files (x86)/atmel/atmel toolchain/avr8 gcc/native/3.4.1056/avr8-gnu-toolchain/bin/../lib/gcc/avr/4.8.1/../../../../avr/lib/avrxmega7\libc.a(vfprintf_p.o)
 .data          0x00802004        0x0 c:/program files (x86)/atmel/atmel toolchain/avr8 gcc/native/3.4.1056/avr8-gnu-toolchain/bin/../lib/gcc/avr/4.8.1/../../../../avr/lib/avrxmega7\libc.a(vsnprintf.o)
 .data          0x00802004        0x0 c:/program files (x86)/atmel/atmel toolchain/avr8 gcc/native/3.4.1056/avr8-gnu-toolchain/bin/../lib/gcc/avr/4.8.1/../../../../avr/lib/avrxmega7\libc.a(ultoa_invert.o)
 .data          0x00802004        0x0 c:/program files (x86)/atmel/atmel toolchain/avr8 gcc/native/3.4.1056/avr8-gnu-toolchain/bin/../lib/gcc/avr/4.8.1/../../../../avr/lib/avrxmega7\libc.a(strrev.o)
 .data          0x00802004        0x0 c:/program files (x86)/atmel/atmel toolchain/avr8 gcc/native/3.4.1056/avr8-gnu-toolchain/bin/../lib/gcc/avr/4.8.1/avrxmega7\libgcc.a(_divmodsi4.o)
 .data          0x00802004        0x0 c:/program files (x86)/atmel/atmel toolchain/avr8 gcc/native/3.4.1056/avr8-gnu-toolchain/bin/../lib/gcc/avr/4.8.1/avrxmega7\libgcc.a(_negsi2.o)
 .data          0x00802004        0x0 c:/program files (x86)/atmel/atmel toolchain/avr8 gcc/native/3.4.1056/avr8-gnu-toolchain/bin/../lib/gcc/avr/4.8.1/avrxmega7\libgcc.a(_mulshisi3.o)
 *(.data*)
 .data.xNextTaskUnblockTime
                0x00802004        0x2 FreeRTOS/Source/tasks.o
 .data.csp_if_i2c
                0x00802006       0x34 libscp/src/interfaces/csp_if_i2c.o
                0x00802006                csp_if_i2c
 .data.csp_if_lo
                0x0080203a       0x34 libscp/src/interfaces/csp_if_lo.o
                0x0080203a                csp_if_lo
 .data.spi_device_conf
                0x0080206e        0x1 spi_memory_23lcxx.o
                0x0080206e                spi_device_conf
 *(.rodata)
 *(.rodata*)
 .rodata.str1.1
                0x0080206f       0x14 FreeRTOS/Source/tasks.o
 .rodata.str1.1
                0x00802083        0xd FreeRTOS/Source/timers.o
 .rodata.str1.1
                0x00802090        0x4 libscp/src/csp_route.o
 .rodata.str1.1
                0x00802094       0x1d libscp/src/csp_service_handler.o
 .rodata.str1.1
                0x008020b1        0x4 libscp/src/interfaces/csp_if_i2c.o
 .rodata.str1.1
                0x008020b5        0x5 libscp/src/interfaces/csp_if_lo.o
 .rodata.str1.1
                0x008020ba       0x11 main.o
 .rodata.str1.1
                0x008020cb       0x6f mainTask.o
 *(.gnu.linkonce.d*)
                0x0080213a                . = ALIGN (0x2)
                0x0080213a                _edata = .
                0x0080213a                PROVIDE (__data_end, .)

.bss            0x0080213a     0x1cb4
                0x0080213a                PROVIDE (__bss_start, .)
 *(.bss)
 *(.bss*)
 .bss.xNextFreeByte
                0x0080213a        0x2 FreeRTOS/Port/heap_1.o
 .bss.xHeap     0x0080213c     0x1770 FreeRTOS/Port/heap_1.o
 .bss.uxSchedulerSuspended
                0x008038ac        0x1 FreeRTOS/Source/tasks.o
 .bss.uxTaskNumber
                0x008038ad        0x1 FreeRTOS/Source/tasks.o
 .bss.xNumOfOverflows
                0x008038ae        0x1 FreeRTOS/Source/tasks.o
 .bss.xYieldPending
                0x008038af        0x1 FreeRTOS/Source/tasks.o
 .bss.uxPendedTicks
                0x008038b0        0x1 FreeRTOS/Source/tasks.o
 .bss.xSchedulerRunning
                0x008038b1        0x1 FreeRTOS/Source/tasks.o
 .bss.uxTopReadyPriority
                0x008038b2        0x1 FreeRTOS/Source/tasks.o
 .bss.xTickCount
                0x008038b3        0x2 FreeRTOS/Source/tasks.o
 .bss.uxCurrentNumberOfTasks
                0x008038b5        0x1 FreeRTOS/Source/tasks.o
 .bss.xSuspendedTaskList
                0x008038b6        0x9 FreeRTOS/Source/tasks.o
 .bss.uxTasksDeleted
                0x008038bf        0x1 FreeRTOS/Source/tasks.o
 .bss.xTasksWaitingTermination
                0x008038c0        0x9 FreeRTOS/Source/tasks.o
 .bss.xPendingReadyList
                0x008038c9        0x9 FreeRTOS/Source/tasks.o
 .bss.pxOverflowDelayedTaskList
                0x008038d2        0x2 FreeRTOS/Source/tasks.o
 .bss.pxDelayedTaskList
                0x008038d4        0x2 FreeRTOS/Source/tasks.o
 .bss.xDelayedTaskList2
                0x008038d6        0x9 FreeRTOS/Source/tasks.o
 .bss.xDelayedTaskList1
                0x008038df        0x9 FreeRTOS/Source/tasks.o
 .bss.pxReadyTasksLists
                0x008038e8       0x2d FreeRTOS/Source/tasks.o
 .bss.pxCurrentTCB
                0x00803915        0x2 FreeRTOS/Source/tasks.o
                0x00803915                pxCurrentTCB
 .bss.xLastTime.4536
                0x00803917        0x2 FreeRTOS/Source/timers.o
 .bss.xTimerQueue
                0x00803919        0x2 FreeRTOS/Source/timers.o
 .bss.pxOverflowTimerList
                0x0080391b        0x2 FreeRTOS/Source/timers.o
 .bss.pxCurrentTimerList
                0x0080391d        0x2 FreeRTOS/Source/timers.o
 .bss.xActiveTimerList2
                0x0080391f        0x9 FreeRTOS/Source/timers.o
 .bss.xActiveTimerList1
                0x00803928        0x9 FreeRTOS/Source/timers.o
 .bss.size      0x00803931        0x2 libscp/src/csp_buffer.o
 .bss.count     0x00803933        0x2 libscp/src/csp_buffer.o
 .bss.csp_buffer_pool
                0x00803935        0x2 libscp/src/csp_buffer.o
 .bss.csp_buffers
                0x00803937        0x2 libscp/src/csp_buffer.o
 .bss.csp_conn_last_given.5167
                0x00803939        0x1 libscp/src/csp_conn.o
 .bss.sport_lock
                0x0080393a        0x2 libscp/src/csp_conn.o
 .bss.sport     0x0080393c        0x1 libscp/src/csp_conn.o
 .bss.conn_lock
                0x0080393d        0x2 libscp/src/csp_conn.o
 .bss.arr_conn  0x0080393f       0xf0 libscp/src/csp_conn.o
 .bss.csp_model
                0x00803a2f        0x2 libscp/src/csp_io.o
 .bss.csp_hostname
                0x00803a31        0x2 libscp/src/csp_io.o
 .bss.ports     0x00803a33       0x63 libscp/src/csp_port.o
 .bss.router_input_fifo
                0x00803a96        0x2 libscp/src/csp_route.o
 .bss.handle_router
                0x00803a98        0x2 libscp/src/csp_route.o
 .bss.routes    0x00803a9a       0x63 libscp/src/csp_route.o
 .bss.interfaces
                0x00803afd        0x2 libscp/src/csp_route.o
 .bss.packet.4551
                0x00803aff        0x2 libscp/src/interfaces/csp_if_i2c.o
 *(COMMON)
 COMMON         0x00803b01        0x3 cspTask.o
                0x00803b01                xCSPEventQueue
                0x00803b03                sampling
 COMMON         0x00803b04      0x170 csp_interface.o
                0x00803b04                twi_csp_slave
                0x00803b56                twi_csp_master
                0x00803c72                callbackFunction
 COMMON         0x00803c74       0x14 FreeRTOS/Source/queue.o
                0x00803c74                xQueueRegistry
 COMMON         0x00803c88        0x1 libscp/src/csp_io.o
                0x00803c88                my_address
 COMMON         0x00803c89        0x2 mainTask.o
                0x00803c89                outcomingPacket
 COMMON         0x00803c8b      0x125 MyDrivers/ADT7420.o
                0x00803c8b                twi_adt_master
                0x00803da7                ADT_commands
                0x00803da8                adt_write_buffer
 COMMON         0x00803db0        0x8 MyDrivers/usart_driver_RTOS.o
                0x00803db0                usartBufferF
                0x00803db2                usartBufferE
                0x00803db4                usartBufferD
                0x00803db6                usartBufferC
 COMMON         0x00803db8       0x20 spi_memory_23lcxx.o
                0x00803db8                buffer_memory
 COMMON         0x00803dd8        0x2 src/ASF/xmega/drivers/adc/adc.o
                0x00803dd8                adca_callback
 COMMON         0x00803dda       0x14 system.o
                0x00803dda                count_TCD0
                0x00803ddc                hoursTimer
                0x00803de0                milisecondsTimer
                0x00803de4                ADD_result
                0x00803de6                signal_offset
                0x00803dea                secondsTimer
                0x00803dee                PROVIDE (__bss_end, .)
                0x000084f6                __data_load_start = LOADADDR (.data)
                0x00008630                __data_load_end = (__data_load_start + SIZEOF (.data))

.noinit         0x00803dee        0x0
                0x00803dee                PROVIDE (__noinit_start, .)
 *(.noinit*)
                0x00803dee                PROVIDE (__noinit_end, .)
                0x00803dee                _end = .
                0x00803dee                PROVIDE (__heap_start, .)

.eeprom         0x00810000        0x0
 *(.eeprom*)
                0x00810000                __eeprom_end = .

.fuse
 *(.fuse)
 *(.lfuse)
 *(.hfuse)
 *(.efuse)

.lock
 *(.lock*)

.signature
 *(.signature*)

.user_signatures
 *(.user_signatures*)

.stab
 *(.stab)

.stabstr
 *(.stabstr)

.stab.excl
 *(.stab.excl)

.stab.exclstr
 *(.stab.exclstr)

.stab.index
 *(.stab.index)

.stab.indexstr
 *(.stab.indexstr)

.comment        0x00000000       0x5c
 *(.comment)
 .comment       0x00000000       0x30 cspTask.o
                                 0x31 (size before relaxing)
 .comment       0x00000000       0x31 csp_interface.o
 .comment       0x00000000       0x31 fft_memory.o
 .comment       0x00000000       0x31 FreeRTOS/Port/heap_1.o
 .comment       0x00000000       0x31 FreeRTOS/Port/port.o
 .comment       0x00000000       0x31 FreeRTOS/Source/croutine.o
 .comment       0x00000000       0x31 FreeRTOS/Source/event_groups.o
 .comment       0x00000000       0x31 FreeRTOS/Source/list.o
 .comment       0x00000000       0x31 FreeRTOS/Source/queue.o
 .comment       0x00000000       0x31 FreeRTOS/Source/tasks.o
 .comment       0x00000000       0x31 FreeRTOS/Source/timers.o
 .comment       0x00000000       0x31 libscp/src/arch/freertos/csp_clock.o
 .comment       0x00000000       0x31 libscp/src/arch/freertos/csp_malloc.o
 .comment       0x00000000       0x31 libscp/src/arch/freertos/csp_queue.o
 .comment       0x00000000       0x31 libscp/src/arch/freertos/csp_semaphore.o
 .comment       0x00000000       0x31 libscp/src/arch/freertos/csp_system.o
 .comment       0x00000000       0x31 libscp/src/arch/freertos/csp_thread.o
 .comment       0x00000000       0x31 libscp/src/arch/freertos/csp_time.o
 .comment       0x00000000       0x31 libscp/src/crypto/csp_hmac.o
 .comment       0x00000000       0x31 libscp/src/crypto/csp_sha1.o
 .comment       0x00000000       0x31 libscp/src/crypto/csp_xtea.o
 .comment       0x00000000       0x31 libscp/src/csp_buffer.o
 .comment       0x00000000       0x31 libscp/src/csp_conn.o
 .comment       0x00000000       0x31 libscp/src/csp_crc32.o
 .comment       0x00000000       0x31 libscp/src/csp_debug.o
 .comment       0x00000000       0x31 libscp/src/csp_endian.o
 .comment       0x00000000       0x31 libscp/src/csp_io.o
 .comment       0x00000000       0x31 libscp/src/csp_port.o
 .comment       0x00000000       0x31 libscp/src/csp_route.o
 .comment       0x00000000       0x31 libscp/src/csp_services.o
 .comment       0x00000000       0x31 libscp/src/csp_service_handler.o
 .comment       0x00000000       0x31 libscp/src/csp_sfp.o
 .comment       0x00000000       0x31 libscp/src/interfaces/csp_if_can.o
 .comment       0x00000000       0x31 libscp/src/interfaces/csp_if_i2c.o
 .comment       0x00000000       0x31 libscp/src/interfaces/csp_if_kiss.o
 .comment       0x00000000       0x31 libscp/src/interfaces/csp_if_lo.o
 .comment       0x00000000       0x31 libscp/src/transport/csp_rdp.o
 .comment       0x00000000       0x31 libscp/src/transport/csp_udp.o
 .comment       0x00000000       0x31 main.o
 .comment       0x00000000       0x31 mainTask.o
 .comment       0x00000000       0x31 MyDrivers/ADT7420.o
 .comment       0x00000000       0x31 MyDrivers/clksys_driver.o
 .comment       0x00000000       0x31 MyDrivers/pmic_driver.o
 .comment       0x00000000       0x31 MyDrivers/port_driver.o
 .comment       0x00000000       0x31 MyDrivers/TC_driver.o
 .comment       0x00000000       0x31 MyDrivers/twi_master_driver.o
 .comment       0x00000000       0x31 MyDrivers/twi_slave_driver.o
 .comment       0x00000000       0x31 MyDrivers/usart_driver_RTOS.o
 .comment       0x00000000       0x31 spi_memory_23lcxx.o
 .comment       0x00000000       0x31 src/ASF/common/services/sleepmgr/xmega/sleepmgr.o
 .comment       0x00000000       0x31 src/ASF/common/services/spi/xmega_spi/spi_master.o
 .comment       0x00000000       0x31 src/ASF/xmega/drivers/adc/adc.o
 .comment       0x00000000       0x31 src/ASF/xmega/drivers/adc/xmega_aau/adc_aau.o
 .comment       0x00000000       0x31 src/ASF/xmega/drivers/spi/spi.o
 .comment       0x00000000       0x31 system.o
 .comment       0x00000000       0x31 src/ASF/common/services/clock/xmega/sysclk.o
 .comment       0x00000000       0x31 src/ASF/common/services/ioport/xmega/ioport_compat.o
 .comment       0x00000000       0x31 src/ASF/xmega/drivers/nvm/nvm.o
 .comment       0x00000030       0x2c c:/program files (x86)/atmel/atmel toolchain/avr8 gcc/native/3.4.1056/avr8-gnu-toolchain/bin/../lib/gcc/avr/4.8.1/../../../../avr/lib/avrxmega7\libprintf_flt.a(vfprintf_flt.o)
                                 0x2d (size before relaxing)
 .comment       0x00000000       0x31 c:/program files (x86)/atmel/atmel toolchain/avr8 gcc/native/3.4.1056/avr8-gnu-toolchain/bin/../lib/gcc/avr/4.8.1/../../../../avr/lib/avrxmega7\libc.a(rand.o)
 .comment       0x00000000       0x31 c:/program files (x86)/atmel/atmel toolchain/avr8 gcc/native/3.4.1056/avr8-gnu-toolchain/bin/../lib/gcc/avr/4.8.1/../../../../avr/lib/avrxmega7\libc.a(fputc.o)
 .comment       0x00000000       0x31 c:/program files (x86)/atmel/atmel toolchain/avr8 gcc/native/3.4.1056/avr8-gnu-toolchain/bin/../lib/gcc/avr/4.8.1/../../../../avr/lib/avrxmega7\libc.a(iob.o)
 .comment       0x00000000       0x31 c:/program files (x86)/atmel/atmel toolchain/avr8 gcc/native/3.4.1056/avr8-gnu-toolchain/bin/../lib/gcc/avr/4.8.1/../../../../avr/lib/avrxmega7\libc.a(printf_p.o)
 .comment       0x00000000       0x31 c:/program files (x86)/atmel/atmel toolchain/avr8 gcc/native/3.4.1056/avr8-gnu-toolchain/bin/../lib/gcc/avr/4.8.1/../../../../avr/lib/avrxmega7\libc.a(sprintf.o)
 .comment       0x00000000       0x31 c:/program files (x86)/atmel/atmel toolchain/avr8 gcc/native/3.4.1056/avr8-gnu-toolchain/bin/../lib/gcc/avr/4.8.1/../../../../avr/lib/avrxmega7\libc.a(vfprintf_p.o)
 .comment       0x00000000       0x31 c:/program files (x86)/atmel/atmel toolchain/avr8 gcc/native/3.4.1056/avr8-gnu-toolchain/bin/../lib/gcc/avr/4.8.1/../../../../avr/lib/avrxmega7\libc.a(vsnprintf.o)

.note.gnu.build-id
 *(.note.gnu.build-id)

.debug
 *(.debug)

.line
 *(.line)

.debug_srcinfo
 *(.debug_srcinfo)

.debug_sfnames
 *(.debug_sfnames)

.debug_aranges  0x00000000     0x1270
 *(.debug_aranges)
 .debug_aranges
                0x00000000       0x20 cspTask.o
 .debug_aranges
                0x00000020       0x50 csp_interface.o
 .debug_aranges
                0x00000070       0x28 fft_memory.o
 .debug_aranges
                0x00000098       0x38 FreeRTOS/Port/heap_1.o
 .debug_aranges
                0x000000d0       0x40 FreeRTOS/Port/port.o
 .debug_aranges
                0x00000110       0x38 FreeRTOS/Source/croutine.o
 .debug_aranges
                0x00000148       0x78 FreeRTOS/Source/event_groups.o
 .debug_aranges
                0x000001c0       0x40 FreeRTOS/Source/list.o
 .debug_aranges
                0x00000200       0xd8 FreeRTOS/Source/queue.o
 .debug_aranges
                0x000002d8      0x188 FreeRTOS/Source/tasks.o
 .debug_aranges
                0x00000460       0x78 FreeRTOS/Source/timers.o
 .debug_aranges
                0x000004d8       0x28 libscp/src/arch/freertos/csp_malloc.o
 .debug_aranges
                0x00000500       0x58 libscp/src/arch/freertos/csp_queue.o
 .debug_aranges
                0x00000558       0x60 libscp/src/arch/freertos/csp_semaphore.o
 .debug_aranges
                0x000005b8       0x40 libscp/src/arch/freertos/csp_system.o
 .debug_aranges
                0x000005f8       0x20 libscp/src/arch/freertos/csp_thread.o
 .debug_aranges
                0x00000618       0x38 libscp/src/arch/freertos/csp_time.o
 .debug_aranges
                0x00000650       0x18 libscp/src/crypto/csp_hmac.o
 .debug_aranges
                0x00000668       0x18 libscp/src/crypto/csp_sha1.o
 .debug_aranges
                0x00000680       0x18 libscp/src/crypto/csp_xtea.o
 .debug_aranges
                0x00000698       0x58 libscp/src/csp_buffer.o
 .debug_aranges
                0x000006f0       0xa0 libscp/src/csp_conn.o
 .debug_aranges
                0x00000790       0x30 libscp/src/csp_crc32.o
 .debug_aranges
                0x000007c0       0x40 libscp/src/csp_debug.o
 .debug_aranges
                0x00000800       0xa8 libscp/src/csp_endian.o
 .debug_aranges
                0x000008a8       0x98 libscp/src/csp_io.o
 .debug_aranges
                0x00000940       0x38 libscp/src/csp_port.o
 .debug_aranges
                0x00000978       0x90 libscp/src/csp_route.o
 .debug_aranges
                0x00000a08       0x58 libscp/src/csp_services.o
 .debug_aranges
                0x00000a60       0x28 libscp/src/csp_service_handler.o
 .debug_aranges
                0x00000a88       0x28 libscp/src/csp_sfp.o
 .debug_aranges
                0x00000ab0       0x60 libscp/src/interfaces/csp_if_can.o
 .debug_aranges
                0x00000b10       0x30 libscp/src/interfaces/csp_if_i2c.o
 .debug_aranges
                0x00000b40       0x30 libscp/src/interfaces/csp_if_kiss.o
 .debug_aranges
                0x00000b70       0x20 libscp/src/interfaces/csp_if_lo.o
 .debug_aranges
                0x00000b90       0x18 libscp/src/transport/csp_rdp.o
 .debug_aranges
                0x00000ba8       0x20 libscp/src/transport/csp_udp.o
 .debug_aranges
                0x00000bc8       0x20 main.o
 .debug_aranges
                0x00000be8       0x50 mainTask.o
 .debug_aranges
                0x00000c38       0x30 MyDrivers/ADT7420.o
 .debug_aranges
                0x00000c68       0x68 MyDrivers/clksys_driver.o
 .debug_aranges
                0x00000cd0       0x28 MyDrivers/pmic_driver.o
 .debug_aranges
                0x00000cf8       0x30 MyDrivers/port_driver.o
 .debug_aranges
                0x00000d28       0xc8 MyDrivers/TC_driver.o
 .debug_aranges
                0x00000df0       0x70 MyDrivers/twi_master_driver.o
 .debug_aranges
                0x00000e60       0x60 MyDrivers/twi_slave_driver.o
 .debug_aranges
                0x00000ec0       0x90 MyDrivers/usart_driver_RTOS.o
 .debug_aranges
                0x00000f50       0x50 spi_memory_23lcxx.o
 .debug_aranges
                0x00000fa0       0x18 src/ASF/common/services/sleepmgr/xmega/sleepmgr.o
 .debug_aranges
                0x00000fb8       0x48 src/ASF/common/services/spi/xmega_spi/spi_master.o
 .debug_aranges
                0x00001000       0x48 src/ASF/xmega/drivers/adc/adc.o
 .debug_aranges
                0x00001048       0x58 src/ASF/xmega/drivers/adc/xmega_aau/adc_aau.o
 .debug_aranges
                0x000010a0       0x20 src/ASF/xmega/drivers/spi/spi.o
 .debug_aranges
                0x000010c0       0x48 system.o
 .debug_aranges
                0x00001108       0x40 src/ASF/common/services/clock/xmega/sysclk.o
 .debug_aranges
                0x00001148       0x20 src/ASF/common/services/ioport/xmega/ioport_compat.o
 .debug_aranges
                0x00001168       0xc0 src/ASF/xmega/drivers/nvm/nvm.o
 .debug_aranges
                0x00001228       0x28 src/ASF/xmega/drivers/nvm/nvm_asm.o
 .debug_aranges
                0x00001250       0x20 src/ASF/xmega/drivers/cpu/ccp.o

.debug_pubnames
 *(.debug_pubnames)

.debug_info     0x00000000    0x1fada
 *(.debug_info .gnu.linkonce.wi.*)
 .debug_info    0x00000000      0x810 cspTask.o
 .debug_info    0x00000810      0x9c5 csp_interface.o
 .debug_info    0x000011d5      0x505 fft_memory.o
 .debug_info    0x000016da      0x19e FreeRTOS/Port/heap_1.o
 .debug_info    0x00001878      0xa08 FreeRTOS/Port/port.o
 .debug_info    0x00002280      0x78d FreeRTOS/Source/croutine.o
 .debug_info    0x00002a0d      0xac0 FreeRTOS/Source/event_groups.o
 .debug_info    0x000034cd      0x2b7 FreeRTOS/Source/list.o
 .debug_info    0x00003784     0x12c7 FreeRTOS/Source/queue.o
 .debug_info    0x00004a4b     0x2330 FreeRTOS/Source/tasks.o
 .debug_info    0x00006d7b     0x116b FreeRTOS/Source/timers.o
 .debug_info    0x00007ee6      0x122 libscp/src/arch/freertos/csp_malloc.o
 .debug_info    0x00008008      0x4c0 libscp/src/arch/freertos/csp_queue.o
 .debug_info    0x000084c8      0x488 libscp/src/arch/freertos/csp_semaphore.o
 .debug_info    0x00008950      0x322 libscp/src/arch/freertos/csp_system.o
 .debug_info    0x00008c72      0x291 libscp/src/arch/freertos/csp_thread.o
 .debug_info    0x00008f03      0x139 libscp/src/arch/freertos/csp_time.o
 .debug_info    0x0000903c       0x64 libscp/src/crypto/csp_hmac.o
 .debug_info    0x000090a0       0x64 libscp/src/crypto/csp_sha1.o
 .debug_info    0x00009104       0x64 libscp/src/crypto/csp_xtea.o
 .debug_info    0x00009168      0x722 libscp/src/csp_buffer.o
 .debug_info    0x0000988a      0xbae libscp/src/csp_conn.o
 .debug_info    0x0000a438      0x3af libscp/src/csp_crc32.o
 .debug_info    0x0000a7e7      0x4d8 libscp/src/csp_debug.o
 .debug_info    0x0000acbf      0x563 libscp/src/csp_endian.o
 .debug_info    0x0000b222      0xf59 libscp/src/csp_io.o
 .debug_info    0x0000c17b      0x3fc libscp/src/csp_port.o
 .debug_info    0x0000c577      0xf0c libscp/src/csp_route.o
 .debug_info    0x0000d483      0xe80 libscp/src/csp_services.o
 .debug_info    0x0000e303      0xeb3 libscp/src/csp_service_handler.o
 .debug_info    0x0000f1b6      0x797 libscp/src/csp_sfp.o
 .debug_info    0x0000f94d     0x147a libscp/src/interfaces/csp_if_can.o
 .debug_info    0x00010dc7      0x6b6 libscp/src/interfaces/csp_if_i2c.o
 .debug_info    0x0001147d      0x82f libscp/src/interfaces/csp_if_kiss.o
 .debug_info    0x00011cac      0x3ca libscp/src/interfaces/csp_if_lo.o
 .debug_info    0x00012076       0x64 libscp/src/transport/csp_rdp.o
 .debug_info    0x000120da      0x401 libscp/src/transport/csp_udp.o
 .debug_info    0x000124db      0x748 main.o
 .debug_info    0x00012c23     0x1a93 mainTask.o
 .debug_info    0x000146b6      0x6a9 MyDrivers/ADT7420.o
 .debug_info    0x00014d5f      0x64b MyDrivers/clksys_driver.o
 .debug_info    0x000153aa      0x1f5 MyDrivers/pmic_driver.o
 .debug_info    0x0001559f      0x48c MyDrivers/port_driver.o
 .debug_info    0x00015a2b     0x1315 MyDrivers/TC_driver.o
 .debug_info    0x00016d40      0x88f MyDrivers/twi_master_driver.o
 .debug_info    0x000175cf      0x795 MyDrivers/twi_slave_driver.o
 .debug_info    0x00017d64      0xf95 MyDrivers/usart_driver_RTOS.o
 .debug_info    0x00018cf9      0xc23 spi_memory_23lcxx.o
 .debug_info    0x0001991c      0x11d src/ASF/common/services/sleepmgr/xmega/sleepmgr.o
 .debug_info    0x00019a39      0xb80 src/ASF/common/services/spi/xmega_spi/spi_master.o
 .debug_info    0x0001a5b9      0xa57 src/ASF/xmega/drivers/adc/adc.o
 .debug_info    0x0001b010      0xd4f src/ASF/xmega/drivers/adc/xmega_aau/adc_aau.o
 .debug_info    0x0001bd5f      0x1b5 src/ASF/xmega/drivers/spi/spi.o
 .debug_info    0x0001bf14     0x1dde system.o
 .debug_info    0x0001dcf2      0x829 src/ASF/common/services/clock/xmega/sysclk.o
 .debug_info    0x0001e51b      0x119 src/ASF/common/services/ioport/xmega/ioport_compat.o
 .debug_info    0x0001e634     0x13c2 src/ASF/xmega/drivers/nvm/nvm.o
 .debug_info    0x0001f9f6       0x72 src/ASF/xmega/drivers/nvm/nvm_asm.o
 .debug_info    0x0001fa68       0x72 src/ASF/xmega/drivers/cpu/ccp.o

.debug_abbrev   0x00000000     0x718d
 *(.debug_abbrev)
 .debug_abbrev  0x00000000      0x21a cspTask.o
 .debug_abbrev  0x0000021a      0x25d csp_interface.o
 .debug_abbrev  0x00000477      0x18e fft_memory.o
 .debug_abbrev  0x00000605      0x148 FreeRTOS/Port/heap_1.o
 .debug_abbrev  0x0000074d      0x223 FreeRTOS/Port/port.o
 .debug_abbrev  0x00000970      0x257 FreeRTOS/Source/croutine.o
 .debug_abbrev  0x00000bc7      0x274 FreeRTOS/Source/event_groups.o
 .debug_abbrev  0x00000e3b       0xf8 FreeRTOS/Source/list.o
 .debug_abbrev  0x00000f33      0x30e FreeRTOS/Source/queue.o
 .debug_abbrev  0x00001241      0x39b FreeRTOS/Source/tasks.o
 .debug_abbrev  0x000015dc      0x334 FreeRTOS/Source/timers.o
 .debug_abbrev  0x00001910       0xd8 libscp/src/arch/freertos/csp_malloc.o
 .debug_abbrev  0x000019e8      0x102 libscp/src/arch/freertos/csp_queue.o
 .debug_abbrev  0x00001aea      0x109 libscp/src/arch/freertos/csp_semaphore.o
 .debug_abbrev  0x00001bf3      0x1a1 libscp/src/arch/freertos/csp_system.o
 .debug_abbrev  0x00001d94       0xe4 libscp/src/arch/freertos/csp_thread.o
 .debug_abbrev  0x00001e78       0x73 libscp/src/arch/freertos/csp_time.o
 .debug_abbrev  0x00001eeb       0x26 libscp/src/crypto/csp_hmac.o
 .debug_abbrev  0x00001f11       0x26 libscp/src/crypto/csp_sha1.o
 .debug_abbrev  0x00001f37       0x26 libscp/src/crypto/csp_xtea.o
 .debug_abbrev  0x00001f5d      0x255 libscp/src/csp_buffer.o
 .debug_abbrev  0x000021b2      0x318 libscp/src/csp_conn.o
 .debug_abbrev  0x000024ca      0x1c1 libscp/src/csp_crc32.o
 .debug_abbrev  0x0000268b      0x239 libscp/src/csp_debug.o
 .debug_abbrev  0x000028c4      0x11f libscp/src/csp_endian.o