Archive member included because of file (symbol)

c:/program files (x86)/atmel/atmel toolchain/avr8 gcc/native/3.4.1061/avr8-gnu-toolchain/bin/../lib/gcc/avr/4.8.1/../../../../avr/lib/avrxmega7\libprintf_flt.a(vfprintf_flt.o)
                              (vfprintf)
c:/program files (x86)/atmel/atmel toolchain/avr8 gcc/native/3.4.1061/avr8-gnu-toolchain/bin/../lib/gcc/avr/4.8.1/avrxmega7\libgcc.a(_divmodhi4.o)
                              libscp/src/csp_conn.o (__divmodhi4)
c:/program files (x86)/atmel/atmel toolchain/avr8 gcc/native/3.4.1061/avr8-gnu-toolchain/bin/../lib/gcc/avr/4.8.1/avrxmega7\libgcc.a(_exit.o)
                              c:/program files (x86)/atmel/atmel toolchain/avr8 gcc/native/3.4.1061/avr8-gnu-toolchain/bin/../lib/gcc/avr/4.8.1/../../../../avr/lib/avrxmega7/crtx128a4u.o (exit)
c:/program files (x86)/atmel/atmel toolchain/avr8 gcc/native/3.4.1061/avr8-gnu-toolchain/bin/../lib/gcc/avr/4.8.1/avrxmega7\libgcc.a(_tablejump.o)
                              libscp/src/arch/freertos/csp_system.o (__tablejump2__)
c:/program files (x86)/atmel/atmel toolchain/avr8 gcc/native/3.4.1061/avr8-gnu-toolchain/bin/../lib/gcc/avr/4.8.1/avrxmega7\libgcc.a(_copy_data.o)
                              FreeRTOS/Source/tasks.o (__do_copy_data)
c:/program files (x86)/atmel/atmel toolchain/avr8 gcc/native/3.4.1061/avr8-gnu-toolchain/bin/../lib/gcc/avr/4.8.1/avrxmega7\libgcc.a(_clear_bss.o)
                              cspTask.o (__do_clear_bss)
c:/program files (x86)/atmel/atmel toolchain/avr8 gcc/native/3.4.1061/avr8-gnu-toolchain/bin/../lib/gcc/avr/4.8.1/avrxmega7\libgcc.a(_umulhisi3.o)
                              libscp/src/arch/freertos/csp_time.o (__umulhisi3)
c:/program files (x86)/atmel/atmel toolchain/avr8 gcc/native/3.4.1061/avr8-gnu-toolchain/bin/../lib/gcc/avr/4.8.1/avrxmega7\libgcc.a(_ashldi3.o)
                              libscp/src/csp_endian.o (__ashldi3)
c:/program files (x86)/atmel/atmel toolchain/avr8 gcc/native/3.4.1061/avr8-gnu-toolchain/bin/../lib/gcc/avr/4.8.1/avrxmega7\libgcc.a(_ashrdi3.o)
                              libscp/src/csp_endian.o (__lshrdi3)
c:/program files (x86)/atmel/atmel toolchain/avr8 gcc/native/3.4.1061/avr8-gnu-toolchain/bin/../lib/gcc/avr/4.8.1/avrxmega7\libgcc.a(_udivmodhi4.o)
                              c:/program files (x86)/atmel/atmel toolchain/avr8 gcc/native/3.4.1061/avr8-gnu-toolchain/bin/../lib/gcc/avr/4.8.1/avrxmega7\libgcc.a(_divmodhi4.o) (__udivmodhi4)
c:/program files (x86)/atmel/atmel toolchain/avr8 gcc/native/3.4.1061/avr8-gnu-toolchain/bin/../lib/gcc/avr/4.8.1/../../../../avr/lib/avrxmega7\libc.a(rand.o)
                              libscp/src/csp_conn.o (rand)
c:/program files (x86)/atmel/atmel toolchain/avr8 gcc/native/3.4.1061/avr8-gnu-toolchain/bin/../lib/gcc/avr/4.8.1/../../../../avr/lib/avrxmega7\libc.a(ftoa_engine.o)
                              c:/program files (x86)/atmel/atmel toolchain/avr8 gcc/native/3.4.1061/avr8-gnu-toolchain/bin/../lib/gcc/avr/4.8.1/../../../../avr/lib/avrxmega7\libprintf_flt.a(vfprintf_flt.o) (__ftoa_engine)
c:/program files (x86)/atmel/atmel toolchain/avr8 gcc/native/3.4.1061/avr8-gnu-toolchain/bin/../lib/gcc/avr/4.8.1/../../../../avr/lib/avrxmega7\libc.a(strnlen_P.o)
                              c:/program files (x86)/atmel/atmel toolchain/avr8 gcc/native/3.4.1061/avr8-gnu-toolchain/bin/../lib/gcc/avr/4.8.1/../../../../avr/lib/avrxmega7\libprintf_flt.a(vfprintf_flt.o) (strnlen_P)
c:/program files (x86)/atmel/atmel toolchain/avr8 gcc/native/3.4.1061/avr8-gnu-toolchain/bin/../lib/gcc/avr/4.8.1/../../../../avr/lib/avrxmega7\libc.a(memcmp.o)
                              libscp/src/csp_crc32.o (memcmp)
c:/program files (x86)/atmel/atmel toolchain/avr8 gcc/native/3.4.1061/avr8-gnu-toolchain/bin/../lib/gcc/avr/4.8.1/../../../../avr/lib/avrxmega7\libc.a(memcpy.o)
                              FreeRTOS/Source/queue.o (memcpy)
c:/program files (x86)/atmel/atmel toolchain/avr8 gcc/native/3.4.1061/avr8-gnu-toolchain/bin/../lib/gcc/avr/4.8.1/../../../../avr/lib/avrxmega7\libc.a(memset.o)
                              FreeRTOS/Source/tasks.o (memset)
c:/program files (x86)/atmel/atmel toolchain/avr8 gcc/native/3.4.1061/avr8-gnu-toolchain/bin/../lib/gcc/avr/4.8.1/../../../../avr/lib/avrxmega7\libc.a(strcat.o)
                              FreeRTOS/Source/tasks.o (strcat)
c:/program files (x86)/atmel/atmel toolchain/avr8 gcc/native/3.4.1061/avr8-gnu-toolchain/bin/../lib/gcc/avr/4.8.1/../../../../avr/lib/avrxmega7\libc.a(strcpy.o)
                              mainTask.o (strcpy)
c:/program files (x86)/atmel/atmel toolchain/avr8 gcc/native/3.4.1061/avr8-gnu-toolchain/bin/../lib/gcc/avr/4.8.1/../../../../avr/lib/avrxmega7\libc.a(strncmp.o)
                              libscp/src/csp_route.o (strncmp)
c:/program files (x86)/atmel/atmel toolchain/avr8 gcc/native/3.4.1061/avr8-gnu-toolchain/bin/../lib/gcc/avr/4.8.1/../../../../avr/lib/avrxmega7\libc.a(strncpy.o)
[...]
Memory Configuration

Name             Origin             Length             Attributes
text             0x00000000         0x00100000         xr
data             0x00802000         0x0000ffa0         rw !x
eeprom           0x00810000         0x00010000         rw !x
fuse             0x00820000         0x00000400         rw !x
lock             0x00830000         0x00000400         rw !x
signature        0x00840000         0x00000400         rw !x
user_signatures  0x00850000         0x00000400         rw !x
*default*        0x00000000         0xffffffff

Linker script and memory map

LOAD c:/program files (x86)/atmel/atmel toolchain/avr8 gcc/native/3.4.1061/avr8-gnu-toolchain/bin/../lib/gcc/avr/4.8.1/../../../../avr/lib/avrxmega7/crtx128a4u.o
LOAD cspTask.o
LOAD csp_interface.o
LOAD FreeRTOS/Port/heap_1.o
LOAD FreeRTOS/Port/port.o
LOAD FreeRTOS/Source/croutine.o
LOAD FreeRTOS/Source/list.o
LOAD FreeRTOS/Source/queue.o
LOAD FreeRTOS/Source/tasks.o
LOAD FreeRTOS/Source/timers.o
LOAD libscp/src/arch/freertos/csp_malloc.o
LOAD libscp/src/arch/freertos/csp_queue.o
LOAD libscp/src/arch/freertos/csp_semaphore.o
LOAD libscp/src/arch/freertos/csp_system.o
LOAD libscp/src/arch/freertos/csp_thread.o
LOAD libscp/src/arch/freertos/csp_time.o
LOAD libscp/src/crypto/csp_hmac.o
LOAD libscp/src/crypto/csp_sha1.o
LOAD libscp/src/crypto/csp_xtea.o
LOAD libscp/src/csp_buffer.o
LOAD libscp/src/csp_conn.o
LOAD libscp/src/csp_crc32.o
LOAD libscp/src/csp_debug.o
LOAD libscp/src/csp_endian.o
LOAD libscp/src/csp_io.o
LOAD libscp/src/csp_port.o
LOAD libscp/src/csp_route.o
LOAD libscp/src/csp_services.o
LOAD libscp/src/csp_service_handler.o
LOAD libscp/src/csp_sfp.o
LOAD libscp/src/interfaces/csp_if_i2c.o
LOAD libscp/src/interfaces/csp_if_lo.o
LOAD libscp/src/transport/csp_rdp.o
LOAD libscp/src/transport/csp_udp.o
LOAD main.o
LOAD mainTask.o
LOAD MyDrivers/clksys_driver.o
LOAD MyDrivers/port_driver.o
LOAD MyDrivers/TC_driver.o
LOAD MyDrivers/twi_master_driver.o
LOAD MyDrivers/twi_slave_driver.o
LOAD MyDrivers/usart_driver_RTOS.o
LOAD spi_memory_25lcxx.o
LOAD system.o
LOAD src/ASF/common/services/clock/xmega/sysclk.o
LOAD src/ASF/common/services/ioport/xmega/ioport_compat.o
LOAD src/ASF/xmega/drivers/nvm/nvm.o
LOAD src/ASF/xmega/drivers/nvm/nvm_asm.o
LOAD src/ASF/xmega/drivers/cpu/ccp.o
START GROUP
LOAD c:/program files (x86)/atmel/atmel toolchain/avr8 gcc/native/3.4.1061/avr8-gnu-toolchain/bin/../lib/gcc/avr/4.8.1/../../../../avr/lib/avrxmega7\libm.a
LOAD c:/program files (x86)/atmel/atmel toolchain/avr8 gcc/native/3.4.1061/avr8-gnu-toolchain/bin/../lib/gcc/avr/4.8.1/../../../../avr/lib/avrxmega7\libprintf_flt.a
END GROUP
START GROUP
LOAD c:/program files (x86)/atmel/atmel toolchain/avr8 gcc/native/3.4.1061/avr8-gnu-toolchain/bin/../lib/gcc/avr/4.8.1/avrxmega7\libgcc.a
LOAD c:/program files (x86)/atmel/atmel toolchain/avr8 gcc/native/3.4.1061/avr8-gnu-toolchain/bin/../lib/gcc/avr/4.8.1/../../../../avr/lib/avrxmega7\libm.a
LOAD c:/program files (x86)/atmel/atmel toolchain/avr8 gcc/native/3.4.1061/avr8-gnu-toolchain/bin/../lib/gcc/avr/4.8.1/../../../../avr/lib/avrxmega7\libc.a
END GROUP

.hash
 *(.hash)

.dynsym
 *(.dynsym)

.dynstr
 *(.dynstr)

.gnu.version
 *(.gnu.version)

.gnu.version_d
 *(.gnu.version_d)

.gnu.version_r
 *(.gnu.version_r)

.rel.init
 *(.rel.init)

.rela.init
 *(.rela.init)

.rel.text
 *(.rel.text)
 *(.rel.text.*)
 *(.rel.gnu.linkonce.t*)

.rela.text
 *(.rela.text)
 *(.rela.text.*)
 *(.rela.gnu.linkonce.t*)

.rel.fini
 *(.rel.fini)

.rela.fini
 *(.rela.fini)

.rel.rodata
 *(.rel.rodata)
 *(.rel.rodata.*)
 *(.rel.gnu.linkonce.r*)

.rela.rodata
 *(.rela.rodata)
 *(.rela.rodata.*)
 *(.rela.gnu.linkonce.r*)

.rel.data
 *(.rel.data)
 *(.rel.data.*)
 *(.rel.gnu.linkonce.d*)

.rela.data
 *(.rela.data)
 *(.rela.data.*)
 *(.rela.gnu.linkonce.d*)

.rel.ctors
 *(.rel.ctors)

.rela.ctors
 *(.rela.ctors)

.rel.dtors
 *(.rel.dtors)

.rela.dtors
 *(.rela.dtors)

.rel.got
 *(.rel.got)

.rela.got
 *(.rela.got)

.rel.bss
 *(.rel.bss)

.rela.bss
 *(.rela.bss)

.rel.plt
 *(.rel.plt)

.rela.plt
 *(.rela.plt)

.text           0x00000000     0x59f6
 *(.vectors)
 .vectors       0x00000000      0x1fc c:/program files (x86)/atmel/atmel toolchain/avr8 gcc/native/3.4.1061/avr8-gnu-toolchain/bin/../lib/gcc/avr/4.8.1/../../../../avr/lib/avrxmega7/crtx128a4u.o
                0x00000000                __vector_default
                0x00000000                __vectors
 *(.vectors)
 *(.progmem.gcc*)
 .progmem.gcc_sw_table.csp_service_handler
                0x000001fc        0xe libscp/src/csp_service_handler.o
                0x0000020a                . = ALIGN (0x2)
                0x0000020a                __trampolines_start = .
 *(.trampolines)
 .trampolines   0x0000020a        0x0 linker stubs
 *(.trampolines*)
                0x0000020a                __trampolines_end = .
 *(.progmem*)
 .progmem.data.crc_tab
                0x0000020a      0x400 libscp/src/csp_crc32.o
 .progmem.data  0x0000060a        0x8 c:/program files (x86)/atmel/atmel toolchain/avr8 gcc/native/3.4.1061/avr8-gnu-toolchain/bin/../lib/gcc/avr/4.8.1/../../../../avr/lib/avrxmega7\libprintf_flt.a(vfprintf_flt.o)
 .progmem.data  0x00000612       0xfa c:/program files (x86)/atmel/atmel toolchain/avr8 gcc/native/3.4.1061/avr8-gnu-toolchain/bin/../lib/gcc/avr/4.8.1/../../../../avr/lib/avrxmega7\libc.a(ftoa_engine.o)
                0x0000070c                . = ALIGN (0x2)
 *(.jumptables)
 *(.jumptables*)
 *(.lowtext)
 *(.lowtext*)
                0x0000070c                __ctors_start = .
 *(.ctors)
                0x0000070c                __ctors_end = .
                0x0000070c                __dtors_start = .
 *(.dtors)
                0x0000070c                __dtors_end = .
 SORT(*)(.ctors)
 SORT(*)(.dtors)
 *(.init0)
 .init0         0x0000070c        0x0 c:/program files (x86)/atmel/atmel toolchain/avr8 gcc/native/3.4.1061/avr8-gnu-toolchain/bin/../lib/gcc/avr/4.8.1/../../../../avr/lib/avrxmega7/crtx128a4u.o
                0x0000070c                __init
 *(.init0)
 *(.init1)
 *(.init1)
 *(.init2)
 .init2         0x0000070c       0x18 c:/program files (x86)/atmel/atmel toolchain/avr8 gcc/native/3.4.1061/avr8-gnu-toolchain/bin/../lib/gcc/avr/4.8.1/../../../../avr/lib/avrxmega7/crtx128a4u.o
 *(.init2)
 *(.init3)
 *(.init3)
 *(.init4)
 .init4         0x00000724       0x1c c:/program files (x86)/atmel/atmel toolchain/avr8 gcc/native/3.4.1061/avr8-gnu-toolchain/bin/../lib/gcc/avr/4.8.1/avrxmega7\libgcc.a(_copy_data.o)
                0x00000724                __do_copy_data
 .init4         0x00000740       0x10 c:/program files (x86)/atmel/atmel toolchain/avr8 gcc/native/3.4.1061/avr8-gnu-toolchain/bin/../lib/gcc/avr/4.8.1/avrxmega7\libgcc.a(_clear_bss.o)
                0x00000740                __do_clear_bss
 *(.init4)
 *(.init5)
 *(.init5)
 *(.init6)
 *(.init6)
 *(.init7)
 *(.init7)
 *(.init8)
 *(.init8)
 *(.init9)
 .init9         0x00000750        0x8 c:/program files (x86)/atmel/atmel toolchain/avr8 gcc/native/3.4.1061/avr8-gnu-toolchain/bin/../lib/gcc/avr/4.8.1/../../../../avr/lib/avrxmega7/crtx128a4u.o
 *(.init9)
 *(.text)
 .text          0x00000758        0x2 c:/program files (x86)/atmel/atmel toolchain/avr8 gcc/native/3.4.1061/avr8-gnu-toolchain/bin/../lib/gcc/avr/4.8.1/../../../../avr/lib/avrxmega7/crtx128a4u.o
                0x00000758                __vector_38
                0x00000758                __vector_104
                0x00000758                __vector_22
                0x00000758                __vector_63
                0x00000758                __vector_28
                0x00000758                __vector_67
                0x00000758                __vector_1
                0x00000758                __vector_119
                0x00000758                __vector_32
                0x00000758                __vector_75
                0x00000758                __vector_71
                0x00000758                __vector_91
                0x00000758                __vector_34
                0x00000758                __vector_62
                0x00000758                __vector_77
                0x00000758                __vector_102
                0x00000758                __vector_24
                0x00000758                __vector_12
                0x00000758                __vector_55
                0x00000758                __vector_69
                0x00000758                __vector_81
                0x00000758                __vector_90
                0x00000758                __bad_interrupt
                0x00000758                __vector_122
                0x00000758                __vector_72
                0x00000758                __vector_114
                0x00000758                __vector_6
                0x00000758                __vector_110
                0x00000758                __vector_31
                0x00000758                __vector_92
                0x00000758                __vector_35
                0x00000758                __vector_78
                0x00000758                __vector_74
                0x00000758                __vector_117
                0x00000758                __vector_39
                0x00000758                __vector_107
                0x00000758                __vector_3
                0x00000758                __vector_105
                0x00000758                __vector_98
                0x00000758                __vector_23
                0x00000758                __vector_68
                0x00000758                __vector_30
                0x00000758                __vector_73
                0x00000758                __vector_93
                0x00000758                __vector_61
                0x00000758                __vector_11
                0x00000758                __vector_54
                0x00000758                __vector_99
                0x00000758                __vector_13
                0x00000758                __vector_17
                0x00000758                __vector_19
                0x00000758                __vector_56
                0x00000758                __vector_7
                0x00000758                __vector_125
                0x00000758                __vector_49
                0x00000758                __vector_123
                0x00000758                __vector_41
                0x00000758                __vector_86
                0x00000758                __vector_100
                0x00000758                __vector_101
                0x00000758                __vector_64
                0x00000758                __vector_109
                0x00000758                __vector_43
                0x00000758                __vector_27
                0x00000758                __vector_5
                0x00000758                __vector_113
                0x00000758                __vector_33
                0x00000758                __vector_76
                0x00000758                __vector_115
                0x00000758                __vector_47
                0x00000758                __vector_52
                0x00000758                __vector_37
                0x00000758                __vector_95
                0x00000758                __vector_103
                0x00000758                __vector_96
                0x00000758                __vector_108
                0x00000758                __vector_4
                0x00000758                __vector_44
                0x00000758                __vector_82
                0x00000758                __vector_106
                0x00000758                __vector_118
                0x00000758                __vector_51
                0x00000758                __vector_9
                0x00000758                __vector_2
                0x00000758                __vector_21
                0x00000758                __vector_15
                0x00000758                __vector_66
                0x00000758                __vector_36
                0x00000758                __vector_79
                0x00000758                __vector_70
                0x00000758                __vector_83
                0x00000758                __vector_29
                0x00000758                __vector_60
                0x00000758                __vector_121
                0x00000758                __vector_40
                0x00000758                __vector_85
                0x00000758                __vector_94
                0x00000758                __vector_126
                0x00000758                __vector_8
                0x00000758                __vector_48
                0x00000758                __vector_124
                0x00000758                __vector_116
                0x00000758                __vector_112
                0x00000758                __vector_111
                0x00000758                __vector_80
                0x00000758                __vector_84
                0x00000758                __vector_57
                0x00000758                __vector_53
                0x00000758                __vector_10
                0x00000758                __vector_50
                0x00000758                __vector_16
                0x00000758                __vector_18
                0x00000758                __vector_97
                0x00000758                __vector_42
                0x00000758                __vector_87
                0x00000758                __vector_65
                0x00000758                __vector_120
                0x0000075a                . = ALIGN (0x2)
 *(.text.*)
 .text.cspTask  0x0000075a       0xe0 cspTask.o
                0x0000075a                cspTask
 .text.TWI_CSP_SlaveProcessData
                0x0000083a       0x78 csp_interface.o
                0x0000083a                TWI_CSP_SlaveProcessData
 .text.i2c_init
                0x000008b2       0x46 csp_interface.o
                0x000008b2                i2c_init
 .text.i2c_send
                0x000008f8       0x24 csp_interface.o
                0x000008f8                i2c_send
 .text.clock_get_time
                0x0000091c        0x2 csp_interface.o
                0x0000091c                clock_get_time
 .text.clock_set_time
                0x0000091e        0x2 csp_interface.o
                0x0000091e                clock_set_time
 .text.__vector_46
                0x00000920       0x6a csp_interface.o
                0x00000920                __vector_46
 .text.__vector_45
                0x0000098a       0x6a csp_interface.o
                0x0000098a                __vector_45
 .text.pvPortMalloc
                0x000009f4       0x48 FreeRTOS/Port/heap_1.o
                0x000009f4                pvPortMalloc
 .text.vPortFree
                0x00000a3c        0x2 FreeRTOS/Port/heap_1.o
                0x00000a3c                vPortFree
 .text.xPortGetFreeHeapSize
                0x00000a3e       0x12 FreeRTOS/Port/heap_1.o
                0x00000a3e                xPortGetFreeHeapSize
 .text.pxPortInitialiseStack
                0x00000a50       0xdc FreeRTOS/Port/port.o
                0x00000a50                pxPortInitialiseStack
 .text.xPortStartScheduler
                0x00000b2c       0x84 FreeRTOS/Port/port.o
                0x00000b2c                xPortStartScheduler
 .text.vPortYield
                0x00000bb0       0xb0 FreeRTOS/Port/port.o
                0x00000bb0                vPortYield
 .text.__vector_14
                0x00000c60       0xb2 FreeRTOS/Port/port.o
                0x00000c60                __vector_14
 .text.vListInitialise
                0x00000d12       0x1c FreeRTOS/Source/list.o
                0x00000d12                vListInitialise
 .text.vListInitialiseItem
                0x00000d2e        0x8 FreeRTOS/Source/list.o
                0x00000d2e                vListInitialiseItem
 .text.vListInsertEnd
                0x00000d36       0x4e FreeRTOS/Source/list.o
                0x00000d36                vListInsertEnd
 .text.vListInsert
                0x00000d84       0x76 FreeRTOS/Source/list.o
                0x00000d84                vListInsert
 .text.vListRemove
                0x00000dfa       0x4c FreeRTOS/Source/list.o
                0x00000dfa                vListRemove
 .text.prvCopyDataToQueue
                0x00000e46       0x98 FreeRTOS/Source/queue.o
 .text.prvCopyDataFromQueue
                0x00000ede       0x34 FreeRTOS/Source/queue.o
 .text.prvUnlockQueue
                0x00000f12       0x88 FreeRTOS/Source/queue.o
 .text.xQueueCreate
                0x00000f9a       0x98 FreeRTOS/Source/queue.o
                0x00000f9a                xQueueCreate
 .text.xQueueGenericSend
                0x00001032      0x110 FreeRTOS/Source/queue.o
                0x00001032                xQueueGenericSend
 .text.xQueueCreateMutex
                0x00001142       0x50 FreeRTOS/Source/queue.o
                0x00001142                xQueueCreateMutex
 .text.xQueueGenericSendFromISR
                0x00001192       0x54 FreeRTOS/Source/queue.o
                0x00001192                xQueueGenericSendFromISR
 .text.xQueueGenericReceive
                0x000011e6      0x15c FreeRTOS/Source/queue.o
                0x000011e6                xQueueGenericReceive
 .text.xQueueReceiveFromISR
                0x00001342       0x56 FreeRTOS/Source/queue.o
                0x00001342                xQueueReceiveFromISR
 .text.uxQueueMessagesWaiting
                0x00001398       0x10 FreeRTOS/Source/queue.o
                0x00001398                uxQueueMessagesWaiting
 .text.vQueueWaitForMessageRestricted
                0x000013a8       0x36 FreeRTOS/Source/queue.o
                0x000013a8                vQueueWaitForMessageRestricted
 .text.prvIdleTask
                0x000013de        0xe FreeRTOS/Source/tasks.o
 .text.prvAddCurrentTaskToDelayedList
                0x000013ec       0x6a FreeRTOS/Source/tasks.o
 .text.prvListTaskWithinSingleList
                0x00001456      0x13a FreeRTOS/Source/tasks.o
 .text.xTaskGenericCreate
                0x00001590      0x1ce FreeRTOS/Source/tasks.o
                0x00001590                xTaskGenericCreate
 .text.vTaskStartScheduler
                0x0000175e       0x58 FreeRTOS/Source/tasks.o
                0x0000175e                vTaskStartScheduler
 .text.vTaskSuspendAll
                0x000017b6        0xc FreeRTOS/Source/tasks.o
                0x000017b6                vTaskSuspendAll
 .text.xTaskGetTickCount
                0x000017c2       0x14 FreeRTOS/Source/tasks.o
                0x000017c2                xTaskGetTickCount
 .text.uxTaskGetNumberOfTasks
                0x000017d6        0x6 FreeRTOS/Source/tasks.o
                0x000017d6                uxTaskGetNumberOfTasks
 .text.vTaskIncrementTick
                0x000017dc      0x182 FreeRTOS/Source/tasks.o
                0x000017dc                vTaskIncrementTick
 .text.xTaskResumeAll
                0x0000195e      0x110 FreeRTOS/Source/tasks.o
                0x0000195e                xTaskResumeAll
 .text.vTaskList
                0x00001a6e       0xaa FreeRTOS/Source/tasks.o
                0x00001a6e                vTaskList
 .text.vTaskSwitchContext
                0x00001b18      0x15c FreeRTOS/Source/tasks.o
                0x00001b18                vTaskSwitchContext
 .text.vTaskPlaceOnEventList
                0x00001c74       0x50 FreeRTOS/Source/tasks.o
                0x00001c74                vTaskPlaceOnEventList
 .text.vTaskPlaceOnEventListRestricted
                0x00001cc4       0x34 FreeRTOS/Source/tasks.o
                0x00001cc4                vTaskPlaceOnEventListRestricted
 .text.xTaskRemoveFromEventList
                0x00001cf8       0x86 FreeRTOS/Source/tasks.o
                0x00001cf8                xTaskRemoveFromEventList
 .text.vTaskSetTimeOutState
                0x00001d7e       0x16 FreeRTOS/Source/tasks.o
                0x00001d7e                vTaskSetTimeOutState
 .text.xTaskCheckForTimeOut
                0x00001d94       0x7c FreeRTOS/Source/tasks.o
                0x00001d94                xTaskCheckForTimeOut
 .text.vTaskMissedYield
                0x00001e10        0x8 FreeRTOS/Source/tasks.o
                0x00001e10                vTaskMissedYield
 .text.xTaskGetCurrentTaskHandle
                0x00001e18        0xa FreeRTOS/Source/tasks.o
                0x00001e18                xTaskGetCurrentTaskHandle
 .text.xTaskGetSchedulerState
                0x00001e22       0x1c FreeRTOS/Source/tasks.o
                0x00001e22                xTaskGetSchedulerState
 .text.vTaskPriorityInherit
                0x00001e3e       0xae FreeRTOS/Source/tasks.o
                0x00001e3e                vTaskPriorityInherit
 .text.vTaskPriorityDisinherit
                0x00001eec       0x66 FreeRTOS/Source/tasks.o
                0x00001eec                vTaskPriorityDisinherit
 .text.prvInsertTimerInActiveList
                0x00001f52       0x5e FreeRTOS/Source/timers.o
 .text.prvCheckForValidListAndQueue
                0x00001fb0       0x50 FreeRTOS/Source/timers.o
 .text.xTimerCreateTimerTask
                0x00002000       0x50 FreeRTOS/Source/timers.o
                0x00002000                xTimerCreateTimerTask
 .text.xTimerCreate
                0x00002050       0x6e FreeRTOS/Source/timers.o
                0x00002050                xTimerCreate
 .text.xTimerGenericCommand
                0x000020be       0x88 FreeRTOS/Source/timers.o
                0x000020be                xTimerGenericCommand
 .text.prvSampleTimeNow
                0x00002146       0xe0 FreeRTOS/Source/timers.o
 .text.prvTimerTask
                0x00002226      0x19a FreeRTOS/Source/timers.o
 .text.csp_malloc
                0x000023c0        0x6 libscp/src/arch/freertos/csp_malloc.o
                0x000023c0                csp_malloc
 .text.csp_free
                0x000023c6        0x6 libscp/src/arch/freertos/csp_malloc.o
                0x000023c6                csp_free
 .text.csp_queue_create
                0x000023cc        0x6 libscp/src/arch/freertos/csp_queue.o
                0x000023cc                csp_queue_create
 .text.csp_queue_enqueue
                0x000023d2       0x16 libscp/src/arch/freertos/csp_queue.o
                0x000023d2                csp_queue_enqueue
 .text.csp_queue_enqueue_isr
                0x000023e8        0xe libscp/src/arch/freertos/csp_queue.o
                0x000023e8                csp_queue_enqueue_isr
 .text.csp_queue_dequeue
                0x000023f6       0x16 libscp/src/arch/freertos/csp_queue.o
                0x000023f6                csp_queue_dequeue
 .text.csp_queue_size
                0x0000240c        0x8 libscp/src/arch/freertos/csp_queue.o
                0x0000240c                csp_queue_size
 .text.csp_mutex_create
                0x00002414       0x22 libscp/src/arch/freertos/csp_semaphore.o
                0x00002414                csp_mutex_create
 .text.csp_bin_sem_create
                0x00002436       0x2e libscp/src/arch/freertos/csp_semaphore.o
                0x00002436                csp_bin_sem_create
 .text.csp_bin_sem_wait
                0x00002464       0x20 libscp/src/arch/freertos/csp_semaphore.o
                0x00002464                csp_bin_sem_wait
 .text.csp_bin_sem_post
                0x00002484       0x24 libscp/src/arch/freertos/csp_semaphore.o
                0x00002484                csp_bin_sem_post
 .text.csp_sys_tasklist
                0x000024a8        0x8 libscp/src/arch/freertos/csp_system.o
                0x000024a8                csp_sys_tasklist
 .text.csp_sys_tasklist_size
                0x000024b0        0xc libscp/src/arch/freertos/csp_system.o
                0x000024b0                csp_sys_tasklist_size
 .text.csp_sys_memfree
                0x000024bc       0xae libscp/src/arch/freertos/csp_system.o
                0x000024bc                csp_sys_memfree
 .text.csp_sys_reboot
                0x0000256a       0x24 libscp/src/arch/freertos/csp_system.o
                0x0000256a                csp_sys_reboot
 .text.csp_thread_create
                0x0000258e       0x3e libscp/src/arch/freertos/csp_thread.o
                0x0000258e                csp_thread_create
 .text.csp_get_ms
                0x000025cc        0xa libscp/src/arch/freertos/csp_time.o
                0x000025cc                csp_get_ms
 .text.csp_get_s
                0x000025d6       0x2c libscp/src/arch/freertos/csp_time.o
                0x000025d6                csp_get_s
 .text.csp_buffer_init
                0x00002602      0x114 libscp/src/csp_buffer.o
                0x00002602                csp_buffer_init
 .text.csp_buffer_get
                0x00002716       0x74 libscp/src/csp_buffer.o
                0x00002716                csp_buffer_get
 .text.csp_buffer_free_isr
                0x0000278a       0x70 libscp/src/csp_buffer.o
                0x0000278a                csp_buffer_free_isr
 .text.csp_buffer_free
                0x000027fa       0x6e libscp/src/csp_buffer.o
                0x000027fa                csp_buffer_free
 .text.csp_buffer_remaining
                0x00002868        0xc libscp/src/csp_buffer.o
                0x00002868                csp_buffer_remaining
 .text.csp_conn_enqueue_packet
                0x00002874       0x4c libscp/src/csp_conn.o
                0x00002874                csp_conn_enqueue_packet
 .text.csp_conn_init
                0x000028c0       0x94 libscp/src/csp_conn.o
                0x000028c0                csp_conn_init
 .text.csp_conn_find
                0x00002954       0x6c libscp/src/csp_conn.o
                0x00002954                csp_conn_find
 .text.csp_conn_flush_rx_queue
                0x000029c0       0x48 libscp/src/csp_conn.o
                0x000029c0                csp_conn_flush_rx_queue
 .text.csp_conn_allocate
                0x00002a08       0xcc libscp/src/csp_conn.o
                0x00002a08                csp_conn_allocate
 .text.csp_conn_new
                0x00002ad4       0x5c libscp/src/csp_conn.o
                0x00002ad4                csp_conn_new
 .text.csp_close
                0x00002b30       0x4a libscp/src/csp_conn.o
                0x00002b30                csp_close
 .text.csp_conn_dport
                0x00002b7a       0x1a libscp/src/csp_conn.o
                0x00002b7a                csp_conn_dport
 .text.csp_crc32_memory
                0x00002b94       0xa4 libscp/src/csp_crc32.o
                0x00002b94                csp_crc32_memory
 .text.csp_crc32_append
                0x00002c38       0x42 libscp/src/csp_crc32.o
                0x00002c38                csp_crc32_append
 .text.csp_crc32_verify
                0x00002c7a       0x92 libscp/src/csp_crc32.o
                0x00002c7a                csp_crc32_verify
 .text.csp_hton32
                0x00002d0c       0x6a libscp/src/csp_endian.o
                0x00002d0c                csp_hton32
 .text.csp_ntoh32
                0x00002d76       0x6a libscp/src/csp_endian.o
                0x00002d76                csp_ntoh32
 .text.csp_get_hostname
                0x00002de0        0xa libscp/src/csp_io.o
                0x00002de0                csp_get_hostname
 .text.csp_get_model
                0x00002dea        0xa libscp/src/csp_io.o
                0x00002dea                csp_get_model
 .text.csp_init
                0x00002df4       0x20 libscp/src/csp_io.o
                0x00002df4                csp_init
 .text.csp_socket
                0x00002e14       0x8c libscp/src/csp_io.o
                0x00002e14                csp_socket
 .text.csp_accept
                0x00002ea0       0x4a libscp/src/csp_io.o
                0x00002ea0                csp_accept
 .text.csp_read
                0x00002eea       0x50 libscp/src/csp_io.o
                0x00002eea                csp_read
 .text.csp_send_direct
                0x00002f3a      0x154 libscp/src/csp_io.o
                0x00002f3a                csp_send_direct
 .text.csp_send
                0x0000308e       0x54 libscp/src/csp_io.o
                0x0000308e                csp_send
 .text.csp_sendto
                0x000030e2       0xe2 libscp/src/csp_io.o
                0x000030e2                csp_sendto
 .text.csp_port_get_socket
                0x000031c4       0x4e libscp/src/csp_port.o
                0x000031c4                csp_port_get_socket
 .text.csp_port_init
                0x00003212       0x14 libscp/src/csp_port.o
                0x00003212                csp_port_init
 .text.csp_listen
                0x00003226       0x36 libscp/src/csp_port.o
                0x00003226                csp_listen
 .text.csp_bind
                0x0000325c       0x4e libscp/src/csp_port.o
                0x0000325c                csp_bind
 .text.csp_route_security_check
                0x000032aa       0x8a libscp/src/csp_route.o
 .text.csp_route_next_packet
                0x00003334       0x24 libscp/src/csp_route.o
                0x00003334                csp_route_next_packet
 .text.csp_route_start_task
                0x00003358       0x44 libscp/src/csp_route.o
                0x00003358                csp_route_start_task
 .text.csp_route_get_if_by_name
                0x0000339c       0x3e libscp/src/csp_route.o
                0x0000339c                csp_route_get_if_by_name
 .text.csp_route_add_if
                0x000033da       0x52 libscp/src/csp_route.o
                0x000033da                csp_route_add_if
 .text.csp_route_set
                0x0000342c       0x4c libscp/src/csp_route.o
                0x0000342c                csp_route_set
 .text.csp_route_table_init
                0x00003478       0x54 libscp/src/csp_route.o
                0x00003478                csp_route_table_init
 .text.csp_route_if
                0x000034cc       0x34 libscp/src/csp_route.o
                0x000034cc                csp_route_if
 .text.csp_task_router
                0x00003500      0x25e libscp/src/csp_route.o
                0x00003500                csp_task_router
 .text.csp_route_enqueue
                0x0000375e       0x2a libscp/src/csp_route.o
                0x0000375e                csp_route_enqueue
 .text.csp_new_packet
                0x00003788       0xe4 libscp/src/csp_route.o
                0x00003788                csp_new_packet
 .text.csp_route_get_nexthop_mac
                0x0000386c        0x8 libscp/src/csp_route.o
                0x0000386c                csp_route_get_nexthop_mac
 .text.csp_cmp_handler
                0x00003874      0x2c8 libscp/src/csp_service_handler.o
                0x00003874                csp_cmp_handler
 .text.csp_service_handler
                0x00003b3c      0x17a libscp/src/csp_service_handler.o
                0x00003b3c                csp_service_handler
 .text.csp_i2c_tx
                0x00003cb6       0x9a libscp/src/interfaces/csp_if_i2c.o
                0x00003cb6                csp_i2c_tx
 .text.csp_i2c_rx
                0x00003d50       0x78 libscp/src/interfaces/csp_if_i2c.o
                0x00003d50                csp_i2c_rx
 .text.csp_i2c_init
                0x00003dc8       0x58 libscp/src/interfaces/csp_if_i2c.o
                0x00003dc8                csp_i2c_init
 .text.csp_lo_tx
                0x00003e20       0x12 libscp/src/interfaces/csp_if_lo.o
                0x00003e20                csp_lo_tx
 .text.csp_udp_new_packet
                0x00003e32       0x66 libscp/src/transport/csp_udp.o
                0x00003e32                csp_udp_new_packet
 .text.main     0x00003e98       0x90 main.o
                0x00003e98                main
 .text.sendFreeHeapSpace
                0x00003f28       0xc4 mainTask.o
                0x00003f28                sendFreeHeapSpace
 .text.houseKeeping
                0x00003fec      0x16a mainTask.o
                0x00003fec                houseKeeping
 .text.echoBack
                0x00004156       0x6c mainTask.o
                0x00004156                echoBack
 .text.mainTask
                0x000041c2       0x5c mainTask.o
                0x000041c2                mainTask
 .text.TC0_ConfigClockSource
                0x0000421e        0xc MyDrivers/TC_driver.o
                0x0000421e                TC0_ConfigClockSource
 .text.TC0_SetOverflowIntLevel
                0x0000422a        0xc MyDrivers/TC_driver.o
                0x0000422a                TC0_SetOverflowIntLevel
 .text.TWI_MasterInit
                0x00004236       0x22 MyDrivers/twi_master_driver.o
                0x00004236                TWI_MasterInit
 .text.TWI_MasterWriteRead
                0x00004258       0xc0 MyDrivers/twi_master_driver.o
                0x00004258                TWI_MasterWriteRead
 .text.TWI_MasterWrite
                0x00004318        0xa MyDrivers/twi_master_driver.o
                0x00004318                TWI_MasterWrite
 .text.TWI_MasterArbitrationLostBusErrorHandler
                0x00004322       0x30 MyDrivers/twi_master_driver.o
                0x00004322                TWI_MasterArbitrationLostBusErrorHandler
 .text.TWI_MasterWriteHandler
                0x00004352       0x80 MyDrivers/twi_master_driver.o
                0x00004352                TWI_MasterWriteHandler
 .text.TWI_MasterReadHandler
                0x000043d2       0x7e MyDrivers/twi_master_driver.o
                0x000043d2                TWI_MasterReadHandler
 .text.TWI_MasterInterruptHandler
                0x00004450       0x32 MyDrivers/twi_master_driver.o
                0x00004450                TWI_MasterInterruptHandler
 .text.TWI_SlaveInitializeDriver
                0x00004482       0x22 MyDrivers/twi_slave_driver.o
                0x00004482                TWI_SlaveInitializeDriver
 .text.TWI_SlaveInitializeModule
                0x000044a4       0x16 MyDrivers/twi_slave_driver.o
                0x000044a4                TWI_SlaveInitializeModule
 .text.TWI_SlaveTransactionFinished
                0x000044ba       0x1a MyDrivers/twi_slave_driver.o
                0x000044ba                TWI_SlaveTransactionFinished
 .text.TWI_SlaveAddressMatchHandler
                0x000044d4       0x5a MyDrivers/twi_slave_driver.o
                0x000044d4                TWI_SlaveAddressMatchHandler
 .text.TWI_SlaveStopHandler
                0x0000452e       0x1e MyDrivers/twi_slave_driver.o
                0x0000452e                TWI_SlaveStopHandler
 .text.TWI_SlaveReadHandler
                0x0000454c       0x74 MyDrivers/twi_slave_driver.o
                0x0000454c                TWI_SlaveReadHandler
 .text.TWI_SlaveWriteHandler
                0x000045c0       0x6e MyDrivers/twi_slave_driver.o
                0x000045c0                TWI_SlaveWriteHandler
 .text.TWI_SlaveDataHandler
                0x0000462e       0x14 MyDrivers/twi_slave_driver.o
                0x0000462e                TWI_SlaveDataHandler
 .text.TWI_SlaveInterruptHandler
                0x00004642       0x66 MyDrivers/twi_slave_driver.o
                0x00004642                TWI_SlaveInterruptHandler
 .text.__vector_25
                0x000046a8       0xb0 MyDrivers/usart_driver_RTOS.o
                0x000046a8                __vector_25
 .text.__vector_88
                0x00004758       0xb0 MyDrivers/usart_driver_RTOS.o
                0x00004758                __vector_88
 .text.__vector_58
                0x00004808       0xb0 MyDrivers/usart_driver_RTOS.o
                0x00004808                __vector_58
 .text.__vector_26
                0x000048b8       0xc6 MyDrivers/usart_driver_RTOS.o
                0x000048b8                __vector_26
 .text.__vector_89
                0x0000497e       0xc6 MyDrivers/usart_driver_RTOS.o
                0x0000497e                __vector_89
 .text.__vector_59
                0x00004a44       0xc6 MyDrivers/usart_driver_RTOS.o
                0x00004a44                __vector_59
 .text.timerRTC
                0x00004b0a       0x6e system.o
                0x00004b0a                timerRTC
 .text.boardInit
                0x00004b78       0xbe system.o
                0x00004b78                boardInit
 .text.__vector_20
                0x00004c36       0x3c system.o
                0x00004c36                __vector_20
 .text.sysclk_init
                0x00004c72       0x4e src/ASF/common/services/clock/xmega/sysclk.o
                0x00004c72                sysclk_init
 .text.sysclk_enable_module
                0x00004cc0       0x18 src/ASF/common/services/clock/xmega/sysclk.o
                0x00004cc0                sysclk_enable_module
 .text.ccp_write_io
                0x00004cd8        0xc src/ASF/xmega/drivers/cpu/ccp.o
                0x00004cd8                ccp_write_io
 .text.avr-libc
                0x00004ce4      0x702 c:/program files (x86)/atmel/atmel toolchain/avr8 gcc/native/3.4.1061/avr8-gnu-toolchain/bin/../lib/gcc/avr/4.8.1/../../../../avr/lib/avrxmega7\libprintf_flt.a(vfprintf_flt.o)
                0x00004ce4                vfprintf
 .text.libgcc.div
                0x000053e6       0x26 c:/program files (x86)/atmel/atmel toolchain/avr8 gcc/native/3.4.1061/avr8-gnu-toolchain/bin/../lib/gcc/avr/4.8.1/avrxmega7\libgcc.a(_divmodhi4.o)
                0x000053e6                _div
                0x000053e6                __divmodhi4
 .text.libgcc   0x0000540c        0xc c:/program files (x86)/atmel/atmel toolchain/avr8 gcc/native/3.4.1061/avr8-gnu-toolchain/bin/../lib/gcc/avr/4.8.1/avrxmega7\libgcc.a(_tablejump.o)
                0x0000540c                __tablejump2__
                0x00005410                __tablejump__
 .text.libgcc.mul
                0x00005418       0x1e c:/program files (x86)/atmel/atmel toolchain/avr8 gcc/native/3.4.1061/avr8-gnu-toolchain/bin/../lib/gcc/avr/4.8.1/avrxmega7\libgcc.a(_umulhisi3.o)
                0x00005418                __umulhisi3
 .text.libgcc.div
                0x00005436       0x28 c:/program files (x86)/atmel/atmel toolchain/avr8 gcc/native/3.4.1061/avr8-gnu-toolchain/bin/../lib/gcc/avr/4.8.1/avrxmega7\libgcc.a(_udivmodhi4.o)
                0x00005436                __udivmodhi4
 .text.avr-libc
                0x0000545e       0xae c:/program files (x86)/atmel/atmel toolchain/avr8 gcc/native/3.4.1061/avr8-gnu-toolchain/bin/../lib/gcc/avr/4.8.1/../../../../avr/lib/avrxmega7\libc.a(rand.o)
                0x000054ee                rand_r
                0x000054f0                rand
                0x000054f6                srand
 .text.avr-libc
                0x0000550c      0x1b0 c:/program files (x86)/atmel/atmel toolchain/avr8 gcc/native/3.4.1061/avr8-gnu-toolchain/bin/../lib/gcc/avr/4.8.1/../../../../avr/lib/avrxmega7\libc.a(ftoa_engine.o)
                0x0000550c                __ftoa_engine
 .text.avr-libc
                0x000056bc       0x16 c:/program files (x86)/atmel/atmel toolchain/avr8 gcc/native/3.4.1061/avr8-gnu-toolchain/bin/../lib/gcc/avr/4.8.1/../../../../avr/lib/avrxmega7\libc.a(strnlen_P.o)
                0x000056bc                strnlen_P
 .text.avr-libc
                0x000056d2       0x1a c:/program files (x86)/atmel/atmel toolchain/avr8 gcc/native/3.4.1061/avr8-gnu-toolchain/bin/../lib/gcc/avr/4.8.1/../../../../avr/lib/avrxmega7\libc.a(memcmp.o)
                0x000056d2                memcmp
 .text.avr-libc
                0x000056ec       0x12 c:/program files (x86)/atmel/atmel toolchain/avr8 gcc/native/3.4.1061/avr8-gnu-toolchain/bin/../lib/gcc/avr/4.8.1/../../../../avr/lib/avrxmega7\libc.a(memcpy.o)
                0x000056ec                memcpy
 .text.avr-libc
                0x000056fe        0xe c:/program files (x86)/atmel/atmel toolchain/avr8 gcc/native/3.4.1061/avr8-gnu-toolchain/bin/../lib/gcc/avr/4.8.1/../../../../avr/lib/avrxmega7\libc.a(memset.o)
                0x000056fe                memset
 .text.avr-libc
                0x0000570c       0x16 c:/program files (x86)/atmel/atmel toolchain/avr8 gcc/native/3.4.1061/avr8-gnu-toolchain/bin/../lib/gcc/avr/4.8.1/../../../../avr/lib/avrxmega7\libc.a(strcat.o)
                0x0000570c                strcat
 .text.avr-libc
                0x00005722        0xe c:/program files (x86)/atmel/atmel toolchain/avr8 gcc/native/3.4.1061/avr8-gnu-toolchain/bin/../lib/gcc/avr/4.8.1/../../../../avr/lib/avrxmega7\libc.a(strcpy.o)
                0x00005722                strcpy
 .text.avr-libc
                0x00005730       0x1c c:/program files (x86)/atmel/atmel toolchain/avr8 gcc/native/3.4.1061/avr8-gnu-toolchain/bin/../lib/gcc/avr/4.8.1/../../../../avr/lib/avrxmega7\libc.a(strncmp.o)
                0x00005730                strncmp
 .text.avr-libc
                0x0000574c       0x1e c:/program files (x86)/atmel/atmel toolchain/avr8 gcc/native/3.4.1061/avr8-gnu-toolchain/bin/../lib/gcc/avr/4.8.1/../../../../avr/lib/avrxmega7\libc.a(strncpy.o)
                0x0000574c                strncpy
 .text.avr-libc
                0x0000576a       0x16 c:/program files (x86)/atmel/atmel toolchain/avr8 gcc/native/3.4.1061/avr8-gnu-toolchain/bin/../lib/gcc/avr/4.8.1/../../../../avr/lib/avrxmega7\libc.a(strnlen.o)
                0x0000576a                strnlen
 .text.avr-libc
                0x00005780       0x14 c:/program files (x86)/atmel/atmel toolchain/avr8 gcc/native/3.4.1061/avr8-gnu-toolchain/bin/../lib/gcc/avr/4.8.1/../../../../avr/lib/avrxmega7\libc.a(itoa_ncheck.o)
                0x00005780                __itoa_ncheck
 .text.avr-libc
                0x00005794       0x32 c:/program files (x86)/atmel/atmel toolchain/avr8 gcc/native/3.4.1061/avr8-gnu-toolchain/bin/../lib/gcc/avr/4.8.1/../../../../avr/lib/avrxmega7\libc.a(utoa_ncheck.o)
                0x00005794                __utoa_ncheck
                0x00005796                __utoa_common
 .text.avr-libc
                0x000057c6       0x64 c:/program files (x86)/atmel/atmel toolchain/avr8 gcc/native/3.4.1061/avr8-gnu-toolchain/bin/../lib/gcc/avr/4.8.1/../../../../avr/lib/avrxmega7\libc.a(fputc.o)
                0x000057c6                fputc
 .text.avr-libc
                0x0000582a       0x50 c:/program files (x86)/atmel/atmel toolchain/avr8 gcc/native/3.4.1061/avr8-gnu-toolchain/bin/../lib/gcc/avr/4.8.1/../../../../avr/lib/avrxmega7\libc.a(sprintf.o)
                0x0000582a                sprintf
 .text.avr-libc
                0x0000587a       0xbc c:/program files (x86)/atmel/atmel toolchain/avr8 gcc/native/3.4.1061/avr8-gnu-toolchain/bin/../lib/gcc/avr/4.8.1/../../../../avr/lib/avrxmega7\libc.a(ultoa_invert.o)
                0x0000587a                __ultoa_invert
 .text.avr-libc
                0x00005936       0x20 c:/program files (x86)/atmel/atmel toolchain/avr8 gcc/native/3.4.1061/avr8-gnu-toolchain/bin/../lib/gcc/avr/4.8.1/../../../../avr/lib/avrxmega7\libc.a(strrev.o)
                0x00005936                strrev
 .text.libgcc.div
                0x00005956       0x28 c:/program files (x86)/atmel/atmel toolchain/avr8 gcc/native/3.4.1061/avr8-gnu-toolchain/bin/../lib/gcc/avr/4.8.1/avrxmega7\libgcc.a(_divmodsi4.o)
                0x00005956                __divmodsi4
 .text.libgcc.div
                0x0000597e       0x10 c:/program files (x86)/atmel/atmel toolchain/avr8 gcc/native/3.4.1061/avr8-gnu-toolchain/bin/../lib/gcc/avr/4.8.1/avrxmega7\libgcc.a(_negsi2.o)
                0x0000597e                __negsi2
 .text.libgcc.mul
                0x0000598e       0x14 c:/program files (x86)/atmel/atmel toolchain/avr8 gcc/native/3.4.1061/avr8-gnu-toolchain/bin/../lib/gcc/avr/4.8.1/avrxmega7\libgcc.a(_muluhisi3.o)
                0x0000598e                __muluhisi3
 .text.libgcc.mul
                0x000059a2        0xc c:/program files (x86)/atmel/atmel toolchain/avr8 gcc/native/3.4.1061/avr8-gnu-toolchain/bin/../lib/gcc/avr/4.8.1/avrxmega7\libgcc.a(_mulshisi3.o)
                0x000059a2                __mulshisi3
                0x000059a6                __mulohisi3
 .text.libgcc.div
                0x000059ae       0x44 c:/program files (x86)/atmel/atmel toolchain/avr8 gcc/native/3.4.1061/avr8-gnu-toolchain/bin/../lib/gcc/avr/4.8.1/avrxmega7\libgcc.a(_udivmodsi4.o)
                0x000059ae                __udivmodsi4
                0x000059f2                . = ALIGN (0x2)
 *(.fini9)
 .fini9         0x000059f2        0x0 c:/program files (x86)/atmel/atmel toolchain/avr8 gcc/native/3.4.1061/avr8-gnu-toolchain/bin/../lib/gcc/avr/4.8.1/avrxmega7\libgcc.a(_exit.o)
                0x000059f2                _exit
                0x000059f2                exit
 *(.fini9)
 *(.fini8)
 *(.fini8)
 *(.fini7)
 *(.fini7)
 *(.fini6)
 *(.fini6)
 *(.fini5)
 *(.fini5)
 *(.fini4)
 *(.fini4)
 *(.fini3)
 *(.fini3)
 *(.fini2)
 *(.fini2)
 *(.fini1)
 *(.fini1)
 *(.fini0)
 .fini0         0x000059f2        0x4 c:/program files (x86)/atmel/atmel toolchain/avr8 gcc/native/3.4.1061/avr8-gnu-toolchain/bin/../lib/gcc/avr/4.8.1/avrxmega7\libgcc.a(_exit.o)
 *(.fini0)
                0x000059f6                _etext = .

.data           0x00802000      0x100 load address 0x000059f6
                0x00802000                PROVIDE (__data_start, .)
 *(.data)
 .data          0x00802000        0x4 c:/program files (x86)/atmel/atmel toolchain/avr8 gcc/native/3.4.1061/avr8-gnu-toolchain/bin/../lib/gcc/avr/4.8.1/../../../../avr/lib/avrxmega7\libc.a(rand.o)
 *(.data*)
 .data.uxPreviousTask
                0x00802004        0x1 FreeRTOS/Source/tasks.o
 .data.xNextTaskUnblockTime
                0x00802005        0x2 FreeRTOS/Source/tasks.o
 .data.csp_if_i2c
                0x00802007       0x34 libscp/src/interfaces/csp_if_i2c.o
                0x00802007                csp_if_i2c
 .data.csp_if_lo
                0x0080203b       0x34 libscp/src/interfaces/csp_if_lo.o
                0x0080203b                csp_if_lo
 *(.rodata)
 *(.rodata*)
 .rodata.str1.1
                0x0080206f       0x17 FreeRTOS/Source/tasks.o
 .rodata.str1.1
                0x00802086        0x8 FreeRTOS/Source/timers.o
 .rodata.str1.1
                0x0080208e        0x4 libscp/src/csp_route.o
 .rodata.str1.1
                0x00802092       0x1d libscp/src/csp_service_handler.o
 .rodata.str1.1
                0x008020af        0x4 libscp/src/interfaces/csp_if_i2c.o
 .rodata.str1.1
                0x008020b3        0x5 libscp/src/interfaces/csp_if_lo.o
 .rodata.str1.1
                0x008020b8       0x11 main.o
 .rodata.str1.1
                0x008020c9       0x2e mainTask.o
 .rodata.str1.1
                0x008020f7        0x9 system.o
 *(.gnu.linkonce.d*)
                0x00802100                . = ALIGN (0x2)
                0x00802100                _edata = .
                0x00802100                PROVIDE (__data_end, .)

.bss            0x00802100     0x1c86
                0x00802100                PROVIDE (__bss_start, .)
 *(.bss)
 *(.bss*)
 .bss.xNextFreeByte
                0x00802100        0x2 FreeRTOS/Port/heap_1.o
 .bss.xHeap     0x00802102     0x1964 FreeRTOS/Port/heap_1.o
 .bss.pcStatusString
                0x00803a66       0x32 FreeRTOS/Source/tasks.o
 .bss.xTracing  0x00803a98        0x1 FreeRTOS/Source/tasks.o
 .bss.pcTraceBufferEnd
                0x00803a99        0x2 FreeRTOS/Source/tasks.o
 .bss.pcTraceBuffer
                0x00803a9b        0x2 FreeRTOS/Source/tasks.o
 .bss.uxTaskNumber
                0x00803a9d        0x1 FreeRTOS/Source/tasks.o
 .bss.xNumOfOverflows
                0x00803a9e        0x1 FreeRTOS/Source/tasks.o
 .bss.xMissedYield
                0x00803a9f        0x1 FreeRTOS/Source/tasks.o
 .bss.uxMissedTicks
                0x00803aa0        0x1 FreeRTOS/Source/tasks.o
 .bss.uxSchedulerSuspended
                0x00803aa1        0x1 FreeRTOS/Source/tasks.o
 .bss.xSchedulerRunning
                0x00803aa2        0x1 FreeRTOS/Source/tasks.o
 .bss.uxTopReadyPriority
                0x00803aa3        0x1 FreeRTOS/Source/tasks.o
 .bss.uxTopUsedPriority
                0x00803aa4        0x1 FreeRTOS/Source/tasks.o
 .bss.xTickCount
                0x00803aa5        0x2 FreeRTOS/Source/tasks.o
 .bss.uxCurrentNumberOfTasks
                0x00803aa7        0x1 FreeRTOS/Source/tasks.o
 .bss.xSuspendedTaskList
                0x00803aa8        0x9 FreeRTOS/Source/tasks.o
 .bss.xPendingReadyList
                0x00803ab1        0x9 FreeRTOS/Source/tasks.o
 .bss.pxOverflowDelayedTaskList
                0x00803aba        0x2 FreeRTOS/Source/tasks.o
 .bss.pxDelayedTaskList
                0x00803abc        0x2 FreeRTOS/Source/tasks.o
 .bss.xDelayedTaskList2
                0x00803abe        0x9 FreeRTOS/Source/tasks.o
 .bss.xDelayedTaskList1
                0x00803ac7        0x9 FreeRTOS/Source/tasks.o
 .bss.pxReadyTasksLists
                0x00803ad0        0x9 FreeRTOS/Source/tasks.o
 .bss.pxCurrentTCB
                0x00803ad9        0x2 FreeRTOS/Source/tasks.o
                0x00803ad9                pxCurrentTCB
 .bss.xLastTime.4385
                0x00803adb        0x2 FreeRTOS/Source/timers.o
 .bss.xTimerQueue
                0x00803add        0x2 FreeRTOS/Source/timers.o
 .bss.pxOverflowTimerList
                0x00803adf        0x2 FreeRTOS/Source/timers.o
 .bss.pxCurrentTimerList
                0x00803ae1        0x2 FreeRTOS/Source/timers.o
 .bss.xActiveTimerList2
                0x00803ae3        0x9 FreeRTOS/Source/timers.o
 .bss.xActiveTimerList1
                0x00803aec        0x9 FreeRTOS/Source/timers.o
 .bss.size      0x00803af5        0x2 libscp/src/csp_buffer.o
 .bss.count     0x00803af7        0x2 libscp/src/csp_buffer.o
 .bss.csp_buffer_pool
                0x00803af9        0x2 libscp/src/csp_buffer.o
 .bss.csp_buffers
                0x00803afb        0x2 libscp/src/csp_buffer.o
 .bss.csp_conn_last_given.5048
                0x00803afd        0x1 libscp/src/csp_conn.o
 .bss.sport_lock
                0x00803afe        0x2 libscp/src/csp_conn.o
 .bss.sport     0x00803b00        0x1 libscp/src/csp_conn.o
 .bss.conn_lock
                0x00803b01        0x2 libscp/src/csp_conn.o
 .bss.arr_conn  0x00803b03       0xf0 libscp/src/csp_conn.o
 .bss.csp_model
                0x00803bf3        0x2 libscp/src/csp_io.o
 .bss.csp_hostname
                0x00803bf5        0x2 libscp/src/csp_io.o
 .bss.ports     0x00803bf7       0x63 libscp/src/csp_port.o
 .bss.router_input_fifo
                0x00803c5a        0x2 libscp/src/csp_route.o
 .bss.handle_router
                0x00803c5c        0x2 libscp/src/csp_route.o
 .bss.routes    0x00803c5e       0x63 libscp/src/csp_route.o
 .bss.interfaces
                0x00803cc1        0x2 libscp/src/csp_route.o
 .bss.packet.4545
                0x00803cc3        0x2 libscp/src/interfaces/csp_if_i2c.o
 *(COMMON)
 COMMON         0x00803cc5        0x2 cspTask.o
                0x00803cc5                xCSPEventQueue
 COMMON         0x00803cc7       0xa6 csp_interface.o
                0x00803cc7                twi_csp_slave
                0x00803d19                twi_csp_master
                0x00803d6b                callbackFunction
 COMMON         0x00803d6d        0x1 libscp/src/csp_io.o
                0x00803d6d                my_address
 COMMON         0x00803d6e        0x2 mainTask.o
                0x00803d6e                outcomingPacket
 COMMON         0x00803d70        0x8 MyDrivers/usart_driver_RTOS.o
                0x00803d70                usartBufferF
                0x00803d72                usartBufferE
                0x00803d74                usartBufferD
                0x00803d76                usartBufferC
 COMMON         0x00803d78        0xe system.o
                0x00803d78                hoursTimer
                0x00803d7c                milisecondsTimer
                0x00803d80                xTimers
                0x00803d82                secondsTimer
                0x00803d86                PROVIDE (__bss_end, .)
                0x000059f6                __data_load_start = LOADADDR (.data)
                0x00005af6                __data_load_end = (__data_load_start + SIZEOF (.data))

.noinit         0x00803d86        0x0
                0x00803d86                PROVIDE (__noinit_start, .)
 *(.noinit*)
                0x00803d86                PROVIDE (__noinit_end, .)
                0x00803d86                _end = .
                0x00803d86                PROVIDE (__heap_start, .)

.eeprom         0x00810000        0x0
 *(.eeprom*)
                0x00810000                __eeprom_end = .

.fuse
 *(.fuse)
 *(.lfuse)
 *(.hfuse)
 *(.efuse)

.lock
 *(.lock*)

.signature
 *(.signature*)

.user_signatures
 *(.user_signatures*)

.stab
 *(.stab)

.stabstr
 *(.stabstr)

.stab.excl
 *(.stab.excl)

.stab.exclstr
 *(.stab.exclstr)

.stab.index
 *(.stab.index)

.stab.indexstr
 *(.stab.indexstr)

.comment        0x00000000       0x5c
 *(.comment)
 .comment       0x00000000       0x30 cspTask.o
                                 0x31 (size before relaxing)
 .comment       0x00000000       0x31 csp_interface.o
 .comment       0x00000000       0x31 FreeRTOS/Port/heap_1.o
 .comment       0x00000000       0x31 FreeRTOS/Port/port.o
 .comment       0x00000000       0x31 FreeRTOS/Source/list.o
 .comment       0x00000000       0x31 FreeRTOS/Source/queue.o
 .comment       0x00000000       0x31 FreeRTOS/Source/tasks.o
 .comment       0x00000000       0x31 FreeRTOS/Source/timers.o
 .comment       0x00000000       0x31 libscp/src/arch/freertos/csp_malloc.o
 .comment       0x00000000       0x31 libscp/src/arch/freertos/csp_queue.o
 .comment       0x00000000       0x31 libscp/src/arch/freertos/csp_semaphore.o
 .comment       0x00000000       0x31 libscp/src/arch/freertos/csp_system.o
 .comment       0x00000000       0x31 libscp/src/arch/freertos/csp_thread.o
 .comment       0x00000000       0x31 libscp/src/arch/freertos/csp_time.o
 .comment       0x00000000       0x31 libscp/src/csp_buffer.o
 .comment       0x00000000       0x31 libscp/src/csp_conn.o
 .comment       0x00000000       0x31 libscp/src/csp_crc32.o
 .comment       0x00000000       0x31 libscp/src/csp_endian.o
 .comment       0x00000000       0x31 libscp/src/csp_io.o
 .comment       0x00000000       0x31 libscp/src/csp_port.o
 .comment       0x00000000       0x31 libscp/src/csp_route.o
 .comment       0x00000000       0x31 libscp/src/csp_service_handler.o
 .comment       0x00000000       0x31 libscp/src/interfaces/csp_if_i2c.o
 .comment       0x00000000       0x31 libscp/src/interfaces/csp_if_lo.o
 .comment       0x00000000       0x31 libscp/src/transport/csp_udp.o
 .comment       0x00000000       0x31 main.o
 .comment       0x00000000       0x31 mainTask.o
 .comment       0x00000000       0x31 MyDrivers/TC_driver.o
 .comment       0x00000000       0x31 MyDrivers/twi_master_driver.o
 .comment       0x00000000       0x31 MyDrivers/twi_slave_driver.o
 .comment       0x00000000       0x31 MyDrivers/usart_driver_RTOS.o
 .comment       0x00000000       0x31 system.o
 .comment       0x00000000       0x31 src/ASF/common/services/clock/xmega/sysclk.o
 .comment       0x00000030       0x2c c:/program files (x86)/atmel/atmel toolchain/avr8 gcc/native/3.4.1061/avr8-gnu-toolchain/bin/../lib/gcc/avr/4.8.1/../../../../avr/lib/avrxmega7\libprintf_flt.a(vfprintf_flt.o)
                                 0x2d (size before relaxing)
 .comment       0x00000000       0x31 c:/program files (x86)/atmel/atmel toolchain/avr8 gcc/native/3.4.1061/avr8-gnu-toolchain/bin/../lib/gcc/avr/4.8.1/../../../../avr/lib/avrxmega7\libc.a(rand.o)
 .comment       0x00000000       0x31 c:/program files (x86)/atmel/atmel toolchain/avr8 gcc/native/3.4.1061/avr8-gnu-toolchain/bin/../lib/gcc/avr/4.8.1/../../../../avr/lib/avrxmega7\libc.a(fputc.o)
 .comment       0x00000000       0x31 c:/program files (x86)/atmel/atmel toolchain/avr8 gcc/native/3.4.1061/avr8-gnu-toolchain/bin/../lib/gcc/avr/4.8.1/../../../../avr/lib/avrxmega7\libc.a(sprintf.o)

.note.gnu.build-id
 *(.note.gnu.build-id)

.debug
 *(.debug)

.line
 *(.line)

.debug_srcinfo
 *(.debug_srcinfo)

.debug_sfnames
 *(.debug_sfnames)

.debug_aranges  0x00000000      0xb98
 *(.debug_aranges)
 .debug_aranges
                0x00000000       0x20 cspTask.o
 .debug_aranges
                0x00000020       0x50 csp_interface.o
 .debug_aranges
                0x00000070       0x38 FreeRTOS/Port/heap_1.o
 .debug_aranges
                0x000000a8       0x40 FreeRTOS/Port/port.o
 .debug_aranges
                0x000000e8       0x40 FreeRTOS/Source/list.o
 .debug_aranges
                0x00000128       0x90 FreeRTOS/Source/queue.o
 .debug_aranges
                0x000001b8      0x120 FreeRTOS/Source/tasks.o
 .debug_aranges
                0x000002d8       0x60 FreeRTOS/Source/timers.o
 .debug_aranges
                0x00000338       0x28 libscp/src/arch/freertos/csp_malloc.o
 .debug_aranges
                0x00000360       0x58 libscp/src/arch/freertos/csp_queue.o
 .debug_aranges
                0x000003b8       0x60 libscp/src/arch/freertos/csp_semaphore.o
 .debug_aranges
                0x00000418       0x40 libscp/src/arch/freertos/csp_system.o
 .debug_aranges
                0x00000458       0x20 libscp/src/arch/freertos/csp_thread.o
 .debug_aranges
                0x00000478       0x38 libscp/src/arch/freertos/csp_time.o
 .debug_aranges
                0x000004b0       0x58 libscp/src/csp_buffer.o
 .debug_aranges
                0x00000508       0xa0 libscp/src/csp_conn.o
 .debug_aranges
                0x000005a8       0x30 libscp/src/csp_crc32.o
 .debug_aranges
                0x000005d8       0xa8 libscp/src/csp_endian.o
 .debug_aranges
                0x00000680       0x98 libscp/src/csp_io.o
 .debug_aranges
                0x00000718       0x38 libscp/src/csp_port.o
 .debug_aranges
                0x00000750       0x90 libscp/src/csp_route.o
 .debug_aranges
                0x000007e0       0x28 libscp/src/csp_service_handler.o
 .debug_aranges
                0x00000808       0x30 libscp/src/interfaces/csp_if_i2c.o
 .debug_aranges
                0x00000838       0x20 libscp/src/interfaces/csp_if_lo.o
 .debug_aranges
                0x00000858       0x20 libscp/src/transport/csp_udp.o
 .debug_aranges
                0x00000878       0x28 main.o
 .debug_aranges
                0x000008a0       0x38 mainTask.o
 .debug_aranges
                0x000008d8       0xc8 MyDrivers/TC_driver.o
 .debug_aranges
                0x000009a0       0x70 MyDrivers/twi_master_driver.o
 .debug_aranges
                0x00000a10       0x60 MyDrivers/twi_slave_driver.o
 .debug_aranges
                0x00000a70       0x90 MyDrivers/usart_driver_RTOS.o
 .debug_aranges
                0x00000b00       0x38 system.o
 .debug_aranges
                0x00000b38       0x40 src/ASF/common/services/clock/xmega/sysclk.o
 .debug_aranges
                0x00000b78       0x20 src/ASF/xmega/drivers/cpu/ccp.o

.debug_pubnames
 *(.debug_pubnames)

.debug_info     0x00000000    0x1159e
 *(.debug_info .gnu.linkonce.wi.*)
 .debug_info    0x00000000      0x61b cspTask.o
 .debug_info    0x0000061b      0x8a7 csp_interface.o
 .debug_info    0x00000ec2      0x1a5 FreeRTOS/Port/heap_1.o
 .debug_info    0x00001067      0xa21 FreeRTOS/Port/port.o
 .debug_info    0x00001a88      0x2c8 FreeRTOS/Source/list.o
 .debug_info    0x00001d50      0xe12 FreeRTOS/Source/queue.o
 .debug_info    0x00002b62     0x17f7 FreeRTOS/Source/tasks.o
 .debug_info    0x00004359      0xf03 FreeRTOS/Source/timers.o
 .debug_info    0x0000525c      0x12b libscp/src/arch/freertos/csp_malloc.o
 .debug_info    0x00005387      0x4b3 libscp/src/arch/freertos/csp_queue.o
 .debug_info    0x0000583a      0x46d libscp/src/arch/freertos/csp_semaphore.o
 .debug_info    0x00005ca7      0x331 libscp/src/arch/freertos/csp_system.o
 .debug_info    0x00005fd8      0x26d libscp/src/arch/freertos/csp_thread.o
 .debug_info    0x00006245      0x14b libscp/src/arch/freertos/csp_time.o
 .debug_info    0x00006390      0x722 libscp/src/csp_buffer.o
 .debug_info    0x00006ab2      0xbb5 libscp/src/csp_conn.o
 .debug_info    0x00007667      0x3af libscp/src/csp_crc32.o
 .debug_info    0x00007a16      0x563 libscp/src/csp_endian.o
 .debug_info    0x00007f79      0xf60 libscp/src/csp_io.o
 .debug_info    0x00008ed9      0x403 libscp/src/csp_port.o
 .debug_info    0x000092dc      0xedb libscp/src/csp_route.o
 .debug_info    0x0000a1b7      0xeba libscp/src/csp_service_handler.o
 .debug_info    0x0000b071      0x6b6 libscp/src/interfaces/csp_if_i2c.o
 .debug_info    0x0000b727      0x3d1 libscp/src/interfaces/csp_if_lo.o
 .debug_info    0x0000baf8      0x401 libscp/src/transport/csp_udp.o
 .debug_info    0x0000bef9      0x965 main.o
 .debug_info    0x0000c85e      0x6fe mainTask.o
 .debug_info    0x0000cf5c     0x1315 MyDrivers/TC_driver.o
 .debug_info    0x0000e271      0x887 MyDrivers/twi_master_driver.o
 .debug_info    0x0000eaf8      0x69b MyDrivers/twi_slave_driver.o
 .debug_info    0x0000f193      0xf8d MyDrivers/usart_driver_RTOS.o
 .debug_info    0x00010120      0xbe3 system.o
 .debug_info    0x00010d03      0x829 src/ASF/common/services/clock/xmega/sysclk.o
 .debug_info    0x0001152c       0x72 src/ASF/xmega/drivers/cpu/ccp.o

.debug_abbrev   0x00000000     0x4454
 *(.debug_abbrev)
 .debug_abbrev  0x00000000      0x20a cspTask.o
 .debug_abbrev  0x0000020a      0x247 csp_interface.o
 .debug_abbrev  0x00000451      0x148 FreeRTOS/Port/heap_1.o
 .debug_abbrev  0x00000599      0x210 FreeRTOS/Port/port.o
 .debug_abbrev  0x000007a9       0xf6 FreeRTOS/Source/list.o
 .debug_abbrev  0x0000089f      0x295 FreeRTOS/Source/queue.o
 .debug_abbrev  0x00000b34      0x351 FreeRTOS/Source/tasks.o
 .debug_abbrev  0x00000e85      0x2f9 FreeRTOS/Source/timers.o
 .debug_abbrev  0x0000117e       0xd8 libscp/src/arch/freertos/csp_malloc.o
 .debug_abbrev  0x00001256      0x122 libscp/src/arch/freertos/csp_queue.o
 .debug_abbrev  0x00001378      0x131 libscp/src/arch/freertos/csp_semaphore.o
 .debug_abbrev  0x000014a9      0x1a1 libscp/src/arch/freertos/csp_system.o
 .debug_abbrev  0x0000164a       0xe4 libscp/src/arch/freertos/csp_thread.o
 .debug_abbrev  0x0000172e       0x73 libscp/src/arch/freertos/csp_time.o
 .debug_abbrev  0x000017a1      0x255 libscp/src/csp_buffer.o
 .debug_abbrev  0x000019f6      0x318 libscp/src/csp_conn.o
 .debug_abbrev  0x00001d0e      0x1c1 libscp/src/csp_crc32.o
 .debug_abbrev  0x00001ecf      0x11f libscp/src/csp_endian.o
 .debug_abbrev  0x00001fee      0x317 libscp/src/csp_io.o
 .debug_abbrev  0x00002305      0x1a6 libscp/src/csp_port.o
 .debug_abbrev  0x000024ab      0x394 libscp/src/csp_route.o
 .debug_abbrev  0x0000283f      0x2d7 libscp/src/csp_service_handler.o
 .debug_abbrev  0x00002b16      0x20a libscp/src/interfaces/csp_if_i2c.o
 .debug_abbrev  0x00002d20      0x17a libscp/src/interfaces/csp_if_lo.o
 .debug_abbrev  0x00002e9a      0x1a2 libscp/src/transport/csp_udp.o
 .debug_abbrev  0x0000303c      0x2da main.o
 .debug_abbrev  0x00003316      0x2c3 mainTask.o
 .debug_abbrev  0x000035d9      0x176 MyDrivers/TC_driver.o
 .debug_abbrev  0x0000374f      0x2a2 MyDrivers/twi_master_driver.o
 .debug_abbrev  0x000039f1      0x204 MyDrivers/twi_slave_driver.o
 .debug_abbrev  0x00003bf5      0x30a MyDrivers/usart_driver_RTOS.o
 .debug_abbrev  0x00003eff      0x2c9 system.o
 .debug_abbrev  0x000041c8      0x278 src/ASF/common/services/clock/xmega/sysclk.o
 .debug_abbrev  0x00004440       0x14 src/ASF/xmega/drivers/cpu/ccp.o

.debug_line     0x00000000     0x7648
 *(.debug_line .debug_line.* .debug_line_end)
 .debug_line    0x00000000      0x22c cspTask.o
 .debug_line    0x0000022c      0x2a7 csp_interface.o
 .debug_line    0x000004d3      0x167 FreeRTOS/Port/heap_1.o
 .debug_line    0x0000063a      0x327 FreeRTOS/Port/port.o
 .debug_line    0x00000961      0x1a2 FreeRTOS/Source/list.o
 .debug_line    0x00000b03      0x74f FreeRTOS/Source/queue.o
 .debug_line    0x00001252      0xc96 FreeRTOS/Source/tasks.o
 .debug_line    0x00001ee8      0x4fa FreeRTOS/Source/timers.o
 .debug_line    0x000023e2      0x120 libscp/src/arch/freertos/csp_malloc.o
 .debug_line    0x00002502      0x27f libscp/src/arch/freertos/csp_queue.o
 .debug_line    0x00002781      0x26c libscp/src/arch/freertos/csp_semaphore.o
 .debug_line    0x000029ed      0x2d5 libscp/src/arch/freertos/csp_system.o
 .debug_line    0x00002cc2      0x137 libscp/src/arch/freertos/csp_thread.o
 .debug_line    0x00002df9      0x16a libscp/src/arch/freertos/csp_time.o
 .debug_line    0x00002f63      0x3e4 libscp/src/csp_buffer.o
 .debug_line    0x00003347      0x5f0 libscp/src/csp_conn.o
 .debug_line    0x00003937      0x231 libscp/src/csp_crc32.o
 .debug_line    0x00003b68      0x428 libscp/src/csp_endian.o
 .debug_line    0x00003f90      0x64d libscp/src/csp_io.o
 .debug_line    0x000045dd      0x2a7 libscp/src/csp_port.o
 .debug_line    0x00004884      0x6e4 libscp/src/csp_route.o
 .debug_line    0x00004f68      0x4ab libscp/src/csp_service_handler.o
 .debug_line    0x00005413      0x1fb libscp/src/interfaces/csp_if_i2c.o
 .debug_line    0x0000560e      0x101 libscp/src/interfaces/csp_if_lo.o
 .debug_line    0x0000570f      0x1bd libscp/src/transport/csp_udp.o
 .debug_line    0x000058cc      0x2b1 main.o
 .debug_line    0x00005b7d      0x2b7 mainTask.o
 .debug_line    0x00005e34      0x355 MyDrivers/TC_driver.o
 .debug_line    0x00006189      0x400 MyDrivers/twi_master_driver.o
 .debug_line    0x00006589      0x3a3 MyDrivers/twi_slave_driver.o
 .debug_line    0x0000692c      0x627 MyDrivers/usart_driver_RTOS.o
 .debug_line    0x00006f53      0x334 system.o
 .debug_line    0x00007287      0x353 src/ASF/common/services/clock/xmega/sysclk.o
 .debug_line    0x000075da       0x6e src/ASF/xmega/drivers/cpu/ccp.o

.debug_frame    0x00000000     0x2450
 *(.debug_frame)
 .debug_frame   0x00000000       0x24 cspTask.o
 .debug_frame   0x00000024      0x138 csp_interface.o
 .debug_frame   0x0000015c       0x60 FreeRTOS/Port/heap_1.o
 .debug_frame   0x000001bc       0x64 FreeRTOS/Port/port.o
 .debug_frame   0x00000220       0x7c FreeRTOS/Source/list.o
 .debug_frame   0x0000029c      0x208 FreeRTOS/Source/queue.o
 .debug_frame   0x000004a4      0x43c FreeRTOS/Source/tasks.o
 .debug_frame   0x000008e0      0x160 FreeRTOS/Source/timers.o
 .debug_frame   0x00000a40       0x34 libscp/src/arch/freertos/csp_malloc.o
 .debug_frame   0x00000a74       0x94 libscp/src/arch/freertos/csp_queue.o
 .debug_frame   0x00000b08       0xbc libscp/src/arch/freertos/csp_semaphore.o
 .debug_frame   0x00000bc4       0xb8 libscp/src/arch/freertos/csp_system.o
 .debug_frame   0x00000c7c       0x48 libscp/src/arch/freertos/csp_thread.o
 .debug_frame   0x00000cc4       0x54 libscp/src/arch/freertos/csp_time.o
 .debug_frame   0x00000d18      0x118 libscp/src/csp_buffer.o
 .debug_frame   0x00000e30      0x224 libscp/src/csp_conn.o
 .debug_frame   0x00001054       0xa8 libscp/src/csp_crc32.o
 .debug_frame   0x000010fc      0x2a4 libscp/src/csp_endian.o
 .debug_frame   0x000013a0      0x2fc libscp/src/csp_io.o
 .debug_frame   0x0000169c       0x60 libscp/src/csp_port.o
 .debug_frame   0x000016fc      0x1a8 libscp/src/csp_route.o
 .debug_frame   0x000018a4       0x7c libscp/src/csp_service_handler.o
 .debug_frame   0x00001920       0x98 libscp/src/interfaces/csp_if_i2c.o
 .debug_frame   0x000019b8       0x24 libscp/src/interfaces/csp_if_lo.o
 .debug_frame   0x000019dc       0x40 libscp/src/transport/csp_udp.o
 .debug_frame   0x00001a1c       0x58 main.o
 .debug_frame   0x00001a74      0x13c mainTask.o
 .debug_frame   0x00001bb0      0x174 MyDrivers/TC_driver.o
 .debug_frame   0x00001d24       0xf0 MyDrivers/twi_master_driver.o
 .debug_frame   0x00001e14       0xc8 MyDrivers/twi_slave_driver.o
 .debug_frame   0x00001edc      0x494 MyDrivers/usart_driver_RTOS.o
 .debug_frame   0x00002370       0x7c system.o
 .debug_frame   0x000023ec       0x64 src/ASF/common/services/clock/xmega/sysclk.o

.debug_str      0x00000000     0x4651
 *(.debug_str)
 .debug_str     0x00000000      0x340 cspTask.o
                                0x3a3 (size before relaxing)
 .debug_str     0x00000340      0x4d6 csp_interface.o
                                0x69c (size before relaxing)
 .debug_str     0x00000816       0xbe FreeRTOS/Port/heap_1.o
                                0x216 (size before relaxing)
 .debug_str     0x000008d4      0x634 FreeRTOS/Port/port.o
                                0x7cd (size before relaxing)
 .debug_str     0x00000f08      0x138 FreeRTOS/Source/list.o
                                0x289 (size before relaxing)
 .debug_str     0x00001040      0x3e9 FreeRTOS/Source/queue.o
                                0x67a (size before relaxing)
 .debug_str     0x00001429      0x647 FreeRTOS/Source/tasks.o
                                0xab5 (size before relaxing)
 .debug_str     0x00001a70      0x336 FreeRTOS/Source/timers.o
                                0x74c (size before relaxing)
 .debug_str     0x00001da6       0x3d libscp/src/arch/freertos/csp_malloc.o
                                0x19e (size before relaxing)
 .debug_str     0x00001de3       0xea libscp/src/arch/freertos/csp_queue.o
                                0x312 (size before relaxing)
 .debug_str     0x00001ecd      0x103 libscp/src/arch/freertos/csp_semaphore.o
                                0x2fa (size before relaxing)
 .debug_str     0x00001fd0      0x182 libscp/src/arch/freertos/csp_system.o
                                0x326 (size before relaxing)
 .debug_str     0x00002152       0x83 libscp/src/arch/freertos/csp_thread.o
                                0x263 (size before relaxing)
 .debug_str     0x000021d5       0x59 libscp/src/arch/freertos/csp_time.o
                                0x1eb (size before relaxing)
 .debug_str     0x0000222e      0x151 libscp/src/csp_buffer.o
                                0x3c2 (size before relaxing)
 .debug_str     0x0000237f      0x1d0 libscp/src/csp_conn.o
                                0x514 (size before relaxing)
 .debug_str     0x0000254f       0x79 libscp/src/csp_crc32.o
                                0x229 (size before relaxing)
 .debug_str     0x000025c8       0xeb libscp/src/csp_endian.o
                                0x264 (size before relaxing)
 .debug_str     0x000026b3      0x208 libscp/src/csp_io.o
                                0x5da (size before relaxing)
 .debug_str     0x000028bb       0x77 libscp/src/csp_port.o
                                0x381 (size before relaxing)
 .debug_str     0x00002932      0x1f4 libscp/src/csp_route.o
                                0x6ce (size before relaxing)
 .debug_str     0x00002b26       0xeb libscp/src/csp_service_handler.o
                                0x591 (size before relaxing)
 .debug_str     0x00002c11       0x54 libscp/src/interfaces/csp_if_i2c.o
                                0x371 (size before relaxing)
 .debug_str     0x00002c65       0x2f libscp/src/interfaces/csp_if_lo.o
                                0x2a0 (size before relaxing)
 .debug_str     0x00002c94       0x22 libscp/src/transport/csp_udp.o
                                0x303 (size before relaxing)
 .debug_str     0x00002cb6      0x175 main.o
                                0x51e (size before relaxing)
 .debug_str     0x00002e2b       0xd1 mainTask.o
                                0x39f (size before relaxing)
 .debug_str     0x00002efc      0x6a0 MyDrivers/TC_driver.o
                                0xca0 (size before relaxing)
 .debug_str     0x0000359c      0x2f9 MyDrivers/twi_master_driver.o
                                0x633 (size before relaxing)
 .debug_str     0x00003895      0x12f MyDrivers/twi_slave_driver.o
                                0x550 (size before relaxing)
 .debug_str     0x000039c4      0x580 MyDrivers/usart_driver_RTOS.o
                                0x8c8 (size before relaxing)
 .debug_str     0x00003f44      0x3c6 system.o
                                0x867 (size before relaxing)
 .debug_str     0x0000430a      0x347 src/ASF/common/services/clock/xmega/sysclk.o
                                0x605 (size before relaxing)

.debug_loc      0x00000000     0xa473
 *(.debug_loc)
 .debug_loc     0x00000000       0x6e cspTask.o
 .debug_loc     0x0000006e      0x385 csp_interface.o
 .debug_loc     0x000003f3       0xf1 FreeRTOS/Port/heap_1.o
 .debug_loc     0x000004e4      0x281 FreeRTOS/Port/port.o
 .debug_loc     0x00000765       0xfe FreeRTOS/Source/list.o
 .debug_loc     0x00000863      0xc30 FreeRTOS/Source/queue.o
 .debug_loc     0x00001493     0x14c5 FreeRTOS/Source/tasks.o
 .debug_loc     0x00002958      0xad5 FreeRTOS/Source/timers.o
 .debug_loc     0x0000342d       0x4c libscp/src/arch/freertos/csp_malloc.o
 .debug_loc     0x00003479      0x276 libscp/src/arch/freertos/csp_queue.o
 .debug_loc     0x000036ef      0x294 libscp/src/arch/freertos/csp_semaphore.o
 .debug_loc     0x00003983      0x311 libscp/src/arch/freertos/csp_system.o
 .debug_loc     0x00003c94      0x167 libscp/src/arch/freertos/csp_thread.o
 .debug_loc     0x00003dfb      0x4a3 libscp/src/csp_buffer.o
 .debug_loc     0x0000429e      0xa8f libscp/src/csp_conn.o
 .debug_loc     0x00004d2d      0x30f libscp/src/csp_crc32.o
 .debug_loc     0x0000503c      0x782 libscp/src/csp_endian.o
 .debug_loc     0x000057be     0x13d5 libscp/src/csp_io.o
 .debug_loc     0x00006b93      0x1f1 libscp/src/csp_port.o
 .debug_loc     0x00006d84      0x85c libscp/src/csp_route.o
 .debug_loc     0x000075e0      0x4eb libscp/src/csp_service_handler.o
 .debug_loc     0x00007acb      0x2e7 libscp/src/interfaces/csp_if_i2c.o
 .debug_loc     0x00007db2       0x88 libscp/src/interfaces/csp_if_lo.o
 .debug_loc     0x00007e3a       0xe3 libscp/src/transport/csp_udp.o
 .debug_loc     0x00007f1d       0x96 main.o
 .debug_loc     0x00007fb3      0x3c0 mainTask.o
 .debug_loc     0x00008373      0x378 MyDrivers/TC_driver.o
 .debug_loc     0x000086eb      0x631 MyDrivers/twi_master_driver.o
 .debug_loc     0x00008d1c      0x3df MyDrivers/twi_slave_driver.o
 .debug_loc     0x000090fb     0x1098 MyDrivers/usart_driver_RTOS.o
 .debug_loc     0x0000a193       0xab system.o
 .debug_loc     0x0000a23e      0x235 src/ASF/common/services/clock/xmega/sysclk.o

.debug_macinfo
 *(.debug_macinfo)

.debug_weaknames
 *(.debug_weaknames)

.debug_funcnames
 *(.debug_funcnames)

.debug_typenames
 *(.debug_typenames)

.debug_varnames
 *(.debug_varnames)

.debug_pubtypes
 *(.debug_pubtypes)

.debug_ranges   0x00000000      0x9f8
 *(.debug_ranges)
 .debug_ranges  0x00000000       0x10 cspTask.o
 .debug_ranges  0x00000010       0x40 csp_interface.o
 .debug_ranges  0x00000050       0x28 FreeRTOS/Port/heap_1.o
 .debug_ranges  0x00000078       0x30 FreeRTOS/Port/port.o
 .debug_ranges  0x000000a8       0x30 FreeRTOS/Source/list.o
 .debug_ranges  0x000000d8       0x80 FreeRTOS/Source/queue.o
 .debug_ranges  0x00000158      0x148 FreeRTOS/Source/tasks.o
 .debug_ranges  0x000002a0       0xa8 FreeRTOS/Source/timers.o
 .debug_ranges  0x00000348       0x18 libscp/src/arch/freertos/csp_malloc.o
 .debug_ranges  0x00000360       0x48 libscp/src/arch/freertos/csp_queue.o
 .debug_ranges  0x000003a8       0x50 libscp/src/arch/freertos/csp_semaphore.o
 .debug_ranges  0x000003f8       0x30 libscp/src/arch/freertos/csp_system.o
 .debug_ranges  0x00000428       0x10 libscp/src/arch/freertos/csp_thread.o
 .debug_ranges  0x00000438       0x28 libscp/src/arch/freertos/csp_time.o
 .debug_ranges  0x00000460       0x48 libscp/src/csp_buffer.o
 .debug_ranges  0x000004a8       0x90 libscp/src/csp_conn.o
 .debug_ranges  0x00000538       0x20 libscp/src/csp_crc32.o
 .debug_ranges  0x00000558       0x98 libscp/src/csp_endian.o
 .debug_ranges  0x000005f0       0x88 libscp/src/csp_io.o
 .debug_ranges  0x00000678       0x28 libscp/src/csp_port.o
 .debug_ranges  0x000006a0       0x80 libscp/src/csp_route.o
 .debug_ranges  0x00000720       0x18 libscp/src/csp_service_handler.o
 .debug_ranges  0x00000738       0x20 libscp/src/interfaces/csp_if_i2c.o
 .debug_ranges  0x00000758       0x10 libscp/src/interfaces/csp_if_lo.o
 .debug_ranges  0x00000768       0x10 libscp/src/transport/csp_udp.o
 .debug_ranges  0x00000778       0x18 main.o
 .debug_ranges  0x00000790       0x28 mainTask.o
 .debug_ranges  0x000007b8       0xb8 MyDrivers/TC_driver.o
 .debug_ranges  0x00000870       0x60 MyDrivers/twi_master_driver.o
 .debug_ranges  0x000008d0       0x50 MyDrivers/twi_slave_driver.o
 .debug_ranges  0x00000920       0x80 MyDrivers/usart_driver_RTOS.o
 .debug_ranges  0x000009a0       0x28 system.o
 .debug_ranges  0x000009c8       0x30 src/ASF/common/services/clock/xmega/sysclk.o

.debug_macro
 *(.debug_macro)
OUTPUT(main.elf elf32-avr)
LOAD linker stubs
