Archive member included because of file (symbol)

c:/program files (x86)/atmel/atmel toolchain/avr8 gcc/native/3.4.1056/avr8-gnu-toolchain/bin/../lib/gcc/avr/4.8.1/../../../../avr/lib/avrxmega7\libprintf_flt.a(vfprintf_flt.o)
                              (vfprintf)
c:/program files (x86)/atmel/atmel toolchain/avr8 gcc/native/3.4.1056/avr8-gnu-toolchain/bin/../lib/gcc/avr/4.8.1/avrxmega7\libgcc.a(_divmodhi4.o)
                              libscp/src/csp_conn.o (__divmodhi4)
c:/program files (x86)/atmel/atmel toolchain/avr8 gcc/native/3.4.1056/avr8-gnu-toolchain/bin/../lib/gcc/avr/4.8.1/avrxmega7\libgcc.a(_exit.o)
                              c:/program files (x86)/atmel/atmel toolchain/avr8 gcc/native/3.4.1056/avr8-gnu-toolchain/bin/../lib/gcc/avr/4.8.1/../../../../avr/lib/avrxmega7/crtx128a4u.o (exit)
c:/program files (x86)/atmel/atmel toolchain/avr8 gcc/native/3.4.1056/avr8-gnu-toolchain/bin/../lib/gcc/avr/4.8.1/avrxmega7\libgcc.a(_tablejump.o)
                              libscp/src/arch/freertos/csp_system.o (__tablejump2__)
c:/program files (x86)/atmel/atmel toolchain/avr8 gcc/native/3.4.1056/avr8-gnu-toolchain/bin/../lib/gcc/avr/4.8.1/avrxmega7\libgcc.a(_copy_data.o)
                              FreeRTOS/Source/tasks.o (__do_copy_data)
c:/program files (x86)/atmel/atmel toolchain/avr8 gcc/native/3.4.1056/avr8-gnu-toolchain/bin/../lib/gcc/avr/4.8.1/avrxmega7\libgcc.a(_clear_bss.o)
                              cspTask.o (__do_clear_bss)
c:/program files (x86)/atmel/atmel toolchain/avr8 gcc/native/3.4.1056/avr8-gnu-toolchain/bin/../lib/gcc/avr/4.8.1/avrxmega7\libgcc.a(_umulhisi3.o)
                              libscp/src/arch/freertos/csp_time.o (__umulhisi3)
c:/program files (x86)/atmel/atmel toolchain/avr8 gcc/native/3.4.1056/avr8-gnu-toolchain/bin/../lib/gcc/avr/4.8.1/avrxmega7\libgcc.a(_ashldi3.o)
                              libscp/src/csp_endian.o (__ashldi3)
c:/program files (x86)/atmel/atmel toolchain/avr8 gcc/native/3.4.1056/avr8-gnu-toolchain/bin/../lib/gcc/avr/4.8.1/avrxmega7\libgcc.a(_ashrdi3.o)
                              libscp/src/csp_endian.o (__lshrdi3)
c:/program files (x86)/atmel/atmel toolchain/avr8 gcc/native/3.4.1056/avr8-gnu-toolchain/bin/../lib/gcc/avr/4.8.1/avrxmega7\libgcc.a(_udivmodhi4.o)
                              c:/program files (x86)/atmel/atmel toolchain/avr8 gcc/native/3.4.1056/avr8-gnu-toolchain/bin/../lib/gcc/avr/4.8.1/avrxmega7\libgcc.a(_divmodhi4.o) (__udivmodhi4)
c:/program files (x86)/atmel/atmel toolchain/avr8 gcc/native/3.4.1056/avr8-gnu-toolchain/bin/../lib/gcc/avr/4.8.1/../../../../avr/lib/avrxmega7\libc.a(rand.o)
                              libscp/src/csp_conn.o (rand)
c:/program files (x86)/atmel/atmel toolchain/avr8 gcc/native/3.4.1056/avr8-gnu-toolchain/bin/../lib/gcc/avr/4.8.1/../../../../avr/lib/avrxmega7\libc.a(ftoa_engine.o)
                              c:/program files (x86)/atmel/atmel toolchain/avr8 gcc/native/3.4.1056/avr8-gnu-toolchain/bin/../lib/gcc/avr/4.8.1/../../../../avr/lib/avrxmega7\libprintf_flt.a(vfprintf_flt.o) (__ftoa_engine)
c:/program files (x86)/atmel/atmel toolchain/avr8 gcc/native/3.4.1056/avr8-gnu-toolchain/bin/../lib/gcc/avr/4.8.1/../../../../avr/lib/avrxmega7\libc.a(strnlen_P.o)
                              c:/program files (x86)/atmel/atmel toolchain/avr8 gcc/native/3.4.1056/avr8-gnu-toolchain/bin/../lib/gcc/avr/4.8.1/../../../../avr/lib/avrxmega7\libprintf_flt.a(vfprintf_flt.o) (strnlen_P)
c:/program files (x86)/atmel/atmel toolchain/avr8 gcc/native/3.4.1056/avr8-gnu-toolchain/bin/../lib/gcc/avr/4.8.1/../../../../avr/lib/avrxmega7\libc.a(memcmp.o)
                              libscp/src/csp_crc32.o (memcmp)
c:/program files (x86)/atmel/atmel toolchain/avr8 gcc/native/3.4.1056/avr8-gnu-toolchain/bin/../lib/gcc/avr/4.8.1/../../../../avr/lib/avrxmega7\libc.a(memcpy.o)
                              FreeRTOS/Source/queue.o (memcpy)
c:/program files (x86)/atmel/atmel toolchain/avr8 gcc/native/3.4.1056/avr8-gnu-toolchain/bin/../lib/gcc/avr/4.8.1/../../../../avr/lib/avrxmega7\libc.a(memset.o)
                              FreeRTOS/Source/tasks.o (memset)
c:/program files (x86)/atmel/atmel toolchain/avr8 gcc/native/3.4.1056/avr8-gnu-toolchain/bin/../lib/gcc/avr/4.8.1/../../../../avr/lib/avrxmega7\libc.a(strcat.o)
                              FreeRTOS/Source/tasks.o (strcat)
c:/program files (x86)/atmel/atmel toolchain/avr8 gcc/native/3.4.1056/avr8-gnu-toolchain/bin/../lib/gcc/avr/4.8.1/../../../../avr/lib/avrxmega7\libc.a(strcpy.o)
                              mainTask.o (strcpy)
c:/program files (x86)/atmel/atmel toolchain/avr8 gcc/native/3.4.1056/avr8-gnu-toolchain/bin/../lib/gcc/avr/4.8.1/../../../../avr/lib/avrxmega7\libc.a(strncmp.o)
                              libscp/src/csp_route.o (strncmp)
c:/program files (x86)/atmel/atmel toolchain/avr8 gcc/native/3.4.1056/avr8-gnu-toolchain/bin/../lib/gcc/avr/4.8.1/../../../../avr/lib/avrxmega7\libc.a(strncpy.o)
[...]
Memory Configuration

Name             Origin             Length             Attributes
text             0x00000000         0x00100000         xr
data             0x00802000         0x0000ffa0         rw !x
eeprom           0x00810000         0x00010000         rw !x
fuse             0x00820000         0x00000400         rw !x
lock             0x00830000         0x00000400         rw !x
signature        0x00840000         0x00000400         rw !x
user_signatures  0x00850000         0x00000400         rw !x
*default*        0x00000000         0xffffffff

Linker script and memory map

LOAD c:/program files (x86)/atmel/atmel toolchain/avr8 gcc/native/3.4.1056/avr8-gnu-toolchain/bin/../lib/gcc/avr/4.8.1/../../../../avr/lib/avrxmega7/crtx128a4u.o
LOAD cspTask.o
LOAD csp_interface.o
LOAD FreeRTOS/Port/heap_1.o
LOAD FreeRTOS/Port/port.o
LOAD FreeRTOS/Source/croutine.o
LOAD FreeRTOS/Source/list.o
LOAD FreeRTOS/Source/queue.o
LOAD FreeRTOS/Source/tasks.o
LOAD FreeRTOS/Source/timers.o
LOAD libscp/src/arch/freertos/csp_malloc.o
LOAD libscp/src/arch/freertos/csp_queue.o
LOAD libscp/src/arch/freertos/csp_semaphore.o
LOAD libscp/src/arch/freertos/csp_system.o
LOAD libscp/src/arch/freertos/csp_thread.o
LOAD libscp/src/arch/freertos/csp_time.o
LOAD libscp/src/crypto/csp_hmac.o
LOAD libscp/src/crypto/csp_sha1.o
LOAD libscp/src/crypto/csp_xtea.o
LOAD libscp/src/csp_buffer.o
LOAD libscp/src/csp_conn.o
LOAD libscp/src/csp_crc32.o
LOAD libscp/src/csp_debug.o
LOAD libscp/src/csp_endian.o
LOAD libscp/src/csp_io.o
LOAD libscp/src/csp_port.o
LOAD libscp/src/csp_route.o
LOAD libscp/src/csp_services.o
LOAD libscp/src/csp_service_handler.o
LOAD libscp/src/csp_sfp.o
LOAD libscp/src/interfaces/csp_if_i2c.o
LOAD libscp/src/interfaces/csp_if_lo.o
LOAD libscp/src/transport/csp_rdp.o
LOAD libscp/src/transport/csp_udp.o
LOAD main.o
LOAD mainTask.o
LOAD MyDrivers/port_driver.o
LOAD MyDrivers/TC_driver.o
LOAD MyDrivers/twi_master_driver.o
LOAD MyDrivers/twi_slave_driver.o
LOAD MyDrivers/usart_driver_RTOS.o
LOAD system.o
LOAD src/ASF/common/services/clock/xmega/sysclk.o
LOAD src/ASF/common/services/ioport/xmega/ioport_compat.o
LOAD src/ASF/xmega/drivers/nvm/nvm.o
LOAD src/ASF/xmega/drivers/nvm/nvm_asm.o
LOAD src/ASF/xmega/drivers/cpu/ccp.o
START GROUP
LOAD c:/program files (x86)/atmel/atmel toolchain/avr8 gcc/native/3.4.1056/avr8-gnu-toolchain/bin/../lib/gcc/avr/4.8.1/../../../../avr/lib/avrxmega7\libm.a
LOAD c:/program files (x86)/atmel/atmel toolchain/avr8 gcc/native/3.4.1056/avr8-gnu-toolchain/bin/../lib/gcc/avr/4.8.1/../../../../avr/lib/avrxmega7\libprintf_flt.a
END GROUP
START GROUP
LOAD c:/program files (x86)/atmel/atmel toolchain/avr8 gcc/native/3.4.1056/avr8-gnu-toolchain/bin/../lib/gcc/avr/4.8.1/avrxmega7\libgcc.a
LOAD c:/program files (x86)/atmel/atmel toolchain/avr8 gcc/native/3.4.1056/avr8-gnu-toolchain/bin/../lib/gcc/avr/4.8.1/../../../../avr/lib/avrxmega7\libm.a
LOAD c:/program files (x86)/atmel/atmel toolchain/avr8 gcc/native/3.4.1056/avr8-gnu-toolchain/bin/../lib/gcc/avr/4.8.1/../../../../avr/lib/avrxmega7\libc.a
END GROUP

.hash
 *(.hash)

.dynsym
 *(.dynsym)

.dynstr
 *(.dynstr)

.gnu.version
 *(.gnu.version)

.gnu.version_d
 *(.gnu.version_d)

.gnu.version_r
 *(.gnu.version_r)

.rel.init
 *(.rel.init)

.rela.init
 *(.rela.init)

.rel.text
 *(.rel.text)
 *(.rel.text.*)
 *(.rel.gnu.linkonce.t*)

.rela.text
 *(.rela.text)
 *(.rela.text.*)
 *(.rela.gnu.linkonce.t*)

.rel.fini
 *(.rel.fini)

.rela.fini
 *(.rela.fini)

.rel.rodata
 *(.rel.rodata)
 *(.rel.rodata.*)
 *(.rel.gnu.linkonce.r*)

.rela.rodata
 *(.rela.rodata)
 *(.rela.rodata.*)
 *(.rela.gnu.linkonce.r*)

.rel.data
 *(.rel.data)
 *(.rel.data.*)
 *(.rel.gnu.linkonce.d*)

.rela.data
 *(.rela.data)
 *(.rela.data.*)
 *(.rela.gnu.linkonce.d*)

.rel.ctors
 *(.rel.ctors)

.rela.ctors
 *(.rela.ctors)

.rel.dtors
 *(.rel.dtors)

.rela.dtors
 *(.rela.dtors)

.rel.got
 *(.rel.got)

.rela.got
 *(.rela.got)

.rel.bss
 *(.rel.bss)

.rela.bss
 *(.rela.bss)

.rel.plt
 *(.rel.plt)

.rela.plt
 *(.rela.plt)

.text           0x00000000     0x5a2c
 *(.vectors)
 .vectors       0x00000000      0x1fc c:/program files (x86)/atmel/atmel toolchain/avr8 gcc/native/3.4.1056/avr8-gnu-toolchain/bin/../lib/gcc/avr/4.8.1/../../../../avr/lib/avrxmega7/crtx128a4u.o
                0x00000000                __vector_default
                0x00000000                __vectors
 *(.vectors)
 *(.progmem.gcc*)
 .progmem.gcc_sw_table.csp_service_handler
                0x000001fc        0xe libscp/src/csp_service_handler.o
                0x0000020a                . = ALIGN (0x2)
                0x0000020a                __trampolines_start = .
 *(.trampolines)
 .trampolines   0x0000020a        0x0 linker stubs
 *(.trampolines*)
                0x0000020a                __trampolines_end = .
 *(.progmem*)
 .progmem.data.crc_tab
                0x0000020a      0x400 libscp/src/csp_crc32.o
 .progmem.data  0x0000060a        0x8 c:/program files (x86)/atmel/atmel toolchain/avr8 gcc/native/3.4.1056/avr8-gnu-toolchain/bin/../lib/gcc/avr/4.8.1/../../../../avr/lib/avrxmega7\libprintf_flt.a(vfprintf_flt.o)
 .progmem.data  0x00000612       0xfa c:/program files (x86)/atmel/atmel toolchain/avr8 gcc/native/3.4.1056/avr8-gnu-toolchain/bin/../lib/gcc/avr/4.8.1/../../../../avr/lib/avrxmega7\libc.a(ftoa_engine.o)
                0x0000070c                . = ALIGN (0x2)
 *(.jumptables)
 *(.jumptables*)
 *(.lowtext)
 *(.lowtext*)
                0x0000070c                __ctors_start = .
 *(.ctors)
                0x0000070c                __ctors_end = .
                0x0000070c                __dtors_start = .
 *(.dtors)
                0x0000070c                __dtors_end = .
 SORT(*)(.ctors)
 SORT(*)(.dtors)
 *(.init0)
 .init0         0x0000070c        0x0 c:/program files (x86)/atmel/atmel toolchain/avr8 gcc/native/3.4.1056/avr8-gnu-toolchain/bin/../lib/gcc/avr/4.8.1/../../../../avr/lib/avrxmega7/crtx128a4u.o
                0x0000070c                __init
 *(.init0)
 *(.init1)
 *(.init1)
 *(.init2)
 .init2         0x0000070c       0x18 c:/program files (x86)/atmel/atmel toolchain/avr8 gcc/native/3.4.1056/avr8-gnu-toolchain/bin/../lib/gcc/avr/4.8.1/../../../../avr/lib/avrxmega7/crtx128a4u.o
 *(.init2)
 *(.init3)
 *(.init3)
 *(.init4)
 .init4         0x00000724       0x1c c:/program files (x86)/atmel/atmel toolchain/avr8 gcc/native/3.4.1056/avr8-gnu-toolchain/bin/../lib/gcc/avr/4.8.1/avrxmega7\libgcc.a(_copy_data.o)
                0x00000724                __do_copy_data
 .init4         0x00000740       0x10 c:/program files (x86)/atmel/atmel toolchain/avr8 gcc/native/3.4.1056/avr8-gnu-toolchain/bin/../lib/gcc/avr/4.8.1/avrxmega7\libgcc.a(_clear_bss.o)
                0x00000740                __do_clear_bss
 *(.init4)
 *(.init5)
 *(.init5)
 *(.init6)
 *(.init6)
 *(.init7)
 *(.init7)
 *(.init8)
 *(.init8)
 *(.init9)
 .init9         0x00000750        0x8 c:/program files (x86)/atmel/atmel toolchain/avr8 gcc/native/3.4.1056/avr8-gnu-toolchain/bin/../lib/gcc/avr/4.8.1/../../../../avr/lib/avrxmega7/crtx128a4u.o
 *(.init9)
 *(.text)
 .text          0x00000758        0x2 c:/program files (x86)/atmel/atmel toolchain/avr8 gcc/native/3.4.1056/avr8-gnu-toolchain/bin/../lib/gcc/avr/4.8.1/../../../../avr/lib/avrxmega7/crtx128a4u.o
                0x00000758                __vector_38
                0x00000758                __vector_104
                0x00000758                __vector_22
                0x00000758                __vector_63
                0x00000758                __vector_28
                0x00000758                __vector_67
                0x00000758                __vector_1
                0x00000758                __vector_119
                0x00000758                __vector_32
                0x00000758                __vector_75
                0x00000758                __vector_71
                0x00000758                __vector_91
                0x00000758                __vector_34
                0x00000758                __vector_62
                0x00000758                __vector_77
                0x00000758                __vector_102
                0x00000758                __vector_24
                0x00000758                __vector_12
                0x00000758                __vector_55
                0x00000758                __vector_69
                0x00000758                __vector_81
                0x00000758                __vector_90
                0x00000758                __bad_interrupt
                0x00000758                __vector_122
                0x00000758                __vector_72
                0x00000758                __vector_114
                0x00000758                __vector_6
                0x00000758                __vector_110
                0x00000758                __vector_31
                0x00000758                __vector_92
                0x00000758                __vector_35
                0x00000758                __vector_78
                0x00000758                __vector_74
                0x00000758                __vector_117
                0x00000758                __vector_39
                0x00000758                __vector_107
                0x00000758                __vector_3
                0x00000758                __vector_105
                0x00000758                __vector_98
                0x00000758                __vector_23
                0x00000758                __vector_68
                0x00000758                __vector_30
                0x00000758                __vector_73
                0x00000758                __vector_93
                0x00000758                __vector_61
                0x00000758                __vector_11
                0x00000758                __vector_54
                0x00000758                __vector_99
                0x00000758                __vector_13
                0x00000758                __vector_17
                0x00000758                __vector_19
                0x00000758                __vector_56
                0x00000758                __vector_7
                0x00000758                __vector_125
                0x00000758                __vector_49
                0x00000758                __vector_123
                0x00000758                __vector_41
                0x00000758                __vector_86
                0x00000758                __vector_100
                0x00000758                __vector_101
                0x00000758                __vector_64
                0x00000758                __vector_109
                0x00000758                __vector_43
                0x00000758                __vector_27
                0x00000758                __vector_5
                0x00000758                __vector_113
                0x00000758                __vector_33
                0x00000758                __vector_76
                0x00000758                __vector_115
                0x00000758                __vector_47
                0x00000758                __vector_52
                0x00000758                __vector_37
                0x00000758                __vector_95
                0x00000758                __vector_103
                0x00000758                __vector_96
                0x00000758                __vector_108
                0x00000758                __vector_4
                0x00000758                __vector_44
                0x00000758                __vector_82
                0x00000758                __vector_106
                0x00000758                __vector_118
                0x00000758                __vector_51
                0x00000758                __vector_9
                0x00000758                __vector_2
                0x00000758                __vector_21
                0x00000758                __vector_15
                0x00000758                __vector_66
                0x00000758                __vector_36
                0x00000758                __vector_79
                0x00000758                __vector_70
                0x00000758                __vector_83
                0x00000758                __vector_29
                0x00000758                __vector_60
                0x00000758                __vector_121
                0x00000758                __vector_40
                0x00000758                __vector_85
                0x00000758                __vector_94
                0x00000758                __vector_126
                0x00000758                __vector_8
                0x00000758                __vector_48
                0x00000758                __vector_124
                0x00000758                __vector_116
                0x00000758                __vector_112
                0x00000758                __vector_111
                0x00000758                __vector_80
                0x00000758                __vector_84
                0x00000758                __vector_57
                0x00000758                __vector_53
                0x00000758                __vector_10
                0x00000758                __vector_50
                0x00000758                __vector_16
                0x00000758                __vector_18
                0x00000758                __vector_97
                0x00000758                __vector_42
                0x00000758                __vector_87
                0x00000758                __vector_65
                0x00000758                __vector_120
                0x0000075a                . = ALIGN (0x2)
 *(.text.*)
 .text.cspTask  0x0000075a       0xe0 cspTask.o
                0x0000075a                cspTask
 .text.TWI_CSP_SlaveProcessData
                0x0000083a       0x78 csp_interface.o
                0x0000083a                TWI_CSP_SlaveProcessData
 .text.i2c_init
                0x000008b2       0x46 csp_interface.o
                0x000008b2                i2c_init
 .text.i2c_send
                0x000008f8       0x24 csp_interface.o
                0x000008f8                i2c_send
 .text.clock_get_time
                0x0000091c        0x2 csp_interface.o
                0x0000091c                clock_get_time
 .text.clock_set_time
                0x0000091e        0x2 csp_interface.o
                0x0000091e                clock_set_time
 .text.__vector_46
                0x00000920       0x6a csp_interface.o
                0x00000920                __vector_46
 .text.__vector_45
                0x0000098a       0x6a csp_interface.o
                0x0000098a                __vector_45
 .text.pvPortMalloc
                0x000009f4       0x48 FreeRTOS/Port/heap_1.o
                0x000009f4                pvPortMalloc
 .text.vPortFree
                0x00000a3c        0x2 FreeRTOS/Port/heap_1.o
                0x00000a3c                vPortFree
 .text.xPortGetFreeHeapSize
                0x00000a3e       0x12 FreeRTOS/Port/heap_1.o
                0x00000a3e                xPortGetFreeHeapSize
 .text.pxPortInitialiseStack
                0x00000a50       0xdc FreeRTOS/Port/port.o
                0x00000a50                pxPortInitialiseStack
 .text.xPortStartScheduler
                0x00000b2c       0x84 FreeRTOS/Port/port.o
                0x00000b2c                xPortStartScheduler
 .text.vPortYield
                0x00000bb0       0xb0 FreeRTOS/Port/port.o
                0x00000bb0                vPortYield
 .text.__vector_14
                0x00000c60       0xb2 FreeRTOS/Port/port.o
                0x00000c60                __vector_14
 .text.vListInitialise
                0x00000d12       0x1c FreeRTOS/Source/list.o
                0x00000d12                vListInitialise
 .text.vListInitialiseItem
                0x00000d2e        0x8 FreeRTOS/Source/list.o
                0x00000d2e                vListInitialiseItem
 .text.vListInsertEnd
                0x00000d36       0x4e FreeRTOS/Source/list.o
                0x00000d36                vListInsertEnd
 .text.vListInsert
                0x00000d84       0x76 FreeRTOS/Source/list.o
                0x00000d84                vListInsert
 .text.vListRemove
                0x00000dfa       0x4c FreeRTOS/Source/list.o
                0x00000dfa                vListRemove
 .text.prvCopyDataToQueue
                0x00000e46       0x98 FreeRTOS/Source/queue.o
 .text.prvCopyDataFromQueue
                0x00000ede       0x34 FreeRTOS/Source/queue.o
 .text.prvUnlockQueue
                0x00000f12       0x88 FreeRTOS/Source/queue.o
 .text.xQueueCreate
                0x00000f9a       0x98 FreeRTOS/Source/queue.o
                0x00000f9a                xQueueCreate
 .text.xQueueGenericSend
                0x00001032      0x110 FreeRTOS/Source/queue.o
                0x00001032                xQueueGenericSend
 .text.xQueueCreateMutex
                0x00001142       0x50 FreeRTOS/Source/queue.o
                0x00001142                xQueueCreateMutex
 .text.xQueueGenericSendFromISR
                0x00001192       0x54 FreeRTOS/Source/queue.o
                0x00001192                xQueueGenericSendFromISR
 .text.xQueueGenericReceive
                0x000011e6      0x15c FreeRTOS/Source/queue.o
                0x000011e6                xQueueGenericReceive
 .text.xQueueReceiveFromISR
                0x00001342       0x56 FreeRTOS/Source/queue.o
                0x00001342                xQueueReceiveFromISR
 .text.uxQueueMessagesWaiting
                0x00001398       0x10 FreeRTOS/Source/queue.o
                0x00001398                uxQueueMessagesWaiting
 .text.vQueueWaitForMessageRestricted
                0x000013a8       0x36 FreeRTOS/Source/queue.o
                0x000013a8                vQueueWaitForMessageRestricted
 .text.prvIdleTask
                0x000013de        0xe FreeRTOS/Source/tasks.o
 .text.prvAddCurrentTaskToDelayedList
                0x000013ec       0x6a FreeRTOS/Source/tasks.o
 .text.prvListTaskWithinSingleList
                0x00001456      0x13a FreeRTOS/Source/tasks.o
 .text.xTaskGenericCreate
                0x00001590      0x1ce FreeRTOS/Source/tasks.o
                0x00001590                xTaskGenericCreate
 .text.vTaskStartScheduler
                0x0000175e       0x58 FreeRTOS/Source/tasks.o
                0x0000175e                vTaskStartScheduler
 .text.vTaskSuspendAll
                0x000017b6        0xc FreeRTOS/Source/tasks.o
                0x000017b6                vTaskSuspendAll
 .text.xTaskGetTickCount
                0x000017c2       0x14 FreeRTOS/Source/tasks.o
                0x000017c2                xTaskGetTickCount
 .text.uxTaskGetNumberOfTasks
                0x000017d6        0x6 FreeRTOS/Source/tasks.o
                0x000017d6                uxTaskGetNumberOfTasks
 .text.vTaskIncrementTick
                0x000017dc      0x182 FreeRTOS/Source/tasks.o
                0x000017dc                vTaskIncrementTick
 .text.xTaskResumeAll
                0x0000195e      0x110 FreeRTOS/Source/tasks.o
                0x0000195e                xTaskResumeAll
 .text.vTaskDelay
                0x00001a6e       0x36 FreeRTOS/Source/tasks.o
                0x00001a6e                vTaskDelay
 .text.vTaskList
                0x00001aa4       0xaa FreeRTOS/Source/tasks.o
                0x00001aa4                vTaskList
 .text.vTaskSwitchContext
                0x00001b4e      0x15c FreeRTOS/Source/tasks.o
                0x00001b4e                vTaskSwitchContext
 .text.vTaskPlaceOnEventList
                0x00001caa       0x50 FreeRTOS/Source/tasks.o
                0x00001caa                vTaskPlaceOnEventList
 .text.vTaskPlaceOnEventListRestricted
                0x00001cfa       0x34 FreeRTOS/Source/tasks.o
                0x00001cfa                vTaskPlaceOnEventListRestricted
 .text.xTaskRemoveFromEventList
                0x00001d2e       0x86 FreeRTOS/Source/tasks.o
                0x00001d2e                xTaskRemoveFromEventList
 .text.vTaskSetTimeOutState
                0x00001db4       0x16 FreeRTOS/Source/tasks.o
                0x00001db4                vTaskSetTimeOutState
 .text.xTaskCheckForTimeOut
                0x00001dca       0x7c FreeRTOS/Source/tasks.o
                0x00001dca                xTaskCheckForTimeOut
 .text.vTaskMissedYield
                0x00001e46        0x8 FreeRTOS/Source/tasks.o
                0x00001e46                vTaskMissedYield
 .text.xTaskGetCurrentTaskHandle
                0x00001e4e        0xa FreeRTOS/Source/tasks.o
                0x00001e4e                xTaskGetCurrentTaskHandle
 .text.xTaskGetSchedulerState
                0x00001e58       0x1c FreeRTOS/Source/tasks.o
                0x00001e58                xTaskGetSchedulerState
 .text.vTaskPriorityInherit
                0x00001e74       0xae FreeRTOS/Source/tasks.o
                0x00001e74                vTaskPriorityInherit
 .text.vTaskPriorityDisinherit
                0x00001f22       0x66 FreeRTOS/Source/tasks.o
                0x00001f22                vTaskPriorityDisinherit
 .text.prvInsertTimerInActiveList
                0x00001f88       0x5e FreeRTOS/Source/timers.o
 .text.prvCheckForValidListAndQueue
                0x00001fe6       0x50 FreeRTOS/Source/timers.o
 .text.xTimerCreateTimerTask
                0x00002036       0x50 FreeRTOS/Source/timers.o
                0x00002036                xTimerCreateTimerTask
 .text.xTimerGenericCommand
                0x00002086       0x88 FreeRTOS/Source/timers.o
                0x00002086                xTimerGenericCommand
 .text.prvSampleTimeNow
                0x0000210e       0xe0 FreeRTOS/Source/timers.o
 .text.prvTimerTask
                0x000021ee      0x19a FreeRTOS/Source/timers.o
 .text.csp_malloc
                0x00002388        0x6 libscp/src/arch/freertos/csp_malloc.o
                0x00002388                csp_malloc
 .text.csp_free
                0x0000238e        0x6 libscp/src/arch/freertos/csp_malloc.o
                0x0000238e                csp_free
 .text.csp_queue_create
                0x00002394        0x6 libscp/src/arch/freertos/csp_queue.o
                0x00002394                csp_queue_create
 .text.csp_queue_enqueue
                0x0000239a       0x16 libscp/src/arch/freertos/csp_queue.o
                0x0000239a                csp_queue_enqueue
 .text.csp_queue_enqueue_isr
                0x000023b0        0xe libscp/src/arch/freertos/csp_queue.o
                0x000023b0                csp_queue_enqueue_isr
 .text.csp_queue_dequeue
                0x000023be       0x16 libscp/src/arch/freertos/csp_queue.o
                0x000023be                csp_queue_dequeue
 .text.csp_queue_size
                0x000023d4        0x8 libscp/src/arch/freertos/csp_queue.o
                0x000023d4                csp_queue_size
 .text.csp_mutex_create
                0x000023dc       0x22 libscp/src/arch/freertos/csp_semaphore.o
                0x000023dc                csp_mutex_create
 .text.csp_bin_sem_create
                0x000023fe       0x2e libscp/src/arch/freertos/csp_semaphore.o
                0x000023fe                csp_bin_sem_create
 .text.csp_bin_sem_wait
                0x0000242c       0x20 libscp/src/arch/freertos/csp_semaphore.o
                0x0000242c                csp_bin_sem_wait
 .text.csp_bin_sem_post
                0x0000244c       0x24 libscp/src/arch/freertos/csp_semaphore.o
                0x0000244c                csp_bin_sem_post
 .text.csp_sys_tasklist
                0x00002470        0x8 libscp/src/arch/freertos/csp_system.o
                0x00002470                csp_sys_tasklist
 .text.csp_sys_tasklist_size
                0x00002478        0xc libscp/src/arch/freertos/csp_system.o
                0x00002478                csp_sys_tasklist_size
 .text.csp_sys_memfree
                0x00002484       0xae libscp/src/arch/freertos/csp_system.o
                0x00002484                csp_sys_memfree
 .text.csp_sys_reboot
                0x00002532       0x24 libscp/src/arch/freertos/csp_system.o
                0x00002532                csp_sys_reboot
 .text.csp_thread_create
                0x00002556       0x3c libscp/src/arch/freertos/csp_thread.o
                0x00002556                csp_thread_create
 .text.csp_get_ms
                0x00002592        0xa libscp/src/arch/freertos/csp_time.o
                0x00002592                csp_get_ms
 .text.csp_get_s
                0x0000259c       0x2c libscp/src/arch/freertos/csp_time.o
                0x0000259c                csp_get_s
 .text.csp_buffer_init
                0x000025c8      0x114 libscp/src/csp_buffer.o
                0x000025c8                csp_buffer_init
 .text.csp_buffer_get
                0x000026dc       0x74 libscp/src/csp_buffer.o
                0x000026dc                csp_buffer_get
 .text.csp_buffer_free_isr
                0x00002750       0x70 libscp/src/csp_buffer.o
                0x00002750                csp_buffer_free_isr
 .text.csp_buffer_free
                0x000027c0       0x6e libscp/src/csp_buffer.o
                0x000027c0                csp_buffer_free
 .text.csp_buffer_remaining
                0x0000282e        0xc libscp/src/csp_buffer.o
                0x0000282e                csp_buffer_remaining
 .text.csp_conn_enqueue_packet
                0x0000283a       0x4c libscp/src/csp_conn.o
                0x0000283a                csp_conn_enqueue_packet
 .text.csp_conn_init
                0x00002886       0x94 libscp/src/csp_conn.o
                0x00002886                csp_conn_init
 .text.csp_conn_find
                0x0000291a       0x6c libscp/src/csp_conn.o
                0x0000291a                csp_conn_find
 .text.csp_conn_flush_rx_queue
                0x00002986       0x48 libscp/src/csp_conn.o
                0x00002986                csp_conn_flush_rx_queue
 .text.csp_conn_allocate
                0x000029ce       0xcc libscp/src/csp_conn.o
                0x000029ce                csp_conn_allocate
 .text.csp_conn_new
                0x00002a9a       0x5c libscp/src/csp_conn.o
                0x00002a9a                csp_conn_new
 .text.csp_close
                0x00002af6       0x4a libscp/src/csp_conn.o
                0x00002af6                csp_close
 .text.csp_conn_dport
                0x00002b40       0x1a libscp/src/csp_conn.o
                0x00002b40                csp_conn_dport
 .text.csp_crc32_memory
                0x00002b5a       0xa4 libscp/src/csp_crc32.o
                0x00002b5a                csp_crc32_memory
 .text.csp_crc32_append
                0x00002bfe       0x42 libscp/src/csp_crc32.o
                0x00002bfe                csp_crc32_append
 .text.csp_crc32_verify
                0x00002c40       0x92 libscp/src/csp_crc32.o
                0x00002c40                csp_crc32_verify
 .text.csp_hton32
                0x00002cd2       0x6a libscp/src/csp_endian.o
                0x00002cd2                csp_hton32
 .text.csp_ntoh32
                0x00002d3c       0x6a libscp/src/csp_endian.o
                0x00002d3c                csp_ntoh32
 .text.csp_get_hostname
                0x00002da6        0xa libscp/src/csp_io.o
                0x00002da6                csp_get_hostname
 .text.csp_get_model
                0x00002db0        0xa libscp/src/csp_io.o
                0x00002db0                csp_get_model
 .text.csp_init
                0x00002dba       0x20 libscp/src/csp_io.o
                0x00002dba                csp_init
 .text.csp_socket
                0x00002dda       0x8c libscp/src/csp_io.o
                0x00002dda                csp_socket
 .text.csp_accept
                0x00002e66       0x4a libscp/src/csp_io.o
                0x00002e66                csp_accept
 .text.csp_read
                0x00002eb0       0x50 libscp/src/csp_io.o
                0x00002eb0                csp_read
 .text.csp_send_direct
                0x00002f00      0x154 libscp/src/csp_io.o
                0x00002f00                csp_send_direct
 .text.csp_send
                0x00003054       0x54 libscp/src/csp_io.o
                0x00003054                csp_send
 .text.csp_sendto
                0x000030a8       0xe2 libscp/src/csp_io.o
                0x000030a8                csp_sendto
 .text.csp_port_get_socket
                0x0000318a       0x4e libscp/src/csp_port.o
                0x0000318a                csp_port_get_socket
 .text.csp_port_init
                0x000031d8       0x14 libscp/src/csp_port.o
                0x000031d8                csp_port_init
 .text.csp_listen
                0x000031ec       0x36 libscp/src/csp_port.o
                0x000031ec                csp_listen
 .text.csp_bind
                0x00003222       0x4e libscp/src/csp_port.o
                0x00003222                csp_bind
 .text.csp_route_security_check
                0x00003270       0x8a libscp/src/csp_route.o
 .text.csp_route_next_packet
                0x000032fa       0x24 libscp/src/csp_route.o
                0x000032fa                csp_route_next_packet
 .text.csp_route_start_task
                0x0000331e       0x44 libscp/src/csp_route.o
                0x0000331e                csp_route_start_task
 .text.csp_route_get_if_by_name
                0x00003362       0x3e libscp/src/csp_route.o
                0x00003362                csp_route_get_if_by_name
 .text.csp_route_add_if
                0x000033a0       0x52 libscp/src/csp_route.o
                0x000033a0                csp_route_add_if
 .text.csp_route_set
                0x000033f2       0x4c libscp/src/csp_route.o
                0x000033f2                csp_route_set
 .text.csp_route_table_init
                0x0000343e       0x54 libscp/src/csp_route.o
                0x0000343e                csp_route_table_init
 .text.csp_route_if
                0x00003492       0x34 libscp/src/csp_route.o
                0x00003492                csp_route_if
 .text.csp_task_router
                0x000034c6      0x25e libscp/src/csp_route.o
                0x000034c6                csp_task_router
 .text.csp_route_enqueue
                0x00003724       0x2a libscp/src/csp_route.o
                0x00003724                csp_route_enqueue
 .text.csp_new_packet
                0x0000374e       0xe4 libscp/src/csp_route.o
                0x0000374e                csp_new_packet
 .text.csp_route_get_nexthop_mac
                0x00003832        0x8 libscp/src/csp_route.o
                0x00003832                csp_route_get_nexthop_mac
 .text.csp_cmp_handler
                0x0000383a      0x2c8 libscp/src/csp_service_handler.o
                0x0000383a                csp_cmp_handler
 .text.csp_service_handler
                0x00003b02      0x17a libscp/src/csp_service_handler.o
                0x00003b02                csp_service_handler
 .text.csp_i2c_tx
                0x00003c7c       0x9a libscp/src/interfaces/csp_if_i2c.o
                0x00003c7c                csp_i2c_tx
 .text.csp_i2c_rx
                0x00003d16       0x78 libscp/src/interfaces/csp_if_i2c.o
                0x00003d16                csp_i2c_rx
 .text.csp_i2c_init
                0x00003d8e       0x58 libscp/src/interfaces/csp_if_i2c.o
                0x00003d8e                csp_i2c_init
 .text.csp_lo_tx
                0x00003de6       0x12 libscp/src/interfaces/csp_if_lo.o
                0x00003de6                csp_lo_tx
 .text.csp_udp_new_packet
                0x00003df8       0x66 libscp/src/transport/csp_udp.o
                0x00003df8                csp_udp_new_packet
 .text.blink    0x00003e5e       0x12 main.o
                0x00003e5e                blink
 .text.main     0x00003e70       0xa4 main.o
                0x00003e70                main
 .text.sendFreeHeapSpace
                0x00003f14       0xd0 mainTask.o
                0x00003f14                sendFreeHeapSpace
 .text.houseKeeping
                0x00003fe4      0x164 mainTask.o
                0x00003fe4                houseKeeping
 .text.echoBack
                0x00004148       0x78 mainTask.o
                0x00004148                echoBack
 .text.mainTask
                0x000041c0       0x5c mainTask.o
                0x000041c0                mainTask
 .text.TC0_ConfigClockSource
                0x0000421c        0xc MyDrivers/TC_driver.o
                0x0000421c                TC0_ConfigClockSource
 .text.TC1_ConfigClockSource
                0x00004228        0xc MyDrivers/TC_driver.o
                0x00004228                TC1_ConfigClockSource
 .text.TC0_SetOverflowIntLevel
                0x00004234        0xc MyDrivers/TC_driver.o
                0x00004234                TC0_SetOverflowIntLevel
 .text.TC1_SetOverflowIntLevel
                0x00004240        0xc MyDrivers/TC_driver.o
                0x00004240                TC1_SetOverflowIntLevel
 .text.TWI_MasterInit
                0x0000424c       0x22 MyDrivers/twi_master_driver.o
                0x0000424c                TWI_MasterInit
 .text.TWI_MasterWriteRead
                0x0000426e       0xc0 MyDrivers/twi_master_driver.o
                0x0000426e                TWI_MasterWriteRead
 .text.TWI_MasterWrite
                0x0000432e        0xa MyDrivers/twi_master_driver.o
                0x0000432e                TWI_MasterWrite
 .text.TWI_MasterArbitrationLostBusErrorHandler
                0x00004338       0x30 MyDrivers/twi_master_driver.o
                0x00004338                TWI_MasterArbitrationLostBusErrorHandler
 .text.TWI_MasterWriteHandler
                0x00004368       0x80 MyDrivers/twi_master_driver.o
                0x00004368                TWI_MasterWriteHandler
 .text.TWI_MasterReadHandler
                0x000043e8       0x7e MyDrivers/twi_master_driver.o
                0x000043e8                TWI_MasterReadHandler
 .text.TWI_MasterInterruptHandler
                0x00004466       0x32 MyDrivers/twi_master_driver.o
                0x00004466                TWI_MasterInterruptHandler
 .text.TWI_SlaveInitializeDriver
                0x00004498       0x22 MyDrivers/twi_slave_driver.o
                0x00004498                TWI_SlaveInitializeDriver
 .text.TWI_SlaveInitializeModule
                0x000044ba       0x16 MyDrivers/twi_slave_driver.o
                0x000044ba                TWI_SlaveInitializeModule
 .text.TWI_SlaveTransactionFinished
                0x000044d0       0x1a MyDrivers/twi_slave_driver.o
                0x000044d0                TWI_SlaveTransactionFinished
 .text.TWI_SlaveAddressMatchHandler
                0x000044ea       0x5a MyDrivers/twi_slave_driver.o
                0x000044ea                TWI_SlaveAddressMatchHandler
 .text.TWI_SlaveStopHandler
                0x00004544       0x1e MyDrivers/twi_slave_driver.o
                0x00004544                TWI_SlaveStopHandler
 .text.TWI_SlaveReadHandler
                0x00004562       0x74 MyDrivers/twi_slave_driver.o
                0x00004562                TWI_SlaveReadHandler
 .text.TWI_SlaveWriteHandler
                0x000045d6       0x6e MyDrivers/twi_slave_driver.o
                0x000045d6                TWI_SlaveWriteHandler
 .text.TWI_SlaveDataHandler
                0x00004644       0x14 MyDrivers/twi_slave_driver.o
                0x00004644                TWI_SlaveDataHandler
 .text.TWI_SlaveInterruptHandler
                0x00004658       0x66 MyDrivers/twi_slave_driver.o
                0x00004658                TWI_SlaveInterruptHandler
 .text.__vector_25
                0x000046be       0xb0 MyDrivers/usart_driver_RTOS.o
                0x000046be                __vector_25
 .text.__vector_88
                0x0000476e       0xb0 MyDrivers/usart_driver_RTOS.o
                0x0000476e                __vector_88
 .text.__vector_58
                0x0000481e       0xb0 MyDrivers/usart_driver_RTOS.o
                0x0000481e                __vector_58
 .text.__vector_26
                0x000048ce       0xc6 MyDrivers/usart_driver_RTOS.o
                0x000048ce                __vector_26
 .text.__vector_89
                0x00004994       0xc6 MyDrivers/usart_driver_RTOS.o
                0x00004994                __vector_89
 .text.__vector_59
                0x00004a5a       0xc6 MyDrivers/usart_driver_RTOS.o
                0x00004a5a                __vector_59
 .text.boardInit
                0x00004b20       0x8a system.o
                0x00004b20                boardInit
 .text.__vector_20
                0x00004baa       0xfe system.o
                0x00004baa                __vector_20
 .text.sysclk_init
                0x00004ca8       0x4e src/ASF/common/services/clock/xmega/sysclk.o
                0x00004ca8                sysclk_init
 .text.sysclk_enable_module
                0x00004cf6       0x18 src/ASF/common/services/clock/xmega/sysclk.o
                0x00004cf6                sysclk_enable_module
 .text.ccp_write_io
                0x00004d0e        0xc src/ASF/xmega/drivers/cpu/ccp.o
                0x00004d0e                ccp_write_io
 .text.avr-libc
                0x00004d1a      0x702 c:/program files (x86)/atmel/atmel toolchain/avr8 gcc/native/3.4.1056/avr8-gnu-toolchain/bin/../lib/gcc/avr/4.8.1/../../../../avr/lib/avrxmega7\libprintf_flt.a(vfprintf_flt.o)
                0x00004d1a                vfprintf
 .text.libgcc.div
                0x0000541c       0x26 c:/program files (x86)/atmel/atmel toolchain/avr8 gcc/native/3.4.1056/avr8-gnu-toolchain/bin/../lib/gcc/avr/4.8.1/avrxmega7\libgcc.a(_divmodhi4.o)
                0x0000541c                _div
                0x0000541c                __divmodhi4
 .text.libgcc   0x00005442        0xc c:/program files (x86)/atmel/atmel toolchain/avr8 gcc/native/3.4.1056/avr8-gnu-toolchain/bin/../lib/gcc/avr/4.8.1/avrxmega7\libgcc.a(_tablejump.o)
                0x00005442                __tablejump2__
                0x00005446                __tablejump__
 .text.libgcc.mul
                0x0000544e       0x1e c:/program files (x86)/atmel/atmel toolchain/avr8 gcc/native/3.4.1056/avr8-gnu-toolchain/bin/../lib/gcc/avr/4.8.1/avrxmega7\libgcc.a(_umulhisi3.o)
                0x0000544e                __umulhisi3
 .text.libgcc.div
                0x0000546c       0x28 c:/program files (x86)/atmel/atmel toolchain/avr8 gcc/native/3.4.1056/avr8-gnu-toolchain/bin/../lib/gcc/avr/4.8.1/avrxmega7\libgcc.a(_udivmodhi4.o)
                0x0000546c                __udivmodhi4
 .text.avr-libc
                0x00005494       0xae c:/program files (x86)/atmel/atmel toolchain/avr8 gcc/native/3.4.1056/avr8-gnu-toolchain/bin/../lib/gcc/avr/4.8.1/../../../../avr/lib/avrxmega7\libc.a(rand.o)
                0x00005524                rand_r
                0x00005526                rand
                0x0000552c                srand
 .text.avr-libc
                0x00005542      0x1b0 c:/program files (x86)/atmel/atmel toolchain/avr8 gcc/native/3.4.1056/avr8-gnu-toolchain/bin/../lib/gcc/avr/4.8.1/../../../../avr/lib/avrxmega7\libc.a(ftoa_engine.o)
                0x00005542                __ftoa_engine
 .text.avr-libc
                0x000056f2       0x16 c:/program files (x86)/atmel/atmel toolchain/avr8 gcc/native/3.4.1056/avr8-gnu-toolchain/bin/../lib/gcc/avr/4.8.1/../../../../avr/lib/avrxmega7\libc.a(strnlen_P.o)
                0x000056f2                strnlen_P
 .text.avr-libc
                0x00005708       0x1a c:/program files (x86)/atmel/atmel toolchain/avr8 gcc/native/3.4.1056/avr8-gnu-toolchain/bin/../lib/gcc/avr/4.8.1/../../../../avr/lib/avrxmega7\libc.a(memcmp.o)
                0x00005708                memcmp
 .text.avr-libc
                0x00005722       0x12 c:/program files (x86)/atmel/atmel toolchain/avr8 gcc/native/3.4.1056/avr8-gnu-toolchain/bin/../lib/gcc/avr/4.8.1/../../../../avr/lib/avrxmega7\libc.a(memcpy.o)
                0x00005722                memcpy
 .text.avr-libc
                0x00005734        0xe c:/program files (x86)/atmel/atmel toolchain/avr8 gcc/native/3.4.1056/avr8-gnu-toolchain/bin/../lib/gcc/avr/4.8.1/../../../../avr/lib/avrxmega7\libc.a(memset.o)
                0x00005734                memset
 .text.avr-libc
                0x00005742       0x16 c:/program files (x86)/atmel/atmel toolchain/avr8 gcc/native/3.4.1056/avr8-gnu-toolchain/bin/../lib/gcc/avr/4.8.1/../../../../avr/lib/avrxmega7\libc.a(strcat.o)
                0x00005742                strcat
 .text.avr-libc
                0x00005758        0xe c:/program files (x86)/atmel/atmel toolchain/avr8 gcc/native/3.4.1056/avr8-gnu-toolchain/bin/../lib/gcc/avr/4.8.1/../../../../avr/lib/avrxmega7\libc.a(strcpy.o)
                0x00005758                strcpy
 .text.avr-libc
                0x00005766       0x1c c:/program files (x86)/atmel/atmel toolchain/avr8 gcc/native/3.4.1056/avr8-gnu-toolchain/bin/../lib/gcc/avr/4.8.1/../../../../avr/lib/avrxmega7\libc.a(strncmp.o)
                0x00005766                strncmp
 .text.avr-libc
                0x00005782       0x1e c:/program files (x86)/atmel/atmel toolchain/avr8 gcc/native/3.4.1056/avr8-gnu-toolchain/bin/../lib/gcc/avr/4.8.1/../../../../avr/lib/avrxmega7\libc.a(strncpy.o)
                0x00005782                strncpy
 .text.avr-libc
                0x000057a0       0x16 c:/program files (x86)/atmel/atmel toolchain/avr8 gcc/native/3.4.1056/avr8-gnu-toolchain/bin/../lib/gcc/avr/4.8.1/../../../../avr/lib/avrxmega7\libc.a(strnlen.o)
                0x000057a0                strnlen
 .text.avr-libc
                0x000057b6       0x14 c:/program files (x86)/atmel/atmel toolchain/avr8 gcc/native/3.4.1056/avr8-gnu-toolchain/bin/../lib/gcc/avr/4.8.1/../../../../avr/lib/avrxmega7\libc.a(itoa_ncheck.o)
                0x000057b6                __itoa_ncheck
 .text.avr-libc
                0x000057ca       0x32 c:/program files (x86)/atmel/atmel toolchain/avr8 gcc/native/3.4.1056/avr8-gnu-toolchain/bin/../lib/gcc/avr/4.8.1/../../../../avr/lib/avrxmega7\libc.a(utoa_ncheck.o)
                0x000057ca                __utoa_ncheck
                0x000057cc                __utoa_common
 .text.avr-libc
                0x000057fc       0x64 c:/program files (x86)/atmel/atmel toolchain/avr8 gcc/native/3.4.1056/avr8-gnu-toolchain/bin/../lib/gcc/avr/4.8.1/../../../../avr/lib/avrxmega7\libc.a(fputc.o)
                0x000057fc                fputc
 .text.avr-libc
                0x00005860       0x50 c:/program files (x86)/atmel/atmel toolchain/avr8 gcc/native/3.4.1056/avr8-gnu-toolchain/bin/../lib/gcc/avr/4.8.1/../../../../avr/lib/avrxmega7\libc.a(sprintf.o)
                0x00005860                sprintf
 .text.avr-libc
                0x000058b0       0xbc c:/program files (x86)/atmel/atmel toolchain/avr8 gcc/native/3.4.1056/avr8-gnu-toolchain/bin/../lib/gcc/avr/4.8.1/../../../../avr/lib/avrxmega7\libc.a(ultoa_invert.o)
                0x000058b0                __ultoa_invert
 .text.avr-libc
                0x0000596c       0x20 c:/program files (x86)/atmel/atmel toolchain/avr8 gcc/native/3.4.1056/avr8-gnu-toolchain/bin/../lib/gcc/avr/4.8.1/../../../../avr/lib/avrxmega7\libc.a(strrev.o)
                0x0000596c                strrev
 .text.libgcc.div
                0x0000598c       0x28 c:/program files (x86)/atmel/atmel toolchain/avr8 gcc/native/3.4.1056/avr8-gnu-toolchain/bin/../lib/gcc/avr/4.8.1/avrxmega7\libgcc.a(_divmodsi4.o)
                0x0000598c                __divmodsi4
 .text.libgcc.div
                0x000059b4       0x10 c:/program files (x86)/atmel/atmel toolchain/avr8 gcc/native/3.4.1056/avr8-gnu-toolchain/bin/../lib/gcc/avr/4.8.1/avrxmega7\libgcc.a(_negsi2.o)
                0x000059b4                __negsi2
 .text.libgcc.mul
                0x000059c4       0x14 c:/program files (x86)/atmel/atmel toolchain/avr8 gcc/native/3.4.1056/avr8-gnu-toolchain/bin/../lib/gcc/avr/4.8.1/avrxmega7\libgcc.a(_muluhisi3.o)
                0x000059c4                __muluhisi3
 .text.libgcc.mul
                0x000059d8        0xc c:/program files (x86)/atmel/atmel toolchain/avr8 gcc/native/3.4.1056/avr8-gnu-toolchain/bin/../lib/gcc/avr/4.8.1/avrxmega7\libgcc.a(_mulshisi3.o)
                0x000059d8                __mulshisi3
                0x000059dc                __mulohisi3
 .text.libgcc.div
                0x000059e4       0x44 c:/program files (x86)/atmel/atmel toolchain/avr8 gcc/native/3.4.1056/avr8-gnu-toolchain/bin/../lib/gcc/avr/4.8.1/avrxmega7\libgcc.a(_udivmodsi4.o)
                0x000059e4                __udivmodsi4
                0x00005a28                . = ALIGN (0x2)
 *(.fini9)
 .fini9         0x00005a28        0x0 c:/program files (x86)/atmel/atmel toolchain/avr8 gcc/native/3.4.1056/avr8-gnu-toolchain/bin/../lib/gcc/avr/4.8.1/avrxmega7\libgcc.a(_exit.o)
                0x00005a28                _exit
                0x00005a28                exit
 *(.fini9)
 *(.fini8)
 *(.fini8)
 *(.fini7)
 *(.fini7)
 *(.fini6)
 *(.fini6)
 *(.fini5)
 *(.fini5)
 *(.fini4)
 *(.fini4)
 *(.fini3)
 *(.fini3)
 *(.fini2)
 *(.fini2)
 *(.fini1)
 *(.fini1)
 *(.fini0)
 .fini0         0x00005a28        0x4 c:/program files (x86)/atmel/atmel toolchain/avr8 gcc/native/3.4.1056/avr8-gnu-toolchain/bin/../lib/gcc/avr/4.8.1/avrxmega7\libgcc.a(_exit.o)
 *(.fini0)
                0x00005a2c                _etext = .

.data           0x00802000      0x104 load address 0x00005a2c
                0x00802000                PROVIDE (__data_start, .)
 *(.data)
 .data          0x00802000        0x0 c:/program files (x86)/atmel/atmel toolchain/avr8 gcc/native/3.4.1056/avr8-gnu-toolchain/bin/../lib/gcc/avr/4.8.1/../../../../avr/lib/avrxmega7/crtx128a4u.o
 .data          0x00802000        0x0 cspTask.o
 .data          0x00802000        0x0 csp_interface.o
 .data          0x00802000        0x0 FreeRTOS/Port/heap_1.o
 .data          0x00802000        0x0 FreeRTOS/Port/port.o
 .data          0x00802000        0x0 FreeRTOS/Source/croutine.o
 .data          0x00802000        0x0 FreeRTOS/Source/list.o
 .data          0x00802000        0x0 FreeRTOS/Source/queue.o
 .data          0x00802000        0x0 FreeRTOS/Source/tasks.o
 .data          0x00802000        0x0 FreeRTOS/Source/timers.o
 .data          0x00802000        0x0 libscp/src/arch/freertos/csp_malloc.o
 .data          0x00802000        0x0 libscp/src/arch/freertos/csp_queue.o
 .data          0x00802000        0x0 libscp/src/arch/freertos/csp_semaphore.o
 .data          0x00802000        0x0 libscp/src/arch/freertos/csp_system.o
 .data          0x00802000        0x0 libscp/src/arch/freertos/csp_thread.o
 .data          0x00802000        0x0 libscp/src/arch/freertos/csp_time.o
 .data          0x00802000        0x0 libscp/src/crypto/csp_hmac.o
 .data          0x00802000        0x0 libscp/src/crypto/csp_sha1.o
 .data          0x00802000        0x0 libscp/src/crypto/csp_xtea.o
 .data          0x00802000        0x0 libscp/src/csp_buffer.o
 .data          0x00802000        0x0 libscp/src/csp_conn.o
 .data          0x00802000        0x0 libscp/src/csp_crc32.o
 .data          0x00802000        0x0 libscp/src/csp_debug.o
 .data          0x00802000        0x0 libscp/src/csp_endian.o
 .data          0x00802000        0x0 libscp/src/csp_io.o
 .data          0x00802000        0x0 libscp/src/csp_port.o
 .data          0x00802000        0x0 libscp/src/csp_route.o
 .data          0x00802000        0x0 libscp/src/csp_services.o
 .data          0x00802000        0x0 libscp/src/csp_service_handler.o
 .data          0x00802000        0x0 libscp/src/csp_sfp.o
 .data          0x00802000        0x0 libscp/src/interfaces/csp_if_i2c.o
 .data          0x00802000        0x0 libscp/src/interfaces/csp_if_lo.o
 .data          0x00802000        0x0 libscp/src/transport/csp_rdp.o
 .data          0x00802000        0x0 libscp/src/transport/csp_udp.o
 .data          0x00802000        0x0 main.o
 .data          0x00802000        0x0 mainTask.o
 .data          0x00802000        0x0 MyDrivers/port_driver.o
 .data          0x00802000        0x0 MyDrivers/TC_driver.o
 .data          0x00802000        0x0 MyDrivers/twi_master_driver.o
 .data          0x00802000        0x0 MyDrivers/twi_slave_driver.o
 .data          0x00802000        0x0 MyDrivers/usart_driver_RTOS.o
 .data          0x00802000        0x0 system.o
 .data          0x00802000        0x0 src/ASF/common/services/clock/xmega/sysclk.o
 .data          0x00802000        0x0 src/ASF/common/services/ioport/xmega/ioport_compat.o
 .data          0x00802000        0x0 src/ASF/xmega/drivers/nvm/nvm.o
 .data          0x00802000        0x0 src/ASF/xmega/drivers/nvm/nvm_asm.o
 .data          0x00802000        0x0 src/ASF/xmega/drivers/cpu/ccp.o
 .data          0x00802000        0x0 c:/program files (x86)/atmel/atmel toolchain/avr8 gcc/native/3.4.1056/avr8-gnu-toolchain/bin/../lib/gcc/avr/4.8.1/../../../../avr/lib/avrxmega7\libprintf_flt.a(vfprintf_flt.o)
 .data          0x00802000        0x0 c:/program files (x86)/atmel/atmel toolchain/avr8 gcc/native/3.4.1056/avr8-gnu-toolchain/bin/../lib/gcc/avr/4.8.1/avrxmega7\libgcc.a(_divmodhi4.o)
 .data          0x00802000        0x0 c:/program files (x86)/atmel/atmel toolchain/avr8 gcc/native/3.4.1056/avr8-gnu-toolchain/bin/../lib/gcc/avr/4.8.1/avrxmega7\libgcc.a(_exit.o)
 .data          0x00802000        0x0 c:/program files (x86)/atmel/atmel toolchain/avr8 gcc/native/3.4.1056/avr8-gnu-toolchain/bin/../lib/gcc/avr/4.8.1/avrxmega7\libgcc.a(_tablejump.o)
 .data          0x00802000        0x0 c:/program files (x86)/atmel/atmel toolchain/avr8 gcc/native/3.4.1056/avr8-gnu-toolchain/bin/../lib/gcc/avr/4.8.1/avrxmega7\libgcc.a(_copy_data.o)
 .data          0x00802000        0x0 c:/program files (x86)/atmel/atmel toolchain/avr8 gcc/native/3.4.1056/avr8-gnu-toolchain/bin/../lib/gcc/avr/4.8.1/avrxmega7\libgcc.a(_clear_bss.o)
 .data          0x00802000        0x0 c:/program files (x86)/atmel/atmel toolchain/avr8 gcc/native/3.4.1056/avr8-gnu-toolchain/bin/../lib/gcc/avr/4.8.1/avrxmega7\libgcc.a(_umulhisi3.o)
 .data          0x00802000        0x0 c:/program files (x86)/atmel/atmel toolchain/avr8 gcc/native/3.4.1056/avr8-gnu-toolchain/bin/../lib/gcc/avr/4.8.1/avrxmega7\libgcc.a(_ashldi3.o)
 .data          0x00802000        0x0 c:/program files (x86)/atmel/atmel toolchain/avr8 gcc/native/3.4.1056/avr8-gnu-toolchain/bin/../lib/gcc/avr/4.8.1/avrxmega7\libgcc.a(_ashrdi3.o)
 .data          0x00802000        0x0 c:/program files (x86)/atmel/atmel toolchain/avr8 gcc/native/3.4.1056/avr8-gnu-toolchain/bin/../lib/gcc/avr/4.8.1/avrxmega7\libgcc.a(_udivmodhi4.o)
 .data          0x00802000        0x4 c:/program files (x86)/atmel/atmel toolchain/avr8 gcc/native/3.4.1056/avr8-gnu-toolchain/bin/../lib/gcc/avr/4.8.1/../../../../avr/lib/avrxmega7\libc.a(rand.o)
 .data          0x00802004        0x0 c:/program files (x86)/atmel/atmel toolchain/avr8 gcc/native/3.4.1056/avr8-gnu-toolchain/bin/../lib/gcc/avr/4.8.1/../../../../avr/lib/avrxmega7\libc.a(ftoa_engine.o)
 .data          0x00802004        0x0 c:/program files (x86)/atmel/atmel toolchain/avr8 gcc/native/3.4.1056/avr8-gnu-toolchain/bin/../lib/gcc/avr/4.8.1/../../../../avr/lib/avrxmega7\libc.a(strnlen_P.o)
 .data          0x00802004        0x0 c:/program files (x86)/atmel/atmel toolchain/avr8 gcc/native/3.4.1056/avr8-gnu-toolchain/bin/../lib/gcc/avr/4.8.1/../../../../avr/lib/avrxmega7\libc.a(memcmp.o)
 .data          0x00802004        0x0 c:/program files (x86)/atmel/atmel toolchain/avr8 gcc/native/3.4.1056/avr8-gnu-toolchain/bin/../lib/gcc/avr/4.8.1/../../../../avr/lib/avrxmega7\libc.a(memcpy.o)
 .data          0x00802004        0x0 c:/program files (x86)/atmel/atmel toolchain/avr8 gcc/native/3.4.1056/avr8-gnu-toolchain/bin/../lib/gcc/avr/4.8.1/../../../../avr/lib/avrxmega7\libc.a(memset.o)
 .data          0x00802004        0x0 c:/program files (x86)/atmel/atmel toolchain/avr8 gcc/native/3.4.1056/avr8-gnu-toolchain/bin/../lib/gcc/avr/4.8.1/../../../../avr/lib/avrxmega7\libc.a(strcat.o)
 .data          0x00802004        0x0 c:/program files (x86)/atmel/atmel toolchain/avr8 gcc/native/3.4.1056/avr8-gnu-toolchain/bin/../lib/gcc/avr/4.8.1/../../../../avr/lib/avrxmega7\libc.a(strcpy.o)
 .data          0x00802004        0x0 c:/program files (x86)/atmel/atmel toolchain/avr8 gcc/native/3.4.1056/avr8-gnu-toolchain/bin/../lib/gcc/avr/4.8.1/../../../../avr/lib/avrxmega7\libc.a(strncmp.o)
 .data          0x00802004        0x0 c:/program files (x86)/atmel/atmel toolchain/avr8 gcc/native/3.4.1056/avr8-gnu-toolchain/bin/../lib/gcc/avr/4.8.1/../../../../avr/lib/avrxmega7\libc.a(strncpy.o)
 .data          0x00802004        0x0 c:/program files (x86)/atmel/atmel toolchain/avr8 gcc/native/3.4.1056/avr8-gnu-toolchain/bin/../lib/gcc/avr/4.8.1/../../../../avr/lib/avrxmega7\libc.a(strnlen.o)
 .data          0x00802004        0x0 c:/program files (x86)/atmel/atmel toolchain/avr8 gcc/native/3.4.1056/avr8-gnu-toolchain/bin/../lib/gcc/avr/4.8.1/../../../../avr/lib/avrxmega7\libc.a(itoa.o)
 .data          0x00802004        0x0 c:/program files (x86)/atmel/atmel toolchain/avr8 gcc/native/3.4.1056/avr8-gnu-toolchain/bin/../lib/gcc/avr/4.8.1/../../../../avr/lib/avrxmega7\libc.a(itoa_ncheck.o)
 .data          0x00802004        0x0 c:/program files (x86)/atmel/atmel toolchain/avr8 gcc/native/3.4.1056/avr8-gnu-toolchain/bin/../lib/gcc/avr/4.8.1/../../../../avr/lib/avrxmega7\libc.a(utoa_ncheck.o)
 .data          0x00802004        0x0 c:/program files (x86)/atmel/atmel toolchain/avr8 gcc/native/3.4.1056/avr8-gnu-toolchain/bin/../lib/gcc/avr/4.8.1/../../../../avr/lib/avrxmega7\libc.a(fputc.o)
 .data          0x00802004        0x0 c:/program files (x86)/atmel/atmel toolchain/avr8 gcc/native/3.4.1056/avr8-gnu-toolchain/bin/../lib/gcc/avr/4.8.1/../../../../avr/lib/avrxmega7\libc.a(iob.o)
 .data          0x00802004        0x0 c:/program files (x86)/atmel/atmel toolchain/avr8 gcc/native/3.4.1056/avr8-gnu-toolchain/bin/../lib/gcc/avr/4.8.1/../../../../avr/lib/avrxmega7\libc.a(printf_p.o)
 .data          0x00802004        0x0 c:/program files (x86)/atmel/atmel toolchain/avr8 gcc/native/3.4.1056/avr8-gnu-toolchain/bin/../lib/gcc/avr/4.8.1/../../../../avr/lib/avrxmega7\libc.a(sprintf.o)
 .data          0x00802004        0x0 c:/program files (x86)/atmel/atmel toolchain/avr8 gcc/native/3.4.1056/avr8-gnu-toolchain/bin/../lib/gcc/avr/4.8.1/../../../../avr/lib/avrxmega7\libc.a(vfprintf_p.o)
 .data          0x00802004        0x0 c:/program files (x86)/atmel/atmel toolchain/avr8 gcc/native/3.4.1056/avr8-gnu-toolchain/bin/../lib/gcc/avr/4.8.1/../../../../avr/lib/avrxmega7\libc.a(vsnprintf.o)
 .data          0x00802004        0x0 c:/program files (x86)/atmel/atmel toolchain/avr8 gcc/native/3.4.1056/avr8-gnu-toolchain/bin/../lib/gcc/avr/4.8.1/../../../../avr/lib/avrxmega7\libc.a(ultoa_invert.o)
 .data          0x00802004        0x0 c:/program files (x86)/atmel/atmel toolchain/avr8 gcc/native/3.4.1056/avr8-gnu-toolchain/bin/../lib/gcc/avr/4.8.1/../../../../avr/lib/avrxmega7\libc.a(strrev.o)
 .data          0x00802004        0x0 c:/program files (x86)/atmel/atmel toolchain/avr8 gcc/native/3.4.1056/avr8-gnu-toolchain/bin/../lib/gcc/avr/4.8.1/avrxmega7\libgcc.a(_divmodsi4.o)
 .data          0x00802004        0x0 c:/program files (x86)/atmel/atmel toolchain/avr8 gcc/native/3.4.1056/avr8-gnu-toolchain/bin/../lib/gcc/avr/4.8.1/avrxmega7\libgcc.a(_negsi2.o)
 .data          0x00802004        0x0 c:/program files (x86)/atmel/atmel toolchain/avr8 gcc/native/3.4.1056/avr8-gnu-toolchain/bin/../lib/gcc/avr/4.8.1/avrxmega7\libgcc.a(_muluhisi3.o)
 .data          0x00802004        0x0 c:/program files (x86)/atmel/atmel toolchain/avr8 gcc/native/3.4.1056/avr8-gnu-toolchain/bin/../lib/gcc/avr/4.8.1/avrxmega7\libgcc.a(_mulshisi3.o)
 .data          0x00802004        0x0 c:/program files (x86)/atmel/atmel toolchain/avr8 gcc/native/3.4.1056/avr8-gnu-toolchain/bin/../lib/gcc/avr/4.8.1/avrxmega7\libgcc.a(_udivmodsi4.o)
 *(.data*)
 .data.uxPreviousTask
                0x00802004        0x1 FreeRTOS/Source/tasks.o
 .data.xNextTaskUnblockTime
                0x00802005        0x2 FreeRTOS/Source/tasks.o
 .data.csp_if_i2c
                0x00802007       0x34 libscp/src/interfaces/csp_if_i2c.o
                0x00802007                csp_if_i2c
 .data.csp_if_lo
                0x0080203b       0x34 libscp/src/interfaces/csp_if_lo.o
                0x0080203b                csp_if_lo
 *(.rodata)
 *(.rodata*)
 .rodata.str1.1
                0x0080206f       0x17 FreeRTOS/Source/tasks.o
 .rodata.str1.1
                0x00802086        0x8 FreeRTOS/Source/timers.o
 .rodata.str1.1
                0x0080208e        0x4 libscp/src/csp_route.o
 .rodata.str1.1
                0x00802092       0x1d libscp/src/csp_service_handler.o
 .rodata.str1.1
                0x008020af        0x4 libscp/src/interfaces/csp_if_i2c.o
 .rodata.str1.1
                0x008020b3        0x5 libscp/src/interfaces/csp_if_lo.o
 .rodata.str1.1
                0x008020b8       0x17 main.o
 .rodata.str1.1
                0x008020cf       0x34 mainTask.o
 *(.gnu.linkonce.d*)
                0x00802104                . = ALIGN (0x2)
 *fill*         0x00802103        0x1 
                0x00802104                _edata = .
                0x00802104                PROVIDE (__data_end, .)

.bss            0x00802104     0x1e78
                0x00802104                PROVIDE (__bss_start, .)
 *(.bss)
 *(.bss*)
 .bss.xNextFreeByte
                0x00802104        0x2 FreeRTOS/Port/heap_1.o
 .bss.xHeap     0x00802106     0x1b58 FreeRTOS/Port/heap_1.o
 .bss.pcStatusString
                0x00803c5e       0x32 FreeRTOS/Source/tasks.o
 .bss.xTracing  0x00803c90        0x1 FreeRTOS/Source/tasks.o
 .bss.pcTraceBufferEnd
                0x00803c91        0x2 FreeRTOS/Source/tasks.o
 .bss.pcTraceBuffer
                0x00803c93        0x2 FreeRTOS/Source/tasks.o
 .bss.uxTaskNumber
                0x00803c95        0x1 FreeRTOS/Source/tasks.o
 .bss.xNumOfOverflows
                0x00803c96        0x1 FreeRTOS/Source/tasks.o
 .bss.xMissedYield
                0x00803c97        0x1 FreeRTOS/Source/tasks.o
 .bss.uxMissedTicks
                0x00803c98        0x1 FreeRTOS/Source/tasks.o
 .bss.uxSchedulerSuspended
                0x00803c99        0x1 FreeRTOS/Source/tasks.o
 .bss.xSchedulerRunning
                0x00803c9a        0x1 FreeRTOS/Source/tasks.o
 .bss.uxTopReadyPriority
                0x00803c9b        0x1 FreeRTOS/Source/tasks.o
 .bss.uxTopUsedPriority
                0x00803c9c        0x1 FreeRTOS/Source/tasks.o
 .bss.xTickCount
                0x00803c9d        0x2 FreeRTOS/Source/tasks.o
 .bss.uxCurrentNumberOfTasks
                0x00803c9f        0x1 FreeRTOS/Source/tasks.o
 .bss.xSuspendedTaskList
                0x00803ca0        0x9 FreeRTOS/Source/tasks.o
 .bss.xPendingReadyList
                0x00803ca9        0x9 FreeRTOS/Source/tasks.o
 .bss.pxOverflowDelayedTaskList
                0x00803cb2        0x2 FreeRTOS/Source/tasks.o
 .bss.pxDelayedTaskList
                0x00803cb4        0x2 FreeRTOS/Source/tasks.o
 .bss.xDelayedTaskList2
                0x00803cb6        0x9 FreeRTOS/Source/tasks.o
 .bss.xDelayedTaskList1
                0x00803cbf        0x9 FreeRTOS/Source/tasks.o
 .bss.pxReadyTasksLists
                0x00803cc8        0x9 FreeRTOS/Source/tasks.o
 .bss.pxCurrentTCB
                0x00803cd1        0x2 FreeRTOS/Source/tasks.o
                0x00803cd1                pxCurrentTCB
 .bss.xLastTime.4385
                0x00803cd3        0x2 FreeRTOS/Source/timers.o
 .bss.xTimerQueue
                0x00803cd5        0x2 FreeRTOS/Source/timers.o
 .bss.pxOverflowTimerList
                0x00803cd7        0x2 FreeRTOS/Source/timers.o
 .bss.pxCurrentTimerList
                0x00803cd9        0x2 FreeRTOS/Source/timers.o
 .bss.xActiveTimerList2
                0x00803cdb        0x9 FreeRTOS/Source/timers.o
 .bss.xActiveTimerList1
                0x00803ce4        0x9 FreeRTOS/Source/timers.o
 .bss.size      0x00803ced        0x2 libscp/src/csp_buffer.o
 .bss.count     0x00803cef        0x2 libscp/src/csp_buffer.o
 .bss.csp_buffer_pool
                0x00803cf1        0x2 libscp/src/csp_buffer.o
 .bss.csp_buffers
                0x00803cf3        0x2 libscp/src/csp_buffer.o
 .bss.csp_conn_last_given.5048
                0x00803cf5        0x1 libscp/src/csp_conn.o
 .bss.sport_lock
                0x00803cf6        0x2 libscp/src/csp_conn.o
 .bss.sport     0x00803cf8        0x1 libscp/src/csp_conn.o
 .bss.conn_lock
                0x00803cf9        0x2 libscp/src/csp_conn.o
 .bss.arr_conn  0x00803cfb       0xf0 libscp/src/csp_conn.o
 .bss.csp_model
                0x00803deb        0x2 libscp/src/csp_io.o
 .bss.csp_hostname
                0x00803ded        0x2 libscp/src/csp_io.o
 .bss.ports     0x00803def       0x63 libscp/src/csp_port.o
 .bss.router_input_fifo
                0x00803e52        0x2 libscp/src/csp_route.o
 .bss.handle_router
                0x00803e54        0x2 libscp/src/csp_route.o
 .bss.routes    0x00803e56       0x63 libscp/src/csp_route.o
 .bss.interfaces
                0x00803eb9        0x2 libscp/src/csp_route.o
 .bss.packet.4545
                0x00803ebb        0x2 libscp/src/interfaces/csp_if_i2c.o
 *(COMMON)
 COMMON         0x00803ebd        0x2 cspTask.o
                0x00803ebd                xCSPEventQueue
 COMMON         0x00803ebf       0xa6 csp_interface.o
                0x00803ebf                twi_csp_slave
                0x00803f11                twi_csp_master
                0x00803f63                callbackFunction
 COMMON         0x00803f65        0x1 libscp/src/csp_io.o
                0x00803f65                my_address
 COMMON         0x00803f66        0x2 mainTask.o
                0x00803f66                outcomingPacket
 COMMON         0x00803f68        0x8 MyDrivers/usart_driver_RTOS.o
                0x00803f68                usartBufferF
                0x00803f6a                usartBufferE
                0x00803f6c                usartBufferD
                0x00803f6e                usartBufferC
 COMMON         0x00803f70        0xc system.o
                0x00803f70                hoursTimer
                0x00803f74                milisecondsTimer
                0x00803f78                secondsTimer
                0x00803f7c                PROVIDE (__bss_end, .)
                0x00005a2c                __data_load_start = LOADADDR (.data)
                0x00005b30                __data_load_end = (__data_load_start + SIZEOF (.data))

.noinit         0x00803f7c        0x0
                0x00803f7c                PROVIDE (__noinit_start, .)
 *(.noinit*)
                0x00803f7c                PROVIDE (__noinit_end, .)
                0x00803f7c                _end = .
                0x00803f7c                PROVIDE (__heap_start, .)

.eeprom         0x00810000        0x0
 *(.eeprom*)
                0x00810000                __eeprom_end = .

.fuse
 *(.fuse)
 *(.lfuse)
 *(.hfuse)
 *(.efuse)

.lock
 *(.lock*)

.signature
 *(.signature*)

.user_signatures
 *(.user_signatures*)

.stab
 *(.stab)

.stabstr
 *(.stabstr)

.stab.excl
 *(.stab.excl)

.stab.exclstr
 *(.stab.exclstr)

.stab.index
 *(.stab.index)

.stab.indexstr
 *(.stab.indexstr)

.comment        0x00000000       0x5c
 *(.comment)
 .comment       0x00000000       0x30 cspTask.o
                                 0x31 (size before relaxing)
 .comment       0x00000000       0x31 csp_interface.o
 .comment       0x00000000       0x31 FreeRTOS/Port/heap_1.o
 .comment       0x00000000       0x31 FreeRTOS/Port/port.o
 .comment       0x00000000       0x31 FreeRTOS/Source/croutine.o
 .comment       0x00000000       0x31 FreeRTOS/Source/list.o
 .comment       0x00000000       0x31 FreeRTOS/Source/queue.o
 .comment       0x00000000       0x31 FreeRTOS/Source/tasks.o
 .comment       0x00000000       0x31 FreeRTOS/Source/timers.o
 .comment       0x00000000       0x31 libscp/src/arch/freertos/csp_malloc.o
 .comment       0x00000000       0x31 libscp/src/arch/freertos/csp_queue.o
 .comment       0x00000000       0x31 libscp/src/arch/freertos/csp_semaphore.o
 .comment       0x00000000       0x31 libscp/src/arch/freertos/csp_system.o
 .comment       0x00000000       0x31 libscp/src/arch/freertos/csp_thread.o
 .comment       0x00000000       0x31 libscp/src/arch/freertos/csp_time.o
 .comment       0x00000000       0x31 libscp/src/crypto/csp_hmac.o
 .comment       0x00000000       0x31 libscp/src/crypto/csp_sha1.o
 .comment       0x00000000       0x31 libscp/src/crypto/csp_xtea.o
 .comment       0x00000000       0x31 libscp/src/csp_buffer.o
 .comment       0x00000000       0x31 libscp/src/csp_conn.o
 .comment       0x00000000       0x31 libscp/src/csp_crc32.o
 .comment       0x00000000       0x31 libscp/src/csp_debug.o
 .comment       0x00000000       0x31 libscp/src/csp_endian.o
 .comment       0x00000000       0x31 libscp/src/csp_io.o
 .comment       0x00000000       0x31 libscp/src/csp_port.o
 .comment       0x00000000       0x31 libscp/src/csp_route.o
 .comment       0x00000000       0x31 libscp/src/csp_services.o
 .comment       0x00000000       0x31 libscp/src/csp_service_handler.o
 .comment       0x00000000       0x31 libscp/src/csp_sfp.o
 .comment       0x00000000       0x31 libscp/src/interfaces/csp_if_i2c.o
 .comment       0x00000000       0x31 libscp/src/interfaces/csp_if_lo.o
 .comment       0x00000000       0x31 libscp/src/transport/csp_rdp.o
 .comment       0x00000000       0x31 libscp/src/transport/csp_udp.o
 .comment       0x00000000       0x31 main.o
 .comment       0x00000000       0x31 mainTask.o
 .comment       0x00000000       0x31 MyDrivers/port_driver.o
 .comment       0x00000000       0x31 MyDrivers/TC_driver.o
 .comment       0x00000000       0x31 MyDrivers/twi_master_driver.o
 .comment       0x00000000       0x31 MyDrivers/twi_slave_driver.o
 .comment       0x00000000       0x31 MyDrivers/usart_driver_RTOS.o
 .comment       0x00000000       0x31 system.o
 .comment       0x00000000       0x31 src/ASF/common/services/clock/xmega/sysclk.o
 .comment       0x00000000       0x31 src/ASF/common/services/ioport/xmega/ioport_compat.o
 .comment       0x00000000       0x31 src/ASF/xmega/drivers/nvm/nvm.o
 .comment       0x00000030       0x2c c:/program files (x86)/atmel/atmel toolchain/avr8 gcc/native/3.4.1056/avr8-gnu-toolchain/bin/../lib/gcc/avr/4.8.1/../../../../avr/lib/avrxmega7\libprintf_flt.a(vfprintf_flt.o)
                                 0x2d (size before relaxing)
 .comment       0x00000000       0x31 c:/program files (x86)/atmel/atmel toolchain/avr8 gcc/native/3.4.1056/avr8-gnu-toolchain/bin/../lib/gcc/avr/4.8.1/../../../../avr/lib/avrxmega7\libc.a(rand.o)
 .comment       0x00000000       0x31 c:/program files (x86)/atmel/atmel toolchain/avr8 gcc/native/3.4.1056/avr8-gnu-toolchain/bin/../lib/gcc/avr/4.8.1/../../../../avr/lib/avrxmega7\libc.a(fputc.o)
 .comment       0x00000000       0x31 c:/program files (x86)/atmel/atmel toolchain/avr8 gcc/native/3.4.1056/avr8-gnu-toolchain/bin/../lib/gcc/avr/4.8.1/../../../../avr/lib/avrxmega7\libc.a(iob.o)
 .comment       0x00000000       0x31 c:/program files (x86)/atmel/atmel toolchain/avr8 gcc/native/3.4.1056/avr8-gnu-toolchain/bin/../lib/gcc/avr/4.8.1/../../../../avr/lib/avrxmega7\libc.a(printf_p.o)
 .comment       0x00000000       0x31 c:/program files (x86)/atmel/atmel toolchain/avr8 gcc/native/3.4.1056/avr8-gnu-toolchain/bin/../lib/gcc/avr/4.8.1/../../../../avr/lib/avrxmega7\libc.a(sprintf.o)
 .comment       0x00000000       0x31 c:/program files (x86)/atmel/atmel toolchain/avr8 gcc/native/3.4.1056/avr8-gnu-toolchain/bin/../lib/gcc/avr/4.8.1/../../../../avr/lib/avrxmega7\libc.a(vfprintf_p.o)
 .comment       0x00000000       0x31 c:/program files (x86)/atmel/atmel toolchain/avr8 gcc/native/3.4.1056/avr8-gnu-toolchain/bin/../lib/gcc/avr/4.8.1/../../../../avr/lib/avrxmega7\libc.a(vsnprintf.o)

.note.gnu.build-id
 *(.note.gnu.build-id)

.debug
 *(.debug)

.line
 *(.line)

.debug_srcinfo
 *(.debug_srcinfo)

.debug_sfnames
 *(.debug_sfnames)

.debug_aranges  0x00000000      0xe18
 *(.debug_aranges)
 .debug_aranges
                0x00000000       0x20 cspTask.o
 .debug_aranges
                0x00000020       0x50 csp_interface.o
 .debug_aranges
                0x00000070       0x38 FreeRTOS/Port/heap_1.o
 .debug_aranges
                0x000000a8       0x40 FreeRTOS/Port/port.o
 .debug_aranges
                0x000000e8       0x38 FreeRTOS/Source/croutine.o
 .debug_aranges
                0x00000120       0x40 FreeRTOS/Source/list.o
 .debug_aranges
                0x00000160       0x90 FreeRTOS/Source/queue.o
 .debug_aranges
                0x000001f0      0x120 FreeRTOS/Source/tasks.o
 .debug_aranges
                0x00000310       0x60 FreeRTOS/Source/timers.o
 .debug_aranges
                0x00000370       0x28 libscp/src/arch/freertos/csp_malloc.o
 .debug_aranges
                0x00000398       0x58 libscp/src/arch/freertos/csp_queue.o
 .debug_aranges
                0x000003f0       0x60 libscp/src/arch/freertos/csp_semaphore.o
 .debug_aranges
                0x00000450       0x40 libscp/src/arch/freertos/csp_system.o
 .debug_aranges
                0x00000490       0x20 libscp/src/arch/freertos/csp_thread.o
 .debug_aranges
                0x000004b0       0x38 libscp/src/arch/freertos/csp_time.o
 .debug_aranges
                0x000004e8       0x18 libscp/src/crypto/csp_hmac.o
 .debug_aranges
                0x00000500       0x18 libscp/src/crypto/csp_sha1.o
 .debug_aranges
                0x00000518       0x18 libscp/src/crypto/csp_xtea.o
 .debug_aranges
                0x00000530       0x58 libscp/src/csp_buffer.o
 .debug_aranges
                0x00000588       0xa0 libscp/src/csp_conn.o
 .debug_aranges
                0x00000628       0x30 libscp/src/csp_crc32.o
 .debug_aranges
                0x00000658       0x40 libscp/src/csp_debug.o
 .debug_aranges
                0x00000698       0xa8 libscp/src/csp_endian.o
 .debug_aranges
                0x00000740       0x98 libscp/src/csp_io.o
 .debug_aranges
                0x000007d8       0x38 libscp/src/csp_port.o
 .debug_aranges
                0x00000810       0x90 libscp/src/csp_route.o
 .debug_aranges
                0x000008a0       0x58 libscp/src/csp_services.o
 .debug_aranges
                0x000008f8       0x28 libscp/src/csp_service_handler.o
 .debug_aranges
                0x00000920       0x28 libscp/src/csp_sfp.o
 .debug_aranges
                0x00000948       0x30 libscp/src/interfaces/csp_if_i2c.o
 .debug_aranges
                0x00000978       0x20 libscp/src/interfaces/csp_if_lo.o
 .debug_aranges
                0x00000998       0x18 libscp/src/transport/csp_rdp.o
 .debug_aranges
                0x000009b0       0x20 libscp/src/transport/csp_udp.o
 .debug_aranges
                0x000009d0       0x28 main.o
 .debug_aranges
                0x000009f8       0x38 mainTask.o
 .debug_aranges
                0x00000a30       0x30 MyDrivers/port_driver.o
 .debug_aranges
                0x00000a60       0xc8 MyDrivers/TC_driver.o
 .debug_aranges
                0x00000b28       0x70 MyDrivers/twi_master_driver.o
 .debug_aranges
                0x00000b98       0x60 MyDrivers/twi_slave_driver.o
 .debug_aranges
                0x00000bf8       0x90 MyDrivers/usart_driver_RTOS.o
 .debug_aranges
                0x00000c88       0x28 system.o
 .debug_aranges
                0x00000cb0       0x40 src/ASF/common/services/clock/xmega/sysclk.o
 .debug_aranges
                0x00000cf0       0x20 src/ASF/common/services/ioport/xmega/ioport_compat.o
 .debug_aranges
                0x00000d10       0xc0 src/ASF/xmega/drivers/nvm/nvm.o
 .debug_aranges
                0x00000dd0       0x28 src/ASF/xmega/drivers/nvm/nvm_asm.o
 .debug_aranges
                0x00000df8       0x20 src/ASF/xmega/drivers/cpu/ccp.o

.debug_pubnames
 *(.debug_pubnames)

.debug_info     0x00000000    0x1583b
 *(.debug_info .gnu.linkonce.wi.*)
 .debug_info    0x00000000      0x61b cspTask.o
 .debug_info    0x0000061b      0x8a7 csp_interface.o
 .debug_info    0x00000ec2      0x1a5 FreeRTOS/Port/heap_1.o
 .debug_info    0x00001067      0xa21 FreeRTOS/Port/port.o
 .debug_info    0x00001a88      0x781 FreeRTOS/Source/croutine.o
 .debug_info    0x00002209      0x2c8 FreeRTOS/Source/list.o
 .debug_info    0x000024d1      0xe12 FreeRTOS/Source/queue.o
 .debug_info    0x000032e3     0x17f7 FreeRTOS/Source/tasks.o
 .debug_info    0x00004ada      0xf03 FreeRTOS/Source/timers.o
 .debug_info    0x000059dd      0x12b libscp/src/arch/freertos/csp_malloc.o
 .debug_info    0x00005b08      0x4b3 libscp/src/arch/freertos/csp_queue.o
 .debug_info    0x00005fbb      0x46d libscp/src/arch/freertos/csp_semaphore.o
 .debug_info    0x00006428      0x331 libscp/src/arch/freertos/csp_system.o
 .debug_info    0x00006759      0x26d libscp/src/arch/freertos/csp_thread.o
 .debug_info    0x000069c6      0x14b libscp/src/arch/freertos/csp_time.o
 .debug_info    0x00006b11       0x64 libscp/src/crypto/csp_hmac.o
 .debug_info    0x00006b75       0x64 libscp/src/crypto/csp_sha1.o
 .debug_info    0x00006bd9       0x64 libscp/src/crypto/csp_xtea.o
 .debug_info    0x00006c3d      0x722 libscp/src/csp_buffer.o
 .debug_info    0x0000735f      0xbb5 libscp/src/csp_conn.o
 .debug_info    0x00007f14      0x3af libscp/src/csp_crc32.o
 .debug_info    0x000082c3      0x4d8 libscp/src/csp_debug.o
 .debug_info    0x0000879b      0x563 libscp/src/csp_endian.o
 .debug_info    0x00008cfe      0xf60 libscp/src/csp_io.o
 .debug_info    0x00009c5e      0x403 libscp/src/csp_port.o
 .debug_info    0x0000a061      0xedb libscp/src/csp_route.o
 .debug_info    0x0000af3c      0xe87 libscp/src/csp_services.o
 .debug_info    0x0000bdc3      0xeba libscp/src/csp_service_handler.o
 .debug_info    0x0000cc7d      0x797 libscp/src/csp_sfp.o
 .debug_info    0x0000d414      0x6b6 libscp/src/interfaces/csp_if_i2c.o
 .debug_info    0x0000daca      0x3d1 libscp/src/interfaces/csp_if_lo.o
 .debug_info    0x0000de9b       0x6b libscp/src/transport/csp_rdp.o
 .debug_info    0x0000df06      0x401 libscp/src/transport/csp_udp.o
 .debug_info    0x0000e307      0x9cc main.o
 .debug_info    0x0000ecd3      0xa49 mainTask.o
 .debug_info    0x0000f71c      0x48c MyDrivers/port_driver.o
 .debug_info    0x0000fba8     0x1315 MyDrivers/TC_driver.o
 .debug_info    0x00010ebd      0x887 MyDrivers/twi_master_driver.o
 .debug_info    0x00011744      0x69b MyDrivers/twi_slave_driver.o
 .debug_info    0x00011ddf      0xf8d MyDrivers/usart_driver_RTOS.o
 .debug_info    0x00012d6c      0xc9f system.o
 .debug_info    0x00013a0b      0x829 src/ASF/common/services/clock/xmega/sysclk.o
 .debug_info    0x00014234      0x119 src/ASF/common/services/ioport/xmega/ioport_compat.o
 .debug_info    0x0001434d     0x13c2 src/ASF/xmega/drivers/nvm/nvm.o
 .debug_info    0x0001570f       0x96 src/ASF/xmega/drivers/nvm/nvm_asm.o
 .debug_info    0x000157a5       0x96 src/ASF/xmega/drivers/cpu/ccp.o

.debug_abbrev   0x00000000     0x5402
 *(.debug_abbrev)
 .debug_abbrev  0x00000000      0x20a cspTask.o
 .debug_abbrev  0x0000020a      0x247 csp_interface.o
 .debug_abbrev  0x00000451      0x148 FreeRTOS/Port/heap_1.o
 .debug_abbrev  0x00000599      0x210 FreeRTOS/Port/port.o
 .debug_abbrev  0x000007a9      0x261 FreeRTOS/Source/croutine.o
 .debug_abbrev  0x00000a0a       0xf6 FreeRTOS/Source/list.o
 .debug_abbrev  0x00000b00      0x295 FreeRTOS/Source/queue.o
 .debug_abbrev  0x00000d95      0x351 FreeRTOS/Source/tasks.o
 .debug_abbrev  0x000010e6      0x2f9 FreeRTOS/Source/timers.o
 .debug_abbrev  0x000013df       0xd8 libscp/src/arch/freertos/csp_malloc.o
 .debug_abbrev  0x000014b7      0x122 libscp/src/arch/freertos/csp_queue.o
 .debug_abbrev  0x000015d9      0x131 libscp/src/arch/freertos/csp_semaphore.o
 .debug_abbrev  0x0000170a      0x1a1 libscp/src/arch/freertos/csp_system.o
 .debug_abbrev  0x000018ab       0xe4 libscp/src/arch/freertos/csp_thread.o
 .debug_abbrev  0x0000198f       0x73 libscp/src/arch/freertos/csp_time.o
 .debug_abbrev  0x00001a02       0x26 libscp/src/crypto/csp_hmac.o
 .debug_abbrev  0x00001a28       0x26 libscp/src/crypto/csp_sha1.o
 .debug_abbrev  0x00001a4e       0x26 libscp/src/crypto/csp_xtea.o
 .debug_abbrev  0x00001a74      0x255 libscp/src/csp_buffer.o
 .debug_abbrev  0x00001cc9      0x318 libscp/src/csp_conn.o
 .debug_abbrev  0x00001fe1      0x1c1 libscp/src/csp_crc32.o
 .debug_abbrev  0x000021a2      0x239 libscp/src/csp_debug.o
 .debug_abbrev  0x000023db      0x11f libscp/src/csp_endian.o
 .debug_abbrev  0x000024fa      0x317 libscp/src/csp_io.o
 .debug_abbrev  0x00002811      0x1a6 libscp/src/csp_port.o
 .debug_abbrev  0x000029b7      0x394 libscp/src/csp_route.o
 .debug_abbrev  0x00002d4b      0x25c libscp/src/csp_services.o
 .debug_abbrev  0x00002fa7      0x2d7 libscp/src/csp_service_handler.o
 .debug_abbrev  0x0000327e      0x272 libscp/src/csp_sfp.o
 .debug_abbrev  0x000034f0      0x20a libscp/src/interfaces/csp_if_i2c.o
 .debug_abbrev  0x000036fa      0x17a libscp/src/interfaces/csp_if_lo.o
 .debug_abbrev  0x00003874       0x26 libscp/src/transport/csp_rdp.o
 .debug_abbrev  0x0000389a      0x1a2 libscp/src/transport/csp_udp.o
 .debug_abbrev  0x00003a3c      0x2da main.o
 .debug_abbrev  0x00003d16      0x35e mainTask.o
 .debug_abbrev  0x00004074      0x118 MyDrivers/port_driver.o
 .debug_abbrev  0x0000418c      0x176 MyDrivers/TC_driver.o
 .debug_abbrev  0x00004302      0x2a2 MyDrivers/twi_master_driver.o
 .debug_abbrev  0x000045a4      0x204 MyDrivers/twi_slave_driver.o
 .debug_abbrev  0x000047a8      0x30a MyDrivers/usart_driver_RTOS.o
 .debug_abbrev  0x00004ab2      0x247 system.o
 .debug_abbrev  0x00004cf9      0x278 src/ASF/common/services/clock/xmega/sysclk.o
 .debug_abbrev  0x00004f71       0x90 src/ASF/common/services/ioport/xmega/ioport_compat.o
 .debug_abbrev  0x00005001      0x3db src/ASF/xmega/drivers/nvm/nvm.o
 .debug_abbrev  0x000053dc       0x12 src/ASF/xmega/drivers/nvm/nvm_asm.o
 .debug_abbrev  0x000053ee       0x14 src/ASF/xmega/drivers/cpu/ccp.o

.debug_line     0x00000000     0x91c3
 *(.debug_line .debug_line.* .debug_line_end)
 .debug_line    0x00000000      0x22c cspTask.o
 .debug_line    0x0000022c      0x2a7 csp_interface.o
 .debug_line    0x000004d3      0x167 FreeRTOS/Port/heap_1.o
 .debug_line    0x0000063a      0x327 FreeRTOS/Port/port.o
 .debug_line    0x00000961      0x35c FreeRTOS/Source/croutine.o
 .debug_line    0x00000cbd      0x1a2 FreeRTOS/Source/list.o
 .debug_line    0x00000e5f      0x74f FreeRTOS/Source/queue.o
 .debug_line    0x000015ae      0xc96 FreeRTOS/Source/tasks.o
 .debug_line    0x00002244      0x4fa FreeRTOS/Source/timers.o
 .debug_line    0x0000273e      0x120 libscp/src/arch/freertos/csp_malloc.o
 .debug_line    0x0000285e      0x27f libscp/src/arch/freertos/csp_queue.o
 .debug_line    0x00002add      0x26c libscp/src/arch/freertos/csp_semaphore.o
 .debug_line    0x00002d49      0x2d5 libscp/src/arch/freertos/csp_system.o
 .debug_line    0x0000301e      0x137 libscp/src/arch/freertos/csp_thread.o
 .debug_line    0x00003155      0x16a libscp/src/arch/freertos/csp_time.o
 .debug_line    0x000032bf       0x1a libscp/src/crypto/csp_hmac.o
 .debug_line    0x000032d9       0x1a libscp/src/crypto/csp_sha1.o
 .debug_line    0x000032f3       0x1a libscp/src/crypto/csp_xtea.o
 .debug_line    0x0000330d      0x3e4 libscp/src/csp_buffer.o
 .debug_line    0x000036f1      0x5f0 libscp/src/csp_conn.o
 .debug_line    0x00003ce1      0x231 libscp/src/csp_crc32.o
 .debug_line    0x00003f12      0x2c2 libscp/src/csp_debug.o
 .debug_line    0x000041d4      0x428 libscp/src/csp_endian.o
 .debug_line    0x000045fc      0x64d libscp/src/csp_io.o
 .debug_line    0x00004c49      0x2a7 libscp/src/csp_port.o
 .debug_line    0x00004ef0      0x6e4 libscp/src/csp_route.o
 .debug_line    0x000055d4      0x47a libscp/src/csp_services.o
 .debug_line    0x00005a4e      0x4ab libscp/src/csp_service_handler.o
 .debug_line    0x00005ef9      0x330 libscp/src/csp_sfp.o
 .debug_line    0x00006229      0x1fb libscp/src/interfaces/csp_if_i2c.o
 .debug_line    0x00006424      0x101 libscp/src/interfaces/csp_if_lo.o
 .debug_line    0x00006525       0x1a libscp/src/transport/csp_rdp.o
 .debug_line    0x0000653f      0x1bd libscp/src/transport/csp_udp.o
 .debug_line    0x000066fc      0x2b7 main.o
 .debug_line    0x000069b3      0x3a9 mainTask.o
 .debug_line    0x00006d5c      0x1ca MyDrivers/port_driver.o
 .debug_line    0x00006f26      0x355 MyDrivers/TC_driver.o
 .debug_line    0x0000727b      0x400 MyDrivers/twi_master_driver.o
 .debug_line    0x0000767b      0x3a3 MyDrivers/twi_slave_driver.o
 .debug_line    0x00007a1e      0x627 MyDrivers/usart_driver_RTOS.o
 .debug_line    0x00008045      0x26c system.o
 .debug_line    0x000082b1      0x353 src/ASF/common/services/clock/xmega/sysclk.o
 .debug_line    0x00008604      0x166 src/ASF/common/services/ioport/xmega/ioport_compat.o
 .debug_line    0x0000876a      0x8cc src/ASF/xmega/drivers/nvm/nvm.o
 .debug_line    0x00009036      0x11f src/ASF/xmega/drivers/nvm/nvm_asm.o
 .debug_line    0x00009155       0x6e src/ASF/xmega/drivers/cpu/ccp.o

.debug_frame    0x00000000     0x2d40
 *(.debug_frame)
 .debug_frame   0x00000000       0x24 cspTask.o
 .debug_frame   0x00000024      0x138 csp_interface.o
 .debug_frame   0x0000015c       0x60 FreeRTOS/Port/heap_1.o
 .debug_frame   0x000001bc       0x64 FreeRTOS/Port/port.o
 .debug_frame   0x00000220       0xc4 FreeRTOS/Source/croutine.o
 .debug_frame   0x000002e4       0x7c FreeRTOS/Source/list.o
 .debug_frame   0x00000360      0x208 FreeRTOS/Source/queue.o
 .debug_frame   0x00000568      0x43c FreeRTOS/Source/tasks.o
 .debug_frame   0x000009a4      0x160 FreeRTOS/Source/timers.o
 .debug_frame   0x00000b04       0x34 libscp/src/arch/freertos/csp_malloc.o
 .debug_frame   0x00000b38       0x94 libscp/src/arch/freertos/csp_queue.o
 .debug_frame   0x00000bcc       0xbc libscp/src/arch/freertos/csp_semaphore.o
 .debug_frame   0x00000c88       0xb8 libscp/src/arch/freertos/csp_system.o
 .debug_frame   0x00000d40       0x48 libscp/src/arch/freertos/csp_thread.o
 .debug_frame   0x00000d88       0x54 libscp/src/arch/freertos/csp_time.o
 .debug_frame   0x00000ddc      0x118 libscp/src/csp_buffer.o
 .debug_frame   0x00000ef4      0x224 libscp/src/csp_conn.o
 .debug_frame   0x00001118       0xa8 libscp/src/csp_crc32.o
 .debug_frame   0x000011c0       0xa4 libscp/src/csp_debug.o
 .debug_frame   0x00001264      0x2a4 libscp/src/csp_endian.o
 .debug_frame   0x00001508      0x2fc libscp/src/csp_io.o
 .debug_frame   0x00001804       0x60 libscp/src/csp_port.o
 .debug_frame   0x00001864      0x1a8 libscp/src/csp_route.o
 .debug_frame   0x00001a0c      0x2e4 libscp/src/csp_services.o
 .debug_frame   0x00001cf0       0x7c libscp/src/csp_service_handler.o
 .debug_frame   0x00001d6c       0xf4 libscp/src/csp_sfp.o
 .debug_frame   0x00001e60       0x98 libscp/src/interfaces/csp_if_i2c.o
 .debug_frame   0x00001ef8       0x24 libscp/src/interfaces/csp_if_lo.o
 .debug_frame   0x00001f1c       0x40 libscp/src/transport/csp_udp.o
 .debug_frame   0x00001f5c       0x58 main.o
 .debug_frame   0x00001fb4      0x134 mainTask.o
 .debug_frame   0x000020e8       0x50 MyDrivers/port_driver.o
 .debug_frame   0x00002138      0x174 MyDrivers/TC_driver.o
 .debug_frame   0x000022ac       0xf0 MyDrivers/twi_master_driver.o
 .debug_frame   0x0000239c       0xc8 MyDrivers/twi_slave_driver.o
 .debug_frame   0x00002464      0x494 MyDrivers/usart_driver_RTOS.o
 .debug_frame   0x000028f8       0x6c system.o
 .debug_frame   0x00002964       0x64 src/ASF/common/services/clock/xmega/sysclk.o
 .debug_frame   0x000029c8       0x30 src/ASF/common/services/ioport/xmega/ioport_compat.o
 .debug_frame   0x000029f8      0x348 src/ASF/xmega/drivers/nvm/nvm.o

.debug_str      0x00000000     0x5567
 *(.debug_str)
 .debug_str     0x00000000      0x364 cspTask.o
                                0x3c7 (size before relaxing)
 .debug_str     0x00000364      0x4d6 csp_interface.o
                                0x6c0 (size before relaxing)
 .debug_str     0x0000083a       0xbe FreeRTOS/Port/heap_1.o
                                0x23a (size before relaxing)
 .debug_str     0x000008f8      0x634 FreeRTOS/Port/port.o
                                0x7f1 (size before relaxing)
 .debug_str     0x00000f2c      0x39e FreeRTOS/Source/croutine.o
                                0x542 (size before relaxing)
 .debug_str     0x000012ca       0x62 FreeRTOS/Source/list.o
                                0x2ad (size before relaxing)
 .debug_str     0x0000132c      0x3e9 FreeRTOS/Source/queue.o
                                0x69e (size before relaxing)
 .debug_str     0x00001715      0x5d1 FreeRTOS/Source/tasks.o
                                0xad9 (size before relaxing)
 .debug_str     0x00001ce6      0x336 FreeRTOS/Source/timers.o
                                0x770 (size before relaxing)
 .debug_str     0x0000201c       0x3d libscp/src/arch/freertos/csp_malloc.o
                                0x1c2 (size before relaxing)
 .debug_str     0x00002059       0xe4 libscp/src/arch/freertos/csp_queue.o
                                0x336 (size before relaxing)
 .debug_str     0x0000213d      0x103 libscp/src/arch/freertos/csp_semaphore.o
                                0x31e (size before relaxing)
 .debug_str     0x00002240      0x179 libscp/src/arch/freertos/csp_system.o
                                0x34a (size before relaxing)
 .debug_str     0x000023b9       0x83 libscp/src/arch/freertos/csp_thread.o
                                0x287 (size before relaxing)
 .debug_str     0x0000243c       0x59 libscp/src/arch/freertos/csp_time.o
                                0x20f (size before relaxing)
 .debug_str     0x00002495       0x20 libscp/src/crypto/csp_hmac.o
                                0x182 (size before relaxing)
 .debug_str     0x000024b5       0x20 libscp/src/crypto/csp_sha1.o
                                0x182 (size before relaxing)
 .debug_str     0x000024d5       0x20 libscp/src/crypto/csp_xtea.o
                                0x182 (size before relaxing)
 .debug_str     0x000024f5      0x14a libscp/src/csp_buffer.o
                                0x3e6 (size before relaxing)
 .debug_str     0x0000263f      0x1d0 libscp/src/csp_conn.o
                                0x538 (size before relaxing)
 .debug_str     0x0000280f       0x79 libscp/src/csp_crc32.o
                                0x24d (size before relaxing)
 .debug_str     0x00002888      0x170 libscp/src/csp_debug.o
                                0x3dd (size before relaxing)
 .debug_str     0x000029f8       0xeb libscp/src/csp_endian.o
                                0x288 (size before relaxing)
 .debug_str     0x00002ae3      0x208 libscp/src/csp_io.o
                                0x5fe (size before relaxing)
 .debug_str     0x00002ceb       0x77 libscp/src/csp_port.o
                                0x3a5 (size before relaxing)
 .debug_str     0x00002d62      0x1f4 libscp/src/csp_route.o
                                0x6f2 (size before relaxing)
 .debug_str     0x00002f56      0x106 libscp/src/csp_services.o
                                0x4d1 (size before relaxing)
 .debug_str     0x0000305c       0xab libscp/src/csp_service_handler.o
                                0x5b5 (size before relaxing)
 .debug_str     0x00003107       0x9f libscp/src/csp_sfp.o
                                0x3c7 (size before relaxing)
 .debug_str     0x000031a6       0x54 libscp/src/interfaces/csp_if_i2c.o
                                0x395 (size before relaxing)
 .debug_str     0x000031fa       0x2f libscp/src/interfaces/csp_if_lo.o
                                0x2c4 (size before relaxing)
 .debug_str     0x00003229       0x22 libscp/src/transport/csp_rdp.o
                                0x197 (size before relaxing)
 .debug_str     0x0000324b       0x22 libscp/src/transport/csp_udp.o
                                0x327 (size before relaxing)
 .debug_str     0x0000326d      0x175 main.o
                                0x542 (size before relaxing)
 .debug_str     0x000033e2       0x96 mainTask.o
                                0x574 (size before relaxing)
 .debug_str     0x00003478      0x312 MyDrivers/port_driver.o
                                0x552 (size before relaxing)
 .debug_str     0x0000378a      0x697 MyDrivers/TC_driver.o
                                0xcc4 (size before relaxing)
 .debug_str     0x00003e21      0x2f9 MyDrivers/twi_master_driver.o
                                0x657 (size before relaxing)
 .debug_str     0x0000411a      0x12f MyDrivers/twi_slave_driver.o
                                0x574 (size before relaxing)
 .debug_str     0x00004249      0x428 MyDrivers/usart_driver_RTOS.o
                                0x8ec (size before relaxing)
 .debug_str     0x00004671      0x180 system.o
                                0x983 (size before relaxing)
 .debug_str     0x000047f1      0x3f5 src/ASF/common/services/clock/xmega/sysclk.o
                                0x629 (size before relaxing)
 .debug_str     0x00004be6       0x77 src/ASF/common/services/ioport/xmega/ioport_compat.o
                                0x231 (size before relaxing)
 .debug_str     0x00004c5d      0x90a src/ASF/xmega/drivers/nvm/nvm.o
                                0xb3b (size before relaxing)

.debug_loc      0x00000000     0xd2b8
 *(.debug_loc)
 .debug_loc     0x00000000       0x6e cspTask.o
 .debug_loc     0x0000006e      0x385 csp_interface.o
 .debug_loc     0x000003f3       0xf1 FreeRTOS/Port/heap_1.o
 .debug_loc     0x000004e4      0x281 FreeRTOS/Port/port.o
 .debug_loc     0x00000765      0x3f9 FreeRTOS/Source/croutine.o
 .debug_loc     0x00000b5e       0xfe FreeRTOS/Source/list.o
 .debug_loc     0x00000c5c      0xc30 FreeRTOS/Source/queue.o
 .debug_loc     0x0000188c     0x14c5 FreeRTOS/Source/tasks.o
 .debug_loc     0x00002d51      0xad5 FreeRTOS/Source/timers.o
 .debug_loc     0x00003826       0x4c libscp/src/arch/freertos/csp_malloc.o
 .debug_loc     0x00003872      0x276 libscp/src/arch/freertos/csp_queue.o
 .debug_loc     0x00003ae8      0x294 libscp/src/arch/freertos/csp_semaphore.o
 .debug_loc     0x00003d7c      0x311 libscp/src/arch/freertos/csp_system.o
 .debug_loc     0x0000408d      0x167 libscp/src/arch/freertos/csp_thread.o
 .debug_loc     0x000041f4      0x4a3 libscp/src/csp_buffer.o
 .debug_loc     0x00004697      0xa8f libscp/src/csp_conn.o
 .debug_loc     0x00005126      0x30f libscp/src/csp_crc32.o
 .debug_loc     0x00005435      0x279 libscp/src/csp_debug.o
 .debug_loc     0x000056ae      0x782 libscp/src/csp_endian.o
 .debug_loc     0x00005e30     0x13d5 libscp/src/csp_io.o
 .debug_loc     0x00007205      0x1f1 libscp/src/csp_port.o
 .debug_loc     0x000073f6      0x85c libscp/src/csp_route.o
 .debug_loc     0x00007c52      0xe05 libscp/src/csp_services.o
 .debug_loc     0x00008a57      0x4eb libscp/src/csp_service_handler.o
 .debug_loc     0x00008f42      0x69f libscp/src/csp_sfp.o
 .debug_loc     0x000095e1      0x2e7 libscp/src/interfaces/csp_if_i2c.o
 .debug_loc     0x000098c8       0x88 libscp/src/interfaces/csp_if_lo.o
 .debug_loc     0x00009950       0xe3 libscp/src/transport/csp_udp.o
 .debug_loc     0x00009a33       0x96 main.o
 .debug_loc     0x00009ac9      0x3f2 mainTask.o
 .debug_loc     0x00009ebb      0x15d MyDrivers/port_driver.o
 .debug_loc     0x0000a018      0x378 MyDrivers/TC_driver.o
 .debug_loc     0x0000a390      0x631 MyDrivers/twi_master_driver.o
 .debug_loc     0x0000a9c1      0x3df MyDrivers/twi_slave_driver.o
 .debug_loc     0x0000ada0     0x1098 MyDrivers/usart_driver_RTOS.o
 .debug_loc     0x0000be38       0xa4 system.o
 .debug_loc     0x0000bedc      0x235 src/ASF/common/services/clock/xmega/sysclk.o
 .debug_loc     0x0000c111       0x66 src/ASF/common/services/ioport/xmega/ioport_compat.o
 .debug_loc     0x0000c177     0x1141 src/ASF/xmega/drivers/nvm/nvm.o

.debug_macinfo
 *(.debug_macinfo)

.debug_weaknames
 *(.debug_weaknames)

.debug_funcnames
 *(.debug_funcnames)

.debug_typenames
 *(.debug_typenames)

.debug_varnames
 *(.debug_varnames)

.debug_pubtypes
 *(.debug_pubtypes)

.debug_ranges   0x00000000      0xbe8
 *(.debug_ranges)
 .debug_ranges  0x00000000       0x10 cspTask.o
 .debug_ranges  0x00000010       0x40 csp_interface.o
 .debug_ranges  0x00000050       0x28 FreeRTOS/Port/heap_1.o
 .debug_ranges  0x00000078       0x30 FreeRTOS/Port/port.o
 .debug_ranges  0x000000a8       0x40 FreeRTOS/Source/croutine.o
 .debug_ranges  0x000000e8       0x30 FreeRTOS/Source/list.o
 .debug_ranges  0x00000118       0x80 FreeRTOS/Source/queue.o
 .debug_ranges  0x00000198      0x148 FreeRTOS/Source/tasks.o
 .debug_ranges  0x000002e0       0xa8 FreeRTOS/Source/timers.o
 .debug_ranges  0x00000388       0x18 libscp/src/arch/freertos/csp_malloc.o
 .debug_ranges  0x000003a0       0x48 libscp/src/arch/freertos/csp_queue.o
 .debug_ranges  0x000003e8       0x50 libscp/src/arch/freertos/csp_semaphore.o
 .debug_ranges  0x00000438       0x30 libscp/src/arch/freertos/csp_system.o
 .debug_ranges  0x00000468       0x10 libscp/src/arch/freertos/csp_thread.o
 .debug_ranges  0x00000478       0x28 libscp/src/arch/freertos/csp_time.o
 .debug_ranges  0x000004a0       0x48 libscp/src/csp_buffer.o
 .debug_ranges  0x000004e8       0x90 libscp/src/csp_conn.o
 .debug_ranges  0x00000578       0x20 libscp/src/csp_crc32.o
 .debug_ranges  0x00000598       0x30 libscp/src/csp_debug.o
 .debug_ranges  0x000005c8       0x98 libscp/src/csp_endian.o
 .debug_ranges  0x00000660       0x88 libscp/src/csp_io.o
 .debug_ranges  0x000006e8       0x28 libscp/src/csp_port.o
 .debug_ranges  0x00000710       0x80 libscp/src/csp_route.o
 .debug_ranges  0x00000790       0x48 libscp/src/csp_services.o
 .debug_ranges  0x000007d8       0x18 libscp/src/csp_service_handler.o
 .debug_ranges  0x000007f0       0x48 libscp/src/csp_sfp.o
 .debug_ranges  0x00000838       0x20 libscp/src/interfaces/csp_if_i2c.o
 .debug_ranges  0x00000858       0x10 libscp/src/interfaces/csp_if_lo.o
 .debug_ranges  0x00000868       0x10 libscp/src/transport/csp_udp.o
 .debug_ranges  0x00000878       0x18 main.o
 .debug_ranges  0x00000890       0x28 mainTask.o
 .debug_ranges  0x000008b8       0x20 MyDrivers/port_driver.o
 .debug_ranges  0x000008d8       0xb8 MyDrivers/TC_driver.o
 .debug_ranges  0x00000990       0x60 MyDrivers/twi_master_driver.o
 .debug_ranges  0x000009f0       0x50 MyDrivers/twi_slave_driver.o
 .debug_ranges  0x00000a40       0x80 MyDrivers/usart_driver_RTOS.o
 .debug_ranges  0x00000ac0       0x18 system.o
 .debug_ranges  0x00000ad8       0x30 src/ASF/common/services/clock/xmega/sysclk.o
 .debug_ranges  0x00000b08       0x10 src/ASF/common/services/ioport/xmega/ioport_compat.o
 .debug_ranges  0x00000b18       0xb0 src/ASF/xmega/drivers/nvm/nvm.o
 .debug_ranges  0x00000bc8       0x20 src/ASF/xmega/drivers/nvm/nvm_asm.o

.debug_macro
 *(.debug_macro)
OUTPUT(main.elf elf32-avr)
LOAD linker stubs